 lomox

 Timestamp is 55689717 (Sat May 30 00:43:03 2015)

 Preferred load address is 10000000

 Start         Length     Name                   Class
 0001:00000000 00006005H .text$di                CODE
 0001:00006010 00029853H .text$mn                CODE
 0001:0002f870 00005ccdH .text$x                 CODE
 0001:00035540 000021eaH .text$yd                CODE
 0002:00000000 00000104H .CRT$XCA                DATA
 0002:00000104 000004a3H .CRT$XCU                DATA
 0002:000005a8 00000104H .CRT$XCZ                DATA
 0002:000006ac 00000104H .CRT$XIA                DATA
 0002:000007b0 00000104H .CRT$XIAA               DATA
 0002:000008b4 00000104H .CRT$XIC                DATA
 0002:000009b8 00000104H .CRT$XIZ                DATA
 0002:00000ac0 00005f50H .rdata                  DATA
 0002:00006a10 00000173H .rdata$debug            DATA
 0002:00006b84 00001312H .rdata$r                DATA
 0002:00007ea0 00000499H .rdata$sxdata           DATA
 0002:0000833c 00000104H .rtc$IAA                DATA
 0002:00008440 00000104H .rtc$IZZ                DATA
 0002:00008544 00000104H .rtc$TAA                DATA
 0002:00008648 00000104H .rtc$TZZ                DATA
 0002:00008750 00005526H .xdata$x                DATA
 0002:0000dc80 000039c4H .edata                  DATA
 0003:00000000 00000118H .data                   DATA
 0003:00000118 00000774H .data$r                 DATA
 0003:00000890 00000694H .bss                    DATA
 0004:00000000 00000decH .idata$5                DATA
 0004:00000dec 000000f0H .idata$2                DATA
 0004:00000edc 00000014H .idata$3                DATA
 0004:00000ef0 00000decH .idata$4                DATA
 0004:00001cdc 00007493H .idata$6                DATA
 0005:00000000 000001c0H .rsrc$01                DATA
 0005:000001c0 00000683H .rsrc$02                DATA

  Address         Publics by Value              Rva+Base       Lib:Object

 0000:00000000       ___guard_flags             00000000     <absolute>
 0000:00000000       ___guard_fids_table        00000000     <absolute>
 0000:00000000       ___guard_fids_count        00000000     <absolute>
 0000:00000000       __except_list              00000000     <absolute>
 0000:000000c0       ___safe_se_handler_count   000000c0     <absolute>
 0000:00009876       __ldused                   00009876     <absolute>
 0000:00009876       __fltused                  00009876     <absolute>
 0000:00000000       ___ImageBase               10000000     <linker-defined>
 0001:00006010       ?metaObject@LxBaseWin@@UBEPBUQMetaObject@@XZ 10007010 f   moc_lxbasewin.obj
 0001:00006050       ?qt_metacast@LxBaseWin@@UAEPAXPBD@Z 10007050 f   moc_lxbasewin.obj
 0001:00006090       ?qt_metacall@LxBaseWin@@UAEHW4Call@QMetaObject@@HPAPAX@Z 10007090 f   moc_lxbasewin.obj
 0001:00006120       ?qt_static_metacall@LxBaseWin@@CAXPAVQObject@@W4Call@QMetaObject@@HPAPAX@Z 10007120 f   moc_lxbasewin.obj
 0001:000061b0       ??$_Allocate@D@std@@YAPADIPAD@Z 100071b0 f i moc_lxbasewin.obj
 0001:00006200       ??$addressof@D@std@@YAPADAAD@Z 10007200 f i moc_lxbasewin.obj
 0001:00006210       ??$construct@PADAAPAD@?$_Wrap_alloc@V?$allocator@D@std@@@std@@QAEXPAPADAAPAD@Z 10007210 f i moc_lxbasewin.obj
 0001:00006250       ??$construct@PADAAPAD@?$allocator@D@std@@QAEXPAPADAAPAD@Z 10007250 f i moc_lxbasewin.obj
 0001:00006300       ??$construct@PADAAPAD@?$allocator_traits@V?$allocator@D@std@@@std@@SAXAAV?$allocator@D@1@PAPADAAPAD@Z 10007300 f i moc_lxbasewin.obj
 0001:00006330       ??$destroy@PAD@?$_Wrap_alloc@V?$allocator@D@std@@@std@@QAEXPAPAD@Z 10007330 f i moc_lxbasewin.obj
 0001:00006360       ??$destroy@PAD@?$allocator@D@std@@QAEXPAPAD@Z 10007360 f i moc_lxbasewin.obj
 0001:00006370       ??$destroy@PAD@?$allocator_traits@V?$allocator@D@std@@@std@@SAXAAV?$allocator@D@1@PAPAD@Z 10007370 f i moc_lxbasewin.obj
 0001:00006390       ??$forward@AAPAD@std@@YAAAPADAAPAD@Z 10007390 f i moc_lxbasewin.obj
 0001:000063a0       ??0?$_String_alloc@$0A@U?$_String_base_types@DV?$allocator@D@std@@@std@@@std@@QAE@ABV?$allocator@D@1@@Z 100073a0 f i moc_lxbasewin.obj
 0001:000063c0       ??0?$_String_val@U?$_Simple_types@D@std@@@std@@QAE@XZ 100073c0 f i moc_lxbasewin.obj
 0001:000063f0       ??0?$_Wrap_alloc@V?$allocator@D@std@@@std@@QAE@XZ 100073f0 f i moc_lxbasewin.obj
 0001:00006410       ??0?$allocator@D@std@@QAE@XZ 10007410 f i moc_lxbasewin.obj
 0001:00006430       ??0?$basic_string@DU?$char_traits@D@std@@V?$allocator@D@2@@std@@QAE@PBD@Z 10007430 f i moc_lxbasewin.obj
 0001:00006480       ??0_Generic_error_category@std@@QAE@XZ 10007480 f i moc_lxbasewin.obj
 0001:000064b0       ??0_Ignore@std@@QAE@XZ     100074b0 f i moc_lxbasewin.obj
 0001:000064d0       ??0_Iostream_error_category@std@@QAE@XZ 100074d0 f i moc_lxbasewin.obj
 0001:00006500       ??0_System_error_category@std@@QAE@XZ 10007500 f i moc_lxbasewin.obj
 0001:00006530       ??0error_category@std@@QAE@XZ 10007530 f i moc_lxbasewin.obj
 0001:00006550       ??0error_condition@std@@QAE@HABVerror_category@1@@Z 10007550 f i moc_lxbasewin.obj
 0001:00006580       ??1_Generic_error_category@std@@UAE@XZ 10007580 f i moc_lxbasewin.obj
 0001:000065a0       ??1_Iostream_error_category@std@@UAE@XZ 100075a0 f i moc_lxbasewin.obj
 0001:000065c0       ??1_System_error_category@std@@UAE@XZ 100075c0 f i moc_lxbasewin.obj
 0001:000065e0       ??1error_category@std@@UAE@XZ 100075e0 f i moc_lxbasewin.obj
 0001:00006600       ??2@YAPAXIPAX@Z            10007600 f i moc_lxbasewin.obj
 0001:00006610       ??3@YAXPAX0@Z              10007610 f i moc_lxbasewin.obj
 0001:00006620       ??8error_category@std@@QBE_NABV01@@Z 10007620 f i moc_lxbasewin.obj
 0001:00006660       ??8error_condition@std@@QBE_NABV01@@Z 10007660 f i moc_lxbasewin.obj
 0001:000066d0       ??C?$QScopedPointer@VQObjectData@@U?$QScopedPointerDeleter@VQObjectData@@@@@@QBEPAVQObjectData@@XZ 100076d0 f i moc_lxbasewin.obj
 0001:000066f0       ??_FLxBaseWin@@QAEXXZ      100076f0 f i moc_lxbasewin.obj
 0001:00006710       ??_FLxOperate@@QAEXXZ      10007710 f i moc_lxbasewin.obj
 0001:00006750       ??_E_Generic_error_category@std@@UAEPAXI@Z 10007750 f i moc_lxbasewin.obj
 0001:00006750       ??_G_Generic_error_category@std@@UAEPAXI@Z 10007750 f i moc_lxbasewin.obj
 0001:00006790       ??_G_Iostream_error_category@std@@UAEPAXI@Z 10007790 f i moc_lxbasewin.obj
 0001:00006790       ??_E_Iostream_error_category@std@@UAEPAXI@Z 10007790 f i moc_lxbasewin.obj
 0001:000067d0       ??_E_System_error_category@std@@UAEPAXI@Z 100077d0 f i moc_lxbasewin.obj
 0001:000067d0       ??_G_System_error_category@std@@UAEPAXI@Z 100077d0 f i moc_lxbasewin.obj
 0001:00006810       ??_Eerror_category@std@@UAEPAXI@Z 10007810 f i moc_lxbasewin.obj
 0001:00006810       ??_Gerror_category@std@@UAEPAXI@Z 10007810 f i moc_lxbasewin.obj
 0001:00006850       ?_Copy@?$basic_string@DU?$char_traits@D@std@@V?$allocator@D@2@@std@@QAEXII@Z 10007850 f i moc_lxbasewin.obj
 0001:00006a80       ?_Eos@?$basic_string@DU?$char_traits@D@std@@V?$allocator@D@2@@std@@QAEXI@Z 10007a80 f i moc_lxbasewin.obj
 0001:00006ad0       ?_Getal@?$_String_alloc@$0A@U?$_String_base_types@DV?$allocator@D@std@@@std@@@std@@QBE?AU?$_Wrap_alloc@V?$allocator@D@std@@@2@XZ 10007ad0 f i moc_lxbasewin.obj
 0001:00006af0       ?_Grow@?$basic_string@DU?$char_traits@D@std@@V?$allocator@D@2@@std@@QAE_NI_N@Z 10007af0 f i moc_lxbasewin.obj
 0001:00006bc0       ?_Inside@?$basic_string@DU?$char_traits@D@std@@V?$allocator@D@2@@std@@QAE_NPBD@Z 10007bc0 f i moc_lxbasewin.obj
 0001:00006c10       ?_Myptr@?$_String_val@U?$_Simple_types@D@std@@@std@@QAEPADXZ 10007c10 f i moc_lxbasewin.obj
 0001:00006c50       ?_Myptr@?$_String_val@U?$_Simple_types@D@std@@@std@@QBEPBDXZ 10007c50 f i moc_lxbasewin.obj
 0001:00006c90       ?_Tidy@?$basic_string@DU?$char_traits@D@std@@V?$allocator@D@2@@std@@QAEX_NI@Z 10007c90 f i moc_lxbasewin.obj
 0001:00006d60       ?_Xlen@?$basic_string@DU?$char_traits@D@std@@V?$allocator@D@2@@std@@QBEXXZ 10007d60 f i moc_lxbasewin.obj
 0001:00006d80       ?_Xran@?$basic_string@DU?$char_traits@D@std@@V?$allocator@D@2@@std@@QBEXXZ 10007d80 f i moc_lxbasewin.obj
 0001:00006da0       ?allocate@?$_Wrap_alloc@V?$allocator@D@std@@@std@@QAEPADI@Z 10007da0 f i moc_lxbasewin.obj
 0001:00006dc0       ?allocate@?$allocator@D@std@@QAEPADI@Z 10007dc0 f i moc_lxbasewin.obj
 0001:00006df0       ?assign@?$basic_string@DU?$char_traits@D@std@@V?$allocator@D@2@@std@@QAEAAV12@ABV12@II@Z 10007df0 f i moc_lxbasewin.obj
 0001:00006ed0       ?assign@?$basic_string@DU?$char_traits@D@std@@V?$allocator@D@2@@std@@QAEAAV12@PBD@Z 10007ed0 f i moc_lxbasewin.obj
 0001:00006f00       ?assign@?$basic_string@DU?$char_traits@D@std@@V?$allocator@D@2@@std@@QAEAAV12@PBDI@Z 10007f00 f i moc_lxbasewin.obj
 0001:00006fa0       ?assign@?$char_traits@D@std@@SAXAADABD@Z 10007fa0 f i moc_lxbasewin.obj
 0001:00006fc0       ?category@error_code@std@@QBEABVerror_category@2@XZ 10007fc0 f i moc_lxbasewin.obj
 0001:00006fe0       ?category@error_condition@std@@QBEABVerror_category@2@XZ 10007fe0 f i moc_lxbasewin.obj
 0001:00007000       ?copy@?$char_traits@D@std@@SAPADPADPBDI@Z 10008000 f i moc_lxbasewin.obj
 0001:00007040       ?deallocate@?$_Wrap_alloc@V?$allocator@D@std@@@std@@QAEXPADI@Z 10008040 f i moc_lxbasewin.obj
 0001:00007070       ?deallocate@?$allocator@D@std@@QAEXPADI@Z 10008070 f i moc_lxbasewin.obj
 0001:00007090       ?default_error_condition@_System_error_category@std@@UBE?AVerror_condition@2@H@Z 10008090 f i moc_lxbasewin.obj
 0001:000070f0       ?default_error_condition@error_category@std@@UBE?AVerror_condition@2@H@Z 100080f0 f i moc_lxbasewin.obj
 0001:00007120       ?equivalent@error_category@std@@UBE_NABVerror_code@2@H@Z 10008120 f i moc_lxbasewin.obj
 0001:00007180       ?equivalent@error_category@std@@UBE_NHABVerror_condition@2@@Z 10008180 f i moc_lxbasewin.obj
 0001:000071c0       ?erase@?$basic_string@DU?$char_traits@D@std@@V?$allocator@D@2@@std@@QAEAAV12@I@Z 100081c0 f i moc_lxbasewin.obj
 0001:00007200       ?erase@?$basic_string@DU?$char_traits@D@std@@V?$allocator@D@2@@std@@QAEAAV12@II@Z 10008200 f i moc_lxbasewin.obj
 0001:000072b0       ?generic_category@std@@YAABVerror_category@1@XZ 100082b0 f i moc_lxbasewin.obj
 0001:000072c0       ?length@?$char_traits@D@std@@SAIPBD@Z 100082c0 f i moc_lxbasewin.obj
 0001:00007300       ?max_size@?$_Wrap_alloc@V?$allocator@D@std@@@std@@QBEIXZ 10008300 f i moc_lxbasewin.obj
 0001:00007320       ?max_size@?$allocator@D@std@@QBEIXZ 10008320 f i moc_lxbasewin.obj
 0001:00007340       ?max_size@?$allocator_traits@V?$allocator@D@std@@@std@@SAIABV?$allocator@D@2@@Z 10008340 f i moc_lxbasewin.obj
 0001:00007350       ?max_size@?$basic_string@DU?$char_traits@D@std@@V?$allocator@D@2@@std@@QBEIXZ 10008350 f i moc_lxbasewin.obj
 0001:000073a0       ?message@_Generic_error_category@std@@UBE?AV?$basic_string@DU?$char_traits@D@std@@V?$allocator@D@2@@2@H@Z 100083a0 f i moc_lxbasewin.obj
 0001:00007410       ?message@_Iostream_error_category@std@@UBE?AV?$basic_string@DU?$char_traits@D@std@@V?$allocator@D@2@@2@H@Z 10008410 f i moc_lxbasewin.obj
 0001:00007480       ?message@_System_error_category@std@@UBE?AV?$basic_string@DU?$char_traits@D@std@@V?$allocator@D@2@@2@H@Z 10008480 f i moc_lxbasewin.obj
 0001:000074f0       ?move@?$char_traits@D@std@@SAPADPADPBDI@Z 100084f0 f i moc_lxbasewin.obj
 0001:00007530       ?name@_Generic_error_category@std@@UBEPBDXZ 10008530 f i moc_lxbasewin.obj
 0001:00007550       ?name@_Iostream_error_category@std@@UBEPBDXZ 10008550 f i moc_lxbasewin.obj
 0001:00007570       ?name@_System_error_category@std@@UBEPBDXZ 10008570 f i moc_lxbasewin.obj
 0001:00007590       ?qt_noop@@YAXXZ            10008590 f i moc_lxbasewin.obj
 0001:000075a0       ?size@?$basic_string@DU?$char_traits@D@std@@V?$allocator@D@2@@std@@QBEIXZ 100085a0 f i moc_lxbasewin.obj
 0001:000075c0       ?system_category@std@@YAABVerror_category@1@XZ 100085c0 f i moc_lxbasewin.obj
 0001:000075d0       ?tr@LxBaseWin@@SA?AVQString@@PBD0H@Z 100085d0 f i moc_lxbasewin.obj
 0001:00007620       ?tr@LxOperate@@SA?AVQString@@PBD0H@Z 10008620 f i moc_lxbasewin.obj
 0001:00007670       ?trUtf8@LxBaseWin@@SA?AVQString@@PBD0H@Z 10008670 f i moc_lxbasewin.obj
 0001:000076c0       ?trUtf8@LxOperate@@SA?AVQString@@PBD0H@Z 100086c0 f i moc_lxbasewin.obj
 0001:00007710       ?value@error_code@std@@QBEHXZ 10008710 f i moc_lxbasewin.obj
 0001:00007730       ?value@error_condition@std@@QBEHXZ 10008730 f i moc_lxbasewin.obj
 0001:00007750       _hypot                     10008750 f i moc_lxbasewin.obj
 0001:00007790       ?metaObject@LxCoreApplication@@UBEPBUQMetaObject@@XZ 10008790 f   moc_lxcoreapplication.obj
 0001:000077d0       ?qt_metacast@LxCoreApplication@@UAEPAXPBD@Z 100087d0 f   moc_lxcoreapplication.obj
 0001:00007810       ?qt_metacall@LxCoreApplication@@UAEHW4Call@QMetaObject@@HPAPAX@Z 10008810 f   moc_lxcoreapplication.obj
 0001:00007b00       ?qt_static_metacall@LxCoreApplication@@CAXPAVQObject@@W4Call@QMetaObject@@HPAPAX@Z 10008b00 f   moc_lxcoreapplication.obj
 0001:00008000       ??0LxCoreApplicationPrivate@@AAE@XZ 10009000 f i moc_lxcoreapplication.obj
 0001:00008060       ??_ELxCoreApplicationPrivate@@UAEPAXI@Z 10009060 f i moc_lxcoreapplication.obj
 0001:000080f0       ??_FLxDialogs@@QAEXXZ      100090f0 f i moc_lxcoreapplication.obj
 0001:00008110       ??_FLxFile@@QAEXXZ         10009110 f i moc_lxcoreapplication.obj
 0001:00008130       ??_FLxLibrary@@QAEXXZ      10009130 f i moc_lxcoreapplication.obj
 0001:00008150       ??_FLxMainWindow@@QAEXXZ   10009150 f i moc_lxcoreapplication.obj
 0001:00008170       ??_GLxCoreApplicationPrivate@@UAEPAXI@Z 10009170 f i moc_lxcoreapplication.obj
 0001:000081b0       ?instance@LxCoreApplicationPrivate@@SAPAV1@XZ 100091b0 f i moc_lxcoreapplication.obj
 0001:00008260       ?loadProgress@LxDialogBase@@AAEXH@Z 10009260 f i moc_lxcoreapplication.obj
 0001:00008270       ?loadStarted@LxDialogBase@@AAEXXZ 10009270 f i moc_lxcoreapplication.obj
 0001:00008280       ?tr@LxCoreApplication@@SA?AVQString@@PBD0H@Z 10009280 f i moc_lxcoreapplication.obj
 0001:000082d0       ?tr@LxCoreApplicationPrivate@@SA?AVQString@@PBD0H@Z 100092d0 f i moc_lxcoreapplication.obj
 0001:00008320       ?tr@LxDialogBase@@SA?AVQString@@PBD0H@Z 10009320 f i moc_lxcoreapplication.obj
 0001:00008370       ?tr@LxDialogs@@SA?AVQString@@PBD0H@Z 10009370 f i moc_lxcoreapplication.obj
 0001:000083c0       ?tr@LxFile@@SA?AVQString@@PBD0H@Z 100093c0 f i moc_lxcoreapplication.obj
 0001:00008410       ?tr@LxLibrary@@SA?AVQString@@PBD0H@Z 10009410 f i moc_lxcoreapplication.obj
 0001:00008460       ?tr@LxMainWindow@@SA?AVQString@@PBD0H@Z 10009460 f i moc_lxcoreapplication.obj
 0001:000084b0       ?trUtf8@LxCoreApplication@@SA?AVQString@@PBD0H@Z 100094b0 f i moc_lxcoreapplication.obj
 0001:00008500       ?trUtf8@LxCoreApplicationPrivate@@SA?AVQString@@PBD0H@Z 10009500 f i moc_lxcoreapplication.obj
 0001:00008550       ?trUtf8@LxDialogBase@@SA?AVQString@@PBD0H@Z 10009550 f i moc_lxcoreapplication.obj
 0001:000085a0       ?trUtf8@LxDialogs@@SA?AVQString@@PBD0H@Z 100095a0 f i moc_lxcoreapplication.obj
 0001:000085f0       ?trUtf8@LxFile@@SA?AVQString@@PBD0H@Z 100095f0 f i moc_lxcoreapplication.obj
 0001:00008640       ?trUtf8@LxLibrary@@SA?AVQString@@PBD0H@Z 10009640 f i moc_lxcoreapplication.obj
 0001:00008690       ?trUtf8@LxMainWindow@@SA?AVQString@@PBD0H@Z 10009690 f i moc_lxcoreapplication.obj
 0001:000086e0       ?metaObject@LxCoreApplicationPrivate@@UBEPBUQMetaObject@@XZ 100096e0 f   moc_lxcoreprivate.obj
 0001:00008720       ?qt_metacast@LxCoreApplicationPrivate@@UAEPAXPBD@Z 10009720 f   moc_lxcoreprivate.obj
 0001:00008760       ?qt_metacall@LxCoreApplicationPrivate@@UAEHW4Call@QMetaObject@@HPAPAX@Z 10009760 f   moc_lxcoreprivate.obj
 0001:000087a0       ?qt_static_metacall@LxCoreApplicationPrivate@@CAXPAVQObject@@W4Call@QMetaObject@@HPAPAX@Z 100097a0 f   moc_lxcoreprivate.obj
 0001:000087e0       ?metaObject@LxDialogBase@@UBEPBUQMetaObject@@XZ 100097e0 f   moc_lxdialogoperate.obj
 0001:00008820       ?qt_metacast@LxDialogBase@@UAEPAXPBD@Z 10009820 f   moc_lxdialogoperate.obj
 0001:00008860       ?qt_metacall@LxDialogBase@@UAEHW4Call@QMetaObject@@HPAPAX@Z 10009860 f   moc_lxdialogoperate.obj
 0001:000088f0       ?qt_static_metacall@LxDialogBase@@CAXPAVQObject@@W4Call@QMetaObject@@HPAPAX@Z 100098f0 f   moc_lxdialogoperate.obj
 0001:00009330       ??$acquireMemoryFence@H@?$QGenericAtomicOps@U?$QAtomicOpsBySize@$03@@@@SAXABH@Z 1000a330 f i moc_lxdialogoperate.obj
 0001:00009350       ??$loadAcquire@H@?$QGenericAtomicOps@U?$QAtomicOpsBySize@$03@@@@SAHABH@Z 1000a350 f i moc_lxdialogoperate.obj
 0001:00009380       ??$orderedMemoryFence@H@?$QGenericAtomicOps@U?$QAtomicOpsBySize@$03@@@@SAXABH@Z 1000a380 f i moc_lxdialogoperate.obj
 0001:00009390       ??$qMetaTypeId@VQNetworkRequest@@@@YAHXZ 1000a390 f i moc_lxdialogoperate.obj
 0001:000093a0       ??$qRegisterMetaType@VQNetworkRequest@@@@YAHPBDPAVQNetworkRequest@@W4DefinedType@?$MetaTypeDefinedHelper@VQNetworkRequest@@$00@QtPrivate@@@Z 1000a3a0 f i moc_lxdialogoperate.obj
 0001:00009440       ??$qRegisterMetaType@VQNetworkRequest@@@@YAHXZ 1000a440 f i moc_lxdialogoperate.obj
 0001:00009450       ??$qRegisterNormalizedMetaType@VQNetworkRequest@@@@YAHABVQByteArray@@PAVQNetworkRequest@@W4DefinedType@?$MetaTypeDefinedHelper@VQNetworkRequest@@$00@QtPrivate@@@Z 1000a450 f i moc_lxdialogoperate.obj
 0001:00009560       ??$releaseMemoryFence@H@?$QGenericAtomicOps@U?$QAtomicOpsBySize@$03@@@@SAXABH@Z 1000a560 f i moc_lxdialogoperate.obj
 0001:00009580       ??$storeRelease@HH@?$QGenericAtomicOps@U?$QAtomicOpsBySize@$03@@@@SAXAAHH@Z 1000a580 f i moc_lxdialogoperate.obj
 0001:000095a0       ??0?$QFlags@W4TypeFlag@QMetaType@@@@QAE@VQFlag@@@Z 1000a5a0 f i moc_lxdialogoperate.obj
 0001:000095d0       ??0QFlag@@QAE@H@Z          1000a5d0 f i moc_lxdialogoperate.obj
 0001:000095f0       ??BQFlag@@QBEHXZ           1000a5f0 f i moc_lxdialogoperate.obj
 0001:00009610       ??_5?$QFlags@W4TypeFlag@QMetaType@@@@QAEAAV0@W4TypeFlag@QMetaType@@@Z 1000a610 f i moc_lxdialogoperate.obj
 0001:00009640       ??_GQNetworkRequest@@QAEPAXI@Z 1000a640 f i moc_lxdialogoperate.obj
 0001:00009680       ?Construct@?$QMetaTypeFunctionHelper@VQNetworkRequest@@$00@QtMetaTypePrivate@@SAPAXPAXPBX@Z 1000a680 f i moc_lxdialogoperate.obj
 0001:000097e0       ?Create@?$QMetaTypeFunctionHelper@VQNetworkRequest@@$00@QtMetaTypePrivate@@SAPAXPBX@Z 1000a7e0 f i moc_lxdialogoperate.obj
 0001:00009930       ?Delete@?$QMetaTypeFunctionHelper@VQNetworkRequest@@$00@QtMetaTypePrivate@@SAXPAX@Z 1000a930 f i moc_lxdialogoperate.obj
 0001:00009970       ?Destruct@?$QMetaTypeFunctionHelper@VQNetworkRequest@@$00@QtMetaTypePrivate@@SAXPAX@Z 1000a970 f i moc_lxdialogoperate.obj
 0001:00009990       ?loadAcquire@?$QBasicAtomicInteger@H@@QBEHXZ 1000a990 f i moc_lxdialogoperate.obj
 0001:000099b0       ?qt_metatype_id@?$QMetaTypeId2@VQNetworkRequest@@@@SAHXZ 1000a9b0 f i moc_lxdialogoperate.obj
 0001:000099c0       ?qt_metatype_id@?$QMetaTypeId@VQNetworkRequest@@@@SAHXZ 1000a9c0 f i moc_lxdialogoperate.obj
 0001:00009a20       ?qt_metatype_id@?$QMetaTypeIdHelper@VQNetworkRequest@@$00@QtPrivate@@SAHXZ 1000aa20 f i moc_lxdialogoperate.obj
 0001:00009a30       ?registerConverter@?$AssociativeContainerConverterHelper@VQNetworkRequest@@$0A@@QtPrivate@@SA_NH@Z 1000aa30 f i moc_lxdialogoperate.obj
 0001:00009a40       ?registerConverter@?$IsPair@VQNetworkRequest@@@QtPrivate@@SA_NH@Z 1000aa40 f i moc_lxdialogoperate.obj
 0001:00009a50       ?registerConverter@?$MetaTypeSmartPointerHelper@VQNetworkRequest@@X@QtPrivate@@SA_NH@Z 1000aa50 f i moc_lxdialogoperate.obj
 0001:00009a60       ?registerConverter@?$SequentialContainerConverterHelper@VQNetworkRequest@@$0A@@QtPrivate@@SA_NH@Z 1000aa60 f i moc_lxdialogoperate.obj
 0001:00009a70       ?storeRelease@?$QBasicAtomicInteger@H@@QAEXH@Z 1000aa70 f i moc_lxdialogoperate.obj
 0001:00009aa0       ?value@?$MetaObjectForType@VQNetworkRequest@@$0A@@QtPrivate@@SAPBUQMetaObject@@XZ 1000aaa0 f i moc_lxdialogoperate.obj
 0001:00009ab0       ?metaObject@LxDialogs@@UBEPBUQMetaObject@@XZ 1000aab0 f   moc_lxdialogs.obj
 0001:00009af0       ?qt_metacast@LxDialogs@@UAEPAXPBD@Z 1000aaf0 f   moc_lxdialogs.obj
 0001:00009b30       ?qt_metacall@LxDialogs@@UAEHW4Call@QMetaObject@@HPAPAX@Z 1000ab30 f   moc_lxdialogs.obj
 0001:00009bc0       ?qt_static_metacall@LxDialogs@@CAXPAVQObject@@W4Call@QMetaObject@@HPAPAX@Z 1000abc0 f   moc_lxdialogs.obj
 0001:00009fb0       ??$qMetaTypeId@PAVLxDialogBase@@@@YAHXZ 1000afb0 f i moc_lxdialogs.obj
 0001:00009fc0       ??$qRegisterMetaType@PAVLxDialogBase@@@@YAHXZ 1000afc0 f i moc_lxdialogs.obj
 0001:00009fd0       ??$qRegisterNormalizedMetaType@PAVLxDialogBase@@@@YAHABVQByteArray@@PAPAVLxDialogBase@@W4DefinedType@?$MetaTypeDefinedHelper@PAVLxDialogBase@@$00@QtPrivate@@@Z 1000afd0 f i moc_lxdialogs.obj
 0001:0000a0e0       ?Construct@?$QMetaTypeFunctionHelper@PAVLxDialogBase@@$00@QtMetaTypePrivate@@SAPAXPAXPBX@Z 1000b0e0 f i moc_lxdialogs.obj
 0001:0000a150       ?Create@?$QMetaTypeFunctionHelper@PAVLxDialogBase@@$00@QtMetaTypePrivate@@SAPAXPBX@Z 1000b150 f i moc_lxdialogs.obj
 0001:0000a1e0       ?Delete@?$QMetaTypeFunctionHelper@PAVLxDialogBase@@$00@QtMetaTypePrivate@@SAXPAX@Z 1000b1e0 f i moc_lxdialogs.obj
 0001:0000a200       ?Destruct@?$QMetaTypeFunctionHelper@PAVLxDialogBase@@$00@QtMetaTypePrivate@@SAXPAX@Z 1000b200 f i moc_lxdialogs.obj
 0001:0000a210       ?qt_metatype_id@?$QMetaTypeId2@PAVLxDialogBase@@@@SAHXZ 1000b210 f i moc_lxdialogs.obj
 0001:0000a220       ?qt_metatype_id@?$QMetaTypeIdHelper@PAVLxDialogBase@@$00@QtPrivate@@SAHXZ 1000b220 f i moc_lxdialogs.obj
 0001:0000a230       ?qt_metatype_id@?$QMetaTypeIdQObject@PAVLxDialogBase@@$00@@SAHXZ 1000b230 f i moc_lxdialogs.obj
 0001:0000a340       ?registerConverter@?$AssociativeContainerConverterHelper@PAVLxDialogBase@@$0A@@QtPrivate@@SA_NH@Z 1000b340 f i moc_lxdialogs.obj
 0001:0000a350       ?registerConverter@?$IsPair@PAVLxDialogBase@@@QtPrivate@@SA_NH@Z 1000b350 f i moc_lxdialogs.obj
 0001:0000a360       ?registerConverter@?$MetaTypeSmartPointerHelper@PAVLxDialogBase@@X@QtPrivate@@SA_NH@Z 1000b360 f i moc_lxdialogs.obj
 0001:0000a370       ?registerConverter@?$SequentialContainerConverterHelper@PAVLxDialogBase@@$0A@@QtPrivate@@SA_NH@Z 1000b370 f i moc_lxdialogs.obj
 0001:0000a380       ?value@?$MetaObjectForType@PAVLxDialogBase@@$00@QtPrivate@@SAPBUQMetaObject@@XZ 1000b380 f i moc_lxdialogs.obj
 0001:0000a390       ?metaObject@LxDir@@UBEPBUQMetaObject@@XZ 1000b390 f   moc_lxdir.obj
 0001:0000a3d0       ?qt_metacast@LxDir@@UAEPAXPBD@Z 1000b3d0 f   moc_lxdir.obj
 0001:0000a410       ?qt_metacall@LxDir@@UAEHW4Call@QMetaObject@@HPAPAX@Z 1000b410 f   moc_lxdir.obj
 0001:0000a4a0       ?qt_static_metacall@LxDir@@CAXPAVQObject@@W4Call@QMetaObject@@HPAPAX@Z 1000b4a0 f   moc_lxdir.obj
 0001:0000b160       ?metaObject@LxDownloadItem@@UBEPBUQMetaObject@@XZ 1000c160 f   moc_lxdownloadmanager.obj
 0001:0000b1a0       ?qt_metacast@LxDownloadItem@@UAEPAXPBD@Z 1000c1a0 f   moc_lxdownloadmanager.obj
 0001:0000b1e0       ?qt_metacall@LxDownloadItem@@UAEHW4Call@QMetaObject@@HPAPAX@Z 1000c1e0 f   moc_lxdownloadmanager.obj
 0001:0000b270       ?qt_static_metacall@LxDownloadItem@@CAXPAVQObject@@W4Call@QMetaObject@@HPAPAX@Z 1000c270 f   moc_lxdownloadmanager.obj
 0001:0000b360       ?metaObject@LxDownloadManager@@UBEPBUQMetaObject@@XZ 1000c360 f   moc_lxdownloadmanager.obj
 0001:0000b3a0       ?qt_metacast@LxDownloadManager@@UAEPAXPBD@Z 1000c3a0 f   moc_lxdownloadmanager.obj
 0001:0000b3e0       ?qt_metacall@LxDownloadManager@@UAEHW4Call@QMetaObject@@HPAPAX@Z 1000c3e0 f   moc_lxdownloadmanager.obj
 0001:0000b470       ?qt_static_metacall@LxDownloadManager@@CAXPAVQObject@@W4Call@QMetaObject@@HPAPAX@Z 1000c470 f   moc_lxdownloadmanager.obj
 0001:0000b790       ??$qMetaTypeId@W4NetworkError@QNetworkReply@@@@YAHXZ 1000c790 f i moc_lxdownloadmanager.obj
 0001:0000b7a0       ??$qRegisterMetaType@W4NetworkError@QNetworkReply@@@@YAHPBDPAW4NetworkError@QNetworkReply@@W4DefinedType@?$MetaTypeDefinedHelper@W4NetworkError@QNetworkReply@@$00@QtPrivate@@@Z 1000c7a0 f i moc_lxdownloadmanager.obj
 0001:0000b840       ??$qRegisterMetaType@W4NetworkError@QNetworkReply@@@@YAHXZ 1000c840 f i moc_lxdownloadmanager.obj
 0001:0000b850       ??$qRegisterNormalizedMetaType@W4NetworkError@QNetworkReply@@@@YAHABVQByteArray@@PAW4NetworkError@QNetworkReply@@W4DefinedType@?$MetaTypeDefinedHelper@W4NetworkError@QNetworkReply@@$00@QtPrivate@@@Z 1000c850 f i moc_lxdownloadmanager.obj
 0001:0000b960       ?Construct@?$QMetaTypeFunctionHelper@W4NetworkError@QNetworkReply@@$00@QtMetaTypePrivate@@SAPAXPAXPBX@Z 1000c960 f i moc_lxdownloadmanager.obj
 0001:0000b9d0       ?Create@?$QMetaTypeFunctionHelper@W4NetworkError@QNetworkReply@@$00@QtMetaTypePrivate@@SAPAXPBX@Z 1000c9d0 f i moc_lxdownloadmanager.obj
 0001:0000ba60       ?Delete@?$QMetaTypeFunctionHelper@W4NetworkError@QNetworkReply@@$00@QtMetaTypePrivate@@SAXPAX@Z 1000ca60 f i moc_lxdownloadmanager.obj
 0001:0000ba80       ?Destruct@?$QMetaTypeFunctionHelper@W4NetworkError@QNetworkReply@@$00@QtMetaTypePrivate@@SAXPAX@Z 1000ca80 f i moc_lxdownloadmanager.obj
 0001:0000ba90       ?download@LxDownloadManager@@QAEXABVQUrl@@PAVLxDialogBase@@_N@Z 1000ca90 f i moc_lxdownloadmanager.obj
 0001:0000bb30       ?getNetworkAccessManager@LxDownloadManager@@SAPAVQNetworkAccessManager@@XZ 1000cb30 f i moc_lxdownloadmanager.obj
 0001:0000bb40       ?qt_metatype_id@?$QMetaTypeId2@W4NetworkError@QNetworkReply@@@@SAHXZ 1000cb40 f i moc_lxdownloadmanager.obj
 0001:0000bb50       ?qt_metatype_id@?$QMetaTypeId@W4NetworkError@QNetworkReply@@@@SAHXZ 1000cb50 f i moc_lxdownloadmanager.obj
 0001:0000bbb0       ?qt_metatype_id@?$QMetaTypeIdHelper@W4NetworkError@QNetworkReply@@$00@QtPrivate@@SAHXZ 1000cbb0 f i moc_lxdownloadmanager.obj
 0001:0000bbc0       ?registerConverter@?$AssociativeContainerConverterHelper@W4NetworkError@QNetworkReply@@$0A@@QtPrivate@@SA_NH@Z 1000cbc0 f i moc_lxdownloadmanager.obj
 0001:0000bbd0       ?registerConverter@?$IsPair@W4NetworkError@QNetworkReply@@@QtPrivate@@SA_NH@Z 1000cbd0 f i moc_lxdownloadmanager.obj
 0001:0000bbe0       ?registerConverter@?$MetaTypeSmartPointerHelper@W4NetworkError@QNetworkReply@@X@QtPrivate@@SA_NH@Z 1000cbe0 f i moc_lxdownloadmanager.obj
 0001:0000bbf0       ?registerConverter@?$SequentialContainerConverterHelper@W4NetworkError@QNetworkReply@@$0A@@QtPrivate@@SA_NH@Z 1000cbf0 f i moc_lxdownloadmanager.obj
 0001:0000bc00       ?tr@LxDownloadItem@@SA?AVQString@@PBD0H@Z 1000cc00 f i moc_lxdownloadmanager.obj
 0001:0000bc50       ?tr@LxDownloadManager@@SA?AVQString@@PBD0H@Z 1000cc50 f i moc_lxdownloadmanager.obj
 0001:0000bca0       ?trUtf8@LxDownloadItem@@SA?AVQString@@PBD0H@Z 1000cca0 f i moc_lxdownloadmanager.obj
 0001:0000bcf0       ?trUtf8@LxDownloadManager@@SA?AVQString@@PBD0H@Z 1000ccf0 f i moc_lxdownloadmanager.obj
 0001:0000bd40       ?value@?$MetaObjectForType@W4NetworkError@QNetworkReply@@$0A@@QtPrivate@@SAPBUQMetaObject@@XZ 1000cd40 f i moc_lxdownloadmanager.obj
 0001:0000bd50       ?metaObject@LxFile@@UBEPBUQMetaObject@@XZ 1000cd50 f   moc_lxfile.obj
 0001:0000bd90       ?qt_metacast@LxFile@@UAEPAXPBD@Z 1000cd90 f   moc_lxfile.obj
 0001:0000bdd0       ?qt_metacall@LxFile@@UAEHW4Call@QMetaObject@@HPAPAX@Z 1000cdd0 f   moc_lxfile.obj
 0001:0000be60       ?qt_static_metacall@LxFile@@CAXPAVQObject@@W4Call@QMetaObject@@HPAPAX@Z 1000ce60 f   moc_lxfile.obj
 0001:0000c7f0       ?metaObject@LxHttp@@UBEPBUQMetaObject@@XZ 1000d7f0 f   moc_lxHttp.obj
 0001:0000c830       ?qt_metacast@LxHttp@@UAEPAXPBD@Z 1000d830 f   moc_lxHttp.obj
 0001:0000c870       ?qt_metacall@LxHttp@@UAEHW4Call@QMetaObject@@HPAPAX@Z 1000d870 f   moc_lxHttp.obj
 0001:0000c900       ?qt_static_metacall@LxHttp@@CAXPAVQObject@@W4Call@QMetaObject@@HPAPAX@Z 1000d900 f   moc_lxHttp.obj
 0001:0000cc10       ?metaObject@LxLibManager@@UBEPBUQMetaObject@@XZ 1000dc10 f   moc_lxlibmanager.obj
 0001:0000cc50       ?qt_metacast@LxLibManager@@UAEPAXPBD@Z 1000dc50 f   moc_lxlibmanager.obj
 0001:0000cc90       ?qt_metacall@LxLibManager@@UAEHW4Call@QMetaObject@@HPAPAX@Z 1000dc90 f   moc_lxlibmanager.obj
 0001:0000cd20       ?qt_static_metacall@LxLibManager@@CAXPAVQObject@@W4Call@QMetaObject@@HPAPAX@Z 1000dd20 f   moc_lxlibmanager.obj
 0001:0000d020       ?metaObject@LxLibrary@@UBEPBUQMetaObject@@XZ 1000e020 f   moc_lxlibrary.obj
 0001:0000d060       ?qt_metacast@LxLibrary@@UAEPAXPBD@Z 1000e060 f   moc_lxlibrary.obj
 0001:0000d0a0       ?qt_metacall@LxLibrary@@UAEHW4Call@QMetaObject@@HPAPAX@Z 1000e0a0 f   moc_lxlibrary.obj
 0001:0000d130       ?qt_static_metacall@LxLibrary@@CAXPAVQObject@@W4Call@QMetaObject@@HPAPAX@Z 1000e130 f   moc_lxlibrary.obj
 0001:0000d520       ?metaObject@LxMainWindow@@UBEPBUQMetaObject@@XZ 1000e520 f   moc_lxmainwin.obj
 0001:0000d560       ?qt_metacast@LxMainWindow@@UAEPAXPBD@Z 1000e560 f   moc_lxmainwin.obj
 0001:0000d5a0       ?qt_metacall@LxMainWindow@@UAEHW4Call@QMetaObject@@HPAPAX@Z 1000e5a0 f   moc_lxmainwin.obj
 0001:0000d630       ?qt_static_metacall@LxMainWindow@@CAXPAVQObject@@W4Call@QMetaObject@@HPAPAX@Z 1000e630 f   moc_lxmainwin.obj
 0001:0000d6c0       ?metaObject@LxNetWorkCookies@@UBEPBUQMetaObject@@XZ 1000e6c0 f   moc_lxnetworkcookie.obj
 0001:0000d700       ?qt_metacast@LxNetWorkCookies@@UAEPAXPBD@Z 1000e700 f   moc_lxnetworkcookie.obj
 0001:0000d740       ?qt_metacall@LxNetWorkCookies@@UAEHW4Call@QMetaObject@@HPAPAX@Z 1000e740 f   moc_lxnetworkcookie.obj
 0001:0000d780       ?qt_static_metacall@LxNetWorkCookies@@CAXPAVQObject@@W4Call@QMetaObject@@HPAPAX@Z 1000e780 f   moc_lxnetworkcookie.obj
 0001:0000d7c0       ?metaObject@LxOperate@@UBEPBUQMetaObject@@XZ 1000e7c0 f   moc_lxoperate.obj
 0001:0000d800       ?qt_metacast@LxOperate@@UAEPAXPBD@Z 1000e800 f   moc_lxoperate.obj
 0001:0000d840       ?qt_metacall@LxOperate@@UAEHW4Call@QMetaObject@@HPAPAX@Z 1000e840 f   moc_lxoperate.obj
 0001:0000d8d0       ?qt_static_metacall@LxOperate@@CAXPAVQObject@@W4Call@QMetaObject@@HPAPAX@Z 1000e8d0 f   moc_lxoperate.obj
 0001:0000d980       ?metaObject@LxOption@@UBEPBUQMetaObject@@XZ 1000e980 f   moc_lxoption.obj
 0001:0000d9c0       ?qt_metacast@LxOption@@UAEPAXPBD@Z 1000e9c0 f   moc_lxoption.obj
 0001:0000da00       ?qt_metacall@LxOption@@UAEHW4Call@QMetaObject@@HPAPAX@Z 1000ea00 f   moc_lxoption.obj
 0001:0000da90       ?qt_static_metacall@LxOption@@CAXPAVQObject@@W4Call@QMetaObject@@HPAPAX@Z 1000ea90 f   moc_lxoption.obj
 0001:0000e170       ?metaObject@LxResources@@UBEPBUQMetaObject@@XZ 1000f170 f   moc_lxresources.obj
 0001:0000e1b0       ?qt_metacast@LxResources@@UAEPAXPBD@Z 1000f1b0 f   moc_lxresources.obj
 0001:0000e1f0       ?qt_metacall@LxResources@@UAEHW4Call@QMetaObject@@HPAPAX@Z 1000f1f0 f   moc_lxresources.obj
 0001:0000e280       ?qt_static_metacall@LxResources@@CAXPAVQObject@@W4Call@QMetaObject@@HPAPAX@Z 1000f280 f   moc_lxresources.obj
 0001:0000e590       ?metaObject@LxSystemTray@@UBEPBUQMetaObject@@XZ 1000f590 f   moc_lxsystemtray.obj
 0001:0000e5d0       ?qt_metacast@LxSystemTray@@UAEPAXPBD@Z 1000f5d0 f   moc_lxsystemtray.obj
 0001:0000e610       ?qt_metacall@LxSystemTray@@UAEHW4Call@QMetaObject@@HPAPAX@Z 1000f610 f   moc_lxsystemtray.obj
 0001:0000e6a0       ?qt_static_metacall@LxSystemTray@@CAXPAVQObject@@W4Call@QMetaObject@@HPAPAX@Z 1000f6a0 f   moc_lxsystemtray.obj
 0001:0000e730       ?metaObject@LxWebPage@@UBEPBUQMetaObject@@XZ 1000f730 f   moc_lxwebpage.obj
 0001:0000e770       ?qt_metacast@LxWebPage@@UAEPAXPBD@Z 1000f770 f   moc_lxwebpage.obj
 0001:0000e7b0       ?qt_metacall@LxWebPage@@UAEHW4Call@QMetaObject@@HPAPAX@Z 1000f7b0 f   moc_lxwebpage.obj
 0001:0000e840       ?qt_static_metacall@LxWebPage@@CAXPAVQObject@@W4Call@QMetaObject@@HPAPAX@Z 1000f840 f   moc_lxwebpage.obj
 0001:0000ea10       ??$qMetaTypeId@PAVQNetworkReply@@@@YAHXZ 1000fa10 f i moc_lxwebpage.obj
 0001:0000ea20       ??$qMetaTypeId@PAVQWebFrame@@@@YAHXZ 1000fa20 f i moc_lxwebpage.obj
 0001:0000ea30       ??$qRegisterMetaType@PAVQNetworkReply@@@@YAHXZ 1000fa30 f i moc_lxwebpage.obj
 0001:0000ea40       ??$qRegisterMetaType@PAVQWebFrame@@@@YAHXZ 1000fa40 f i moc_lxwebpage.obj
 0001:0000ea50       ??$qRegisterNormalizedMetaType@PAVQNetworkReply@@@@YAHABVQByteArray@@PAPAVQNetworkReply@@W4DefinedType@?$MetaTypeDefinedHelper@PAVQNetworkReply@@$00@QtPrivate@@@Z 1000fa50 f i moc_lxwebpage.obj
 0001:0000eb60       ??$qRegisterNormalizedMetaType@PAVQWebFrame@@@@YAHABVQByteArray@@PAPAVQWebFrame@@W4DefinedType@?$MetaTypeDefinedHelper@PAVQWebFrame@@$00@QtPrivate@@@Z 1000fb60 f i moc_lxwebpage.obj
 0001:0000ec70       ?Construct@?$QMetaTypeFunctionHelper@PAVQNetworkReply@@$00@QtMetaTypePrivate@@SAPAXPAXPBX@Z 1000fc70 f i moc_lxwebpage.obj
 0001:0000ece0       ?Construct@?$QMetaTypeFunctionHelper@PAVQWebFrame@@$00@QtMetaTypePrivate@@SAPAXPAXPBX@Z 1000fce0 f i moc_lxwebpage.obj
 0001:0000ed50       ?Create@?$QMetaTypeFunctionHelper@PAVQNetworkReply@@$00@QtMetaTypePrivate@@SAPAXPBX@Z 1000fd50 f i moc_lxwebpage.obj
 0001:0000ede0       ?Create@?$QMetaTypeFunctionHelper@PAVQWebFrame@@$00@QtMetaTypePrivate@@SAPAXPBX@Z 1000fde0 f i moc_lxwebpage.obj
 0001:0000ee70       ?Delete@?$QMetaTypeFunctionHelper@PAVQNetworkReply@@$00@QtMetaTypePrivate@@SAXPAX@Z 1000fe70 f i moc_lxwebpage.obj
 0001:0000ee90       ?Delete@?$QMetaTypeFunctionHelper@PAVQWebFrame@@$00@QtMetaTypePrivate@@SAXPAX@Z 1000fe90 f i moc_lxwebpage.obj
 0001:0000eeb0       ?Destruct@?$QMetaTypeFunctionHelper@PAVQNetworkReply@@$00@QtMetaTypePrivate@@SAXPAX@Z 1000feb0 f i moc_lxwebpage.obj
 0001:0000eec0       ?Destruct@?$QMetaTypeFunctionHelper@PAVQWebFrame@@$00@QtMetaTypePrivate@@SAXPAX@Z 1000fec0 f i moc_lxwebpage.obj
 0001:0000eed0       ?qt_metatype_id@?$QMetaTypeId2@PAVQNetworkReply@@@@SAHXZ 1000fed0 f i moc_lxwebpage.obj
 0001:0000eee0       ?qt_metatype_id@?$QMetaTypeId2@PAVQWebFrame@@@@SAHXZ 1000fee0 f i moc_lxwebpage.obj
 0001:0000eef0       ?qt_metatype_id@?$QMetaTypeIdHelper@PAVQNetworkReply@@$00@QtPrivate@@SAHXZ 1000fef0 f i moc_lxwebpage.obj
 0001:0000ef00       ?qt_metatype_id@?$QMetaTypeIdHelper@PAVQWebFrame@@$00@QtPrivate@@SAHXZ 1000ff00 f i moc_lxwebpage.obj
 0001:0000ef10       ?qt_metatype_id@?$QMetaTypeIdQObject@PAVQNetworkReply@@$00@@SAHXZ 1000ff10 f i moc_lxwebpage.obj
 0001:0000f020       ?qt_metatype_id@?$QMetaTypeIdQObject@PAVQWebFrame@@$00@@SAHXZ 10010020 f i moc_lxwebpage.obj
 0001:0000f130       ?registerConverter@?$AssociativeContainerConverterHelper@PAVQNetworkReply@@$0A@@QtPrivate@@SA_NH@Z 10010130 f i moc_lxwebpage.obj
 0001:0000f140       ?registerConverter@?$AssociativeContainerConverterHelper@PAVQWebFrame@@$0A@@QtPrivate@@SA_NH@Z 10010140 f i moc_lxwebpage.obj
 0001:0000f150       ?registerConverter@?$IsPair@PAVQNetworkReply@@@QtPrivate@@SA_NH@Z 10010150 f i moc_lxwebpage.obj
 0001:0000f160       ?registerConverter@?$IsPair@PAVQWebFrame@@@QtPrivate@@SA_NH@Z 10010160 f i moc_lxwebpage.obj
 0001:0000f170       ?registerConverter@?$MetaTypeSmartPointerHelper@PAVQNetworkReply@@X@QtPrivate@@SA_NH@Z 10010170 f i moc_lxwebpage.obj
 0001:0000f180       ?registerConverter@?$MetaTypeSmartPointerHelper@PAVQWebFrame@@X@QtPrivate@@SA_NH@Z 10010180 f i moc_lxwebpage.obj
 0001:0000f190       ?registerConverter@?$SequentialContainerConverterHelper@PAVQNetworkReply@@$0A@@QtPrivate@@SA_NH@Z 10010190 f i moc_lxwebpage.obj
 0001:0000f1a0       ?registerConverter@?$SequentialContainerConverterHelper@PAVQWebFrame@@$0A@@QtPrivate@@SA_NH@Z 100101a0 f i moc_lxwebpage.obj
 0001:0000f1b0       ?value@?$MetaObjectForType@PAVQNetworkReply@@$00@QtPrivate@@SAPBUQMetaObject@@XZ 100101b0 f i moc_lxwebpage.obj
 0001:0000f1c0       ?value@?$MetaObjectForType@PAVQWebFrame@@$00@QtPrivate@@SAPBUQMetaObject@@XZ 100101c0 f i moc_lxwebpage.obj
 0001:0000f1d0       ?metaObject@LxWebPluginFactory@@UBEPBUQMetaObject@@XZ 100101d0 f   moc_lxwebpluginfactory.obj
 0001:0000f210       ?qt_metacast@LxWebPluginFactory@@UAEPAXPBD@Z 10010210 f   moc_lxwebpluginfactory.obj
 0001:0000f250       ?qt_metacall@LxWebPluginFactory@@UAEHW4Call@QMetaObject@@HPAPAX@Z 10010250 f   moc_lxwebpluginfactory.obj
 0001:0000f290       ?qt_static_metacall@LxWebPluginFactory@@CAXPAVQObject@@W4Call@QMetaObject@@HPAPAX@Z 10010290 f   moc_lxwebpluginfactory.obj
 0001:0000f2d0       ??0LxDownloadItem@@QAE@PAVQNetworkReply@@PAVLxDialogBase@@PAVQObject@@@Z 100102d0 f   lxdownloadmanager.obj
 0001:0000f370       ??1LxDownloadItem@@UAE@XZ  10010370 f   lxdownloadmanager.obj
 0001:0000f3e0       ?startDownloading@LxDownloadItem@@QAEXVQUrl@@@Z 100103e0 f   lxdownloadmanager.obj
 0001:0000f7c0       ?downloadReadyRead@LxDownloadItem@@AAEXXZ 100107c0 f   lxdownloadmanager.obj
 0001:0000f7d0       ?downloadError@LxDownloadItem@@AAEXW4NetworkError@QNetworkReply@@@Z 100107d0 f   lxdownloadmanager.obj
 0001:0000f900       ?downloadFinished@LxDownloadItem@@AAEXXZ 10010900 f   lxdownloadmanager.obj
 0001:00010720       ?metaDataChanged@LxDownloadItem@@AAEXXZ 10011720 f   lxdownloadmanager.obj
 0001:000107f0       ??0LxDownloadManager@@QAE@PAVQObject@@@Z 100117f0 f   lxdownloadmanager.obj
 0001:00010a50       ??1LxDownloadManager@@UAE@XZ 10011a50 f   lxdownloadmanager.obj
 0001:00010ad0       ?download@LxDownloadManager@@QAEXABVQNetworkRequest@@PAVLxDialogBase@@_N@Z 10011ad0 f   lxdownloadmanager.obj
 0001:000112c0       ??$atomic@H@?$QAtomicOpsBySize@$03@@CAPAJPAH@Z 100122c0 f i lxdownloadmanager.obj
 0001:000112d0       ??$deref@H@?$QAtomicOpsBySize@$03@@SA_NAAH@Z 100122d0 f i lxdownloadmanager.obj
 0001:00011310       ??$load@H@?$QGenericAtomicOps@U?$QAtomicOpsBySize@$03@@@@SAHABH@Z 10012310 f i lxdownloadmanager.obj
 0001:00011320       ??0?$QFlags@W4ComponentFormattingOption@QUrl@@@@QAE@W4ComponentFormattingOption@QUrl@@@Z 10012320 f i lxdownloadmanager.obj
 0001:00011340       ??0?$QFlags@W4OpenModeFlag@QIODevice@@@@QAE@W4OpenModeFlag@QIODevice@@@Z 10012340 f i lxdownloadmanager.obj
 0001:00011360       ??0?$QFlags@W4Option@QFileDialog@@@@QAE@PQPrivate@0@H@Z 10012360 f i lxdownloadmanager.obj
 0001:00011380       ??0?$QList@PAVLxDownloadItem@@@@QAE@XZ 10012380 f i lxdownloadmanager.obj
 0001:000113a0       ??0?$QUrlTwoFlags@W4UrlFormattingOption@QUrl@@W4ComponentFormattingOption@2@@@QAE@W4ComponentFormattingOption@QUrl@@@Z 100123a0 f i lxdownloadmanager.obj
 0001:000113c0       ??0QLatin1Char@@QAE@D@Z    100123c0 f i lxdownloadmanager.obj
 0001:000113e0       ??0QLatin1String@@QAE@PBD@Z 100123e0 f i lxdownloadmanager.obj
 0001:00011440       ??1?$QList@PAVLxDownloadItem@@@@QAE@XZ 10012440 f i lxdownloadmanager.obj
 0001:00011480       ??1?$QList@VQByteArray@@@@QAE@XZ 10012480 f i lxdownloadmanager.obj
 0001:000114c0       ??1?$basic_string@DU?$char_traits@D@std@@V?$allocator@D@2@@std@@QAE@XZ 100124c0 f i lxdownloadmanager.obj
 0001:000114e0       ??H@YA?BVQString@@ABV0@0@Z 100124e0 f i lxdownloadmanager.obj
 0001:00011590       ??H@YA?BVQString@@ABV0@PBD@Z 10012590 f i lxdownloadmanager.obj
 0001:00011670       ??H@YA?BVQString@@PBDABV0@@Z 10012670 f i lxdownloadmanager.obj
 0001:00011720       ??_ELxDownloadItem@@UAEPAXI@Z 10012720 f i lxdownloadmanager.obj
 0001:000117b0       ??_ELxDownloadManager@@UAEPAXI@Z 100127b0 f i lxdownloadmanager.obj
 0001:00011840       ??_GLxDownloadItem@@UAEPAXI@Z 10012840 f i lxdownloadmanager.obj
 0001:00011880       ??_GLxDownloadManager@@UAEPAXI@Z 10012880 f i lxdownloadmanager.obj
 0001:000118c0       ??_GQByteArray@@QAEPAXI@Z  100128c0 f i lxdownloadmanager.obj
 0001:00011900       ??_EQNetworkAccessManager@@UAEPAXI@Z 10012900 f i lxdownloadmanager.obj
 0001:00011900       ??_GQNetworkAccessManager@@UAEPAXI@Z 10012900 f i lxdownloadmanager.obj
 0001:00011940       ??_GQNetworkDiskCache@@UAEPAXI@Z 10012940 f i lxdownloadmanager.obj
 0001:00011940       ??_EQNetworkDiskCache@@UAEPAXI@Z 10012940 f i lxdownloadmanager.obj
 0001:00011980       ?LogEx@@YAXPBD00@Z         10012980 f i lxdownloadmanager.obj
 0001:00011ae0       ?append@?$QList@PAVLxDownloadItem@@@@QAEXABQAVLxDownloadItem@@@Z 10012ae0 f i lxdownloadmanager.obj
 0001:00011cb0       ?c_str@?$basic_string@DU?$char_traits@D@std@@V?$allocator@D@2@@std@@QBEPBDXZ 10012cb0 f i lxdownloadmanager.obj
 0001:00011cd0       ?data@?$basic_string@DU?$char_traits@D@std@@V?$allocator@D@2@@std@@QBEPBDXZ 10012cd0 f i lxdownloadmanager.obj
 0001:00011cf0       ?dealloc@?$QList@PAVLxDownloadItem@@@@AAEXPAUData@QListData@@@Z 10012cf0 f i lxdownloadmanager.obj
 0001:00011d40       ?dealloc@?$QList@VQByteArray@@@@AAEXPAUData@QListData@@@Z 10012d40 f i lxdownloadmanager.obj
 0001:00011d90       ?deref@?$QBasicAtomicInteger@H@@QAE_NXZ 10012d90 f i lxdownloadmanager.obj
 0001:00011db0       ?deref@RefCount@QtPrivate@@QAE_NXZ 10012db0 f i lxdownloadmanager.obj
 0001:00011e00       ?detach_helper_grow@?$QList@PAVLxDownloadItem@@@@AAEPAUNode@1@HH@Z 10012e00 f i lxdownloadmanager.obj
 0001:00012000       ?isShared@RefCount@QtPrivate@@QBE_NXZ 10013000 f i lxdownloadmanager.obj
 0001:00012050       ?load@?$QBasicAtomicInteger@H@@QBEHXZ 10013050 f i lxdownloadmanager.obj
 0001:00012070       ?node_construct@?$QList@PAVLxDownloadItem@@@@AAEXPAUNode@1@ABQAVLxDownloadItem@@@Z 10013070 f i lxdownloadmanager.obj
 0001:00012130       ?node_copy@?$QList@PAVLxDownloadItem@@@@AAEXPAUNode@1@00@Z 10013130 f i lxdownloadmanager.obj
 0001:00012380       ?node_destruct@?$QList@PAVLxDownloadItem@@@@AAEXPAUNode@1@0@Z 10013380 f i lxdownloadmanager.obj
 0001:000123f0       ?node_destruct@?$QList@PAVLxDownloadItem@@@@AAEXPAUNode@1@@Z 100133f0 f i lxdownloadmanager.obj
 0001:00012420       ?node_destruct@?$QList@VQByteArray@@@@AAEXPAUNode@1@0@Z 10013420 f i lxdownloadmanager.obj
 0001:000124c0       ??0LxSystemTray@@QAE@VQIcon@@VQString@@PAVLxDialogBase@@@Z 100134c0 f   lxsystemtray.obj
 0001:00012630       ??1LxSystemTray@@UAE@XZ    10013630 f   lxsystemtray.obj
 0001:000126f0       ?__initSystemTray@LxSystemTray@@AAE_NXZ 100136f0 f   lxsystemtray.obj
 0001:00013370       ?iconActivated@LxSystemTray@@QAEXW4ActivationReason@QSystemTrayIcon@@@Z 10014370 f   lxsystemtray.obj
 0001:00013790       ??$?0VQObject@@@?$QWeakPointer@VQObject@@@@AAE@PAVQObject@@_N@Z 10014790 f i lxsystemtray.obj
 0001:000137f0       ??$assign@VQObject@@@?$QWeakPointer@VQObject@@@@AAEAAV0@PAVQObject@@@Z 100147f0 f i lxsystemtray.obj
 0001:00013890       ??$qMapLessThanKey@VQString@@@@YA_NABVQString@@0@Z 10014890 f i lxsystemtray.obj
 0001:000138b0       ??$ref@H@?$QAtomicOpsBySize@$03@@SA_NAAH@Z 100148b0 f i lxsystemtray.obj
 0001:000138f0       ??0?$QFlags@W4WindowType@Qt@@@@QAE@PQPrivate@0@H@Z 100148f0 f i lxsystemtray.obj
 0001:00013910       ??0?$QMap@VQString@@PAVQAction@@@@QAE@XZ 10014910 f i lxsystemtray.obj
 0001:00013930       ??0?$QPointer@VLxDialogBase@@@@QAE@XZ 10014930 f i lxsystemtray.obj
 0001:00013950       ??0?$QPointer@VQMenu@@@@QAE@XZ 10014950 f i lxsystemtray.obj
 0001:00013970       ??0?$QPointer@VQSystemTrayIcon@@@@QAE@XZ 10014970 f i lxsystemtray.obj
 0001:00013990       ??0?$QWeakPointer@VQObject@@@@QAE@XZ 10014990 f i lxsystemtray.obj
 0001:000139c0       ??0iterator@?$QMap@VQString@@PAVQAction@@@@QAE@PAU?$QMapNode@VQString@@PAVQAction@@@@@Z 100149c0 f i lxsystemtray.obj
 0001:000139e0       ??1?$QMap@VQString@@PAVQAction@@@@QAE@XZ 100149e0 f i lxsystemtray.obj
 0001:00013a10       ??1?$QPointer@VLxDialogBase@@@@QAE@XZ 10014a10 f i lxsystemtray.obj
 0001:00013a30       ??1?$QPointer@VQMenu@@@@QAE@XZ 10014a30 f i lxsystemtray.obj
 0001:00013a50       ??1?$QPointer@VQSystemTrayIcon@@@@QAE@XZ 10014a50 f i lxsystemtray.obj
 0001:00013a70       ??1?$QWeakPointer@VQObject@@@@QAE@XZ 10014a70 f i lxsystemtray.obj
 0001:00013ae0       ??1ExternalRefCountData@QtSharedPointer@@QAE@XZ 10014ae0 f i lxsystemtray.obj
 0001:00013b00       ??3ExternalRefCountData@QtSharedPointer@@SAXPAX@Z 10014b00 f i lxsystemtray.obj
 0001:00013b20       ??4?$QPointer@VLxDialogBase@@@@QAEAAV0@PAVLxDialogBase@@@Z 10014b20 f i lxsystemtray.obj
 0001:00013b50       ??4?$QPointer@VQMenu@@@@QAEAAV0@PAVQMenu@@@Z 10014b50 f i lxsystemtray.obj
 0001:00013b80       ??4?$QPointer@VQSystemTrayIcon@@@@QAEAAV0@PAVQSystemTrayIcon@@@Z 10014b80 f i lxsystemtray.obj
 0001:00013bb0       ??4?$QWeakPointer@VQObject@@@@QAEAAV0@ABV0@@Z 10014bb0 f i lxsystemtray.obj
 0001:00013be0       ??B?$QPointer@VLxDialogBase@@@@QBEPAVLxDialogBase@@XZ 10014be0 f i lxsystemtray.obj
 0001:00013c00       ??B?$QPointer@VQMenu@@@@QBEPAVQMenu@@XZ 10014c00 f i lxsystemtray.obj
 0001:00013c20       ??B?$QPointer@VQSystemTrayIcon@@@@QBEPAVQSystemTrayIcon@@XZ 10014c20 f i lxsystemtray.obj
 0001:00013c40       ??C?$QPointer@VLxDialogBase@@@@QBEPAVLxDialogBase@@XZ 10014c40 f i lxsystemtray.obj
 0001:00013c60       ??C?$QPointer@VQMenu@@@@QBEPAVQMenu@@XZ 10014c60 f i lxsystemtray.obj
 0001:00013c80       ??C?$QPointer@VQSystemTrayIcon@@@@QBEPAVQSystemTrayIcon@@XZ 10014c80 f i lxsystemtray.obj
 0001:00013c97       ??_ELxSystemTray@@W7AEPAXI@Z 10014c97 f i lxsystemtray.obj
 0001:00013ca1       ??_EQMenu@@W7AEPAXI@Z      10014ca1 f i lxsystemtray.obj
 0001:00013cb0       ??_GExternalRefCountData@QtSharedPointer@@QAEPAXI@Z 10014cb0 f i lxsystemtray.obj
 0001:00013cf0       ??_ELxSystemTray@@UAEPAXI@Z 10014cf0 f i lxsystemtray.obj
 0001:00013cf0       ??_GLxSystemTray@@UAEPAXI@Z 10014cf0 f i lxsystemtray.obj
 0001:00013d30       ??_GQAction@@UAEPAXI@Z     10014d30 f i lxsystemtray.obj
 0001:00013d30       ??_EQAction@@UAEPAXI@Z     10014d30 f i lxsystemtray.obj
 0001:00013d70       ??_GQMenu@@UAEPAXI@Z       10014d70 f i lxsystemtray.obj
 0001:00013d70       ??_EQMenu@@UAEPAXI@Z       10014d70 f i lxsystemtray.obj
 0001:00013db0       ??_GQString@@QAEPAXI@Z     10014db0 f i lxsystemtray.obj
 0001:00013df0       ??_EQSystemTrayIcon@@UAEPAXI@Z 10014df0 f i lxsystemtray.obj
 0001:00013df0       ??_GQSystemTrayIcon@@UAEPAXI@Z 10014df0 f i lxsystemtray.obj
 0001:00013e30       ?copy@?$QMapNode@VQString@@PAVQAction@@@@QBEPAU1@PAU?$QMapData@VQString@@PAVQAction@@@@@Z 10014e30 f i lxsystemtray.obj
 0001:00013f20       ?create@?$QMapData@VQString@@PAVQAction@@@@SAPAU1@XZ 10014f20 f i lxsystemtray.obj
 0001:00013f30       ?createNode@?$QMapData@VQString@@PAVQAction@@@@QAEPAU?$QMapNode@VQString@@PAVQAction@@@@ABVQString@@ABQAVQAction@@PAU2@_N@Z 10014f30 f i lxsystemtray.obj
 0001:000140c0       ?data@?$QPointer@VLxDialogBase@@@@QBEPAVLxDialogBase@@XZ 100150c0 f i lxsystemtray.obj
 0001:000140e0       ?data@?$QPointer@VQMenu@@@@QBEPAVQMenu@@XZ 100150e0 f i lxsystemtray.obj
 0001:00014100       ?data@?$QPointer@VQSystemTrayIcon@@@@QBEPAVQSystemTrayIcon@@XZ 10015100 f i lxsystemtray.obj
 0001:00014120       ?data@?$QWeakPointer@VQObject@@@@QBEPAVQObject@@XZ 10015120 f i lxsystemtray.obj
 0001:00014170       ?destroy@?$QMapData@VQString@@PAVQAction@@@@QAEXXZ 10015170 f i lxsystemtray.obj
 0001:000141d0       ?destroySubTree@?$QMapNode@VQString@@PAVQAction@@@@QAEXXZ 100151d0 f i lxsystemtray.obj
 0001:00014240       ?detach@?$QMap@VQString@@PAVQAction@@@@QAEXXZ 10015240 f i lxsystemtray.obj
 0001:00014270       ?detach_helper@?$QMap@VQString@@PAVQAction@@@@AAEXXZ 10015270 f i lxsystemtray.obj
 0001:00014310       ?end@?$QMapData@VQString@@PAVQAction@@@@QAEPAU?$QMapNode@VQString@@PAVQAction@@@@XZ 10015310 f i lxsystemtray.obj
 0001:00014330       ?insert@?$QMap@VQString@@PAVQAction@@@@QAE?AViterator@1@ABVQString@@ABQAVQAction@@@Z 10015330 f i lxsystemtray.obj
 0001:00014460       ?internalSet@?$QWeakPointer@VQObject@@@@AAEXPAUExternalRefCountData@QtSharedPointer@@PAVQObject@@@Z 10015460 f i lxsystemtray.obj
 0001:00014500       ?leftNode@?$QMapNode@VQString@@PAVQAction@@@@QBEPAU1@XZ 10015500 f i lxsystemtray.obj
 0001:00014520       ?ref@?$QBasicAtomicInteger@H@@QAE_NXZ 10015520 f i lxsystemtray.obj
 0001:00014540       ?rightNode@?$QMapNode@VQString@@PAVQAction@@@@QBEPAU1@XZ 10015540 f i lxsystemtray.obj
 0001:00014560       ?root@?$QMapData@VQString@@PAVQAction@@@@QBEPAU?$QMapNode@VQString@@PAVQAction@@@@XZ 10015560 f i lxsystemtray.obj
 0001:00014580       ??0LxBaseWin@@QAE@PAVQWidget@@@Z 10015580 f   lxbasewin.obj
 0001:00014960       ??1LxBaseWin@@UAE@XZ       10015960 f   lxbasewin.obj
 0001:00014a00       ?triggerPageAction@LxBaseWin@@QAEXW4WebAction@QWebPage@@_N@Z 10015a00 f   lxbasewin.obj
 0001:00014aa0       ?_initWidget@LxBaseWin@@AAE_NXZ 10015aa0 f   lxbasewin.obj
 0001:00014cd0       ?linkClickedAction@LxBaseWin@@QAEXABVQUrl@@@Z 10015cd0 f   lxbasewin.obj
 0001:00014e00       ?showEvent@LxBaseWin@@MAEXPAVQShowEvent@@@Z 10015e00 f   lxbasewin.obj
 0001:00014e30       ?event@LxBaseWin@@MAE_NPAVQEvent@@@Z 10015e30 f   lxbasewin.obj
 0001:00015080       ??$?0VLxDialogBase@@@?$QWeakPointer@VQObject@@@@AAE@PAVLxDialogBase@@_N@Z 10016080 f i lxbasewin.obj
 0001:000150e0       ??$?0VLxWebPluginFactory@@@?$QWeakPointer@VQObject@@@@AAE@PAVLxWebPluginFactory@@_N@Z 100160e0 f i lxbasewin.obj
 0001:00015140       ??0?$QFlags@W4RenderHint@QPainter@@@@QAE@VQFlag@@@Z 10016140 f i lxbasewin.obj
 0001:00015170       ??0?$QFlags@W4RenderHint@QPainter@@@@QAE@W4RenderHint@QPainter@@@Z 10016170 f i lxbasewin.obj
 0001:00015190       ??0?$QFlags@W4WindowType@Qt@@@@QAE@VQFlag@@@Z 10016190 f i lxbasewin.obj
 0001:000151c0       ??0?$QFlags@W4WindowType@Qt@@@@QAE@W4WindowType@Qt@@@Z 100161c0 f i lxbasewin.obj
 0001:000151e0       ??0?$QPointer@VLxDialogBase@@@@QAE@PAVLxDialogBase@@@Z 100161e0 f i lxbasewin.obj
 0001:00015210       ??0?$QPointer@VLxWebPluginFactory@@@@QAE@PAVLxWebPluginFactory@@@Z 10016210 f i lxbasewin.obj
 0001:00015240       ??0?$QPointer@VLxWebPluginFactory@@@@QAE@XZ 10016240 f i lxbasewin.obj
 0001:00015260       ??0?$QPointer@VQWebPage@@@@QAE@XZ 10016260 f i lxbasewin.obj
 0001:00015280       ??0?$QVector@PAVLxOperate@@@@QAE@XZ 10016280 f i lxbasewin.obj
 0001:000152a0       ??1?$QPointer@VLxWebPluginFactory@@@@QAE@XZ 100162a0 f i lxbasewin.obj
 0001:000152c0       ??1?$QPointer@VQWebPage@@@@QAE@XZ 100162c0 f i lxbasewin.obj
 0001:000152e0       ??1?$QVector@PAVLxOperate@@@@QAE@XZ 100162e0 f i lxbasewin.obj
 0001:00015320       ??B?$QPointer@VLxWebPluginFactory@@@@QBEPAVLxWebPluginFactory@@XZ 10016320 f i lxbasewin.obj
 0001:00015340       ??U?$QFlags@W4RenderHint@QPainter@@@@QBE?AV0@W4RenderHint@QPainter@@@Z 10016340 f i lxbasewin.obj
 0001:00015380       ??U?$QFlags@W4WindowType@Qt@@@@QBE?AV0@W4WindowType@Qt@@@Z 10016380 f i lxbasewin.obj
 0001:000153c0       ??U@YA?AV?$QFlags@W4RenderHint@QPainter@@@@W4RenderHint@QPainter@@0@Z 100163c0 f i lxbasewin.obj
 0001:000153f0       ??U@YA?AV?$QFlags@W4WindowType@Qt@@@@W4WindowType@Qt@@0@Z 100163f0 f i lxbasewin.obj
 0001:00015420       ??_5?$QFlags@W4WindowType@Qt@@@@QAEAAV0@V0@@Z 10016420 f i lxbasewin.obj
 0001:00015450       ??_5?$QFlags@W4WindowType@Qt@@@@QAEAAV0@W4WindowType@Qt@@@Z 10016450 f i lxbasewin.obj
 0001:00015480       ??_ELxBaseWin@@UAEPAXI@Z   10016480 f i lxbasewin.obj
 0001:00015504       ??_ELxBaseWin@@W7AEPAXI@Z  10016504 f i lxbasewin.obj
 0001:00015510       ??_GLxBaseWin@@UAEPAXI@Z   10016510 f i lxbasewin.obj
 0001:00015550       ?begin@?$QTypedArrayData@PAVLxOperate@@@@QAEPAPAVLxOperate@@PAPAV2@@Z 10016550 f i lxbasewin.obj
 0001:00015570       ?data@?$QPointer@VLxWebPluginFactory@@@@QBEPAVLxWebPluginFactory@@XZ 10016570 f i lxbasewin.obj
 0001:00015590       ?data@?$QTypedArrayData@PAVLxOperate@@@@QAEPAPAVLxOperate@@XZ 10016590 f i lxbasewin.obj
 0001:000155b0       ?deallocate@?$QTypedArrayData@PAVLxOperate@@@@SAXPAUQArrayData@@@Z 100165b0 f i lxbasewin.obj
 0001:000155d0       ?destruct@?$QVector@PAVLxOperate@@@@AAEXPAPAVLxOperate@@0@Z 100165d0 f i lxbasewin.obj
 0001:00015600       ?end@?$QTypedArrayData@PAVLxOperate@@@@QAEPAPAVLxOperate@@PAPAV2@@Z 10016600 f i lxbasewin.obj
 0001:00015630       ?freeData@?$QVector@PAVLxOperate@@@@AAEXPAU?$QTypedArrayData@PAVLxOperate@@@@@Z 10016630 f i lxbasewin.obj
 0001:00015680       ?sharedNull@?$QTypedArrayData@PAVLxOperate@@@@SAPAU1@XZ 10016680 f i lxbasewin.obj
 0001:00015690       ?getCookieFilePath@LxOption@@QAE?AVQString@@XZ 10016690 f   lxcoreprivate.obj
 0001:000157a0       ??1LxCoreApplicationPrivate@@UAE@XZ 100167a0 f   lxcoreprivate.obj
 0001:00015840       ?runLomoxApp@LxCoreApplicationPrivate@@QAEXHQAPAD@Z 10016840 f   lxcoreprivate.obj
 0001:00015e30       ?quit@LxCoreApplicationPrivate@@QAEXXZ 10016e30 f   lxcoreprivate.obj
 0001:00015e50       ?getMainWin@LxCoreApplicationPrivate@@QAEPAVLxMainWindow@@XZ 10016e50 f   lxcoreprivate.obj
 0001:00015ee0       ?getDialogs@LxCoreApplicationPrivate@@QAEPAVLxDialogs@@XZ 10016ee0 f   lxcoreprivate.obj
 0001:00015f90       ?getDownloadManager@LxCoreApplicationPrivate@@QAEPAVLxDownloadManager@@XZ 10016f90 f   lxcoreprivate.obj
 0001:00016040       ?showMainDialog@LxCoreApplicationPrivate@@QAEXVQUrl@@@Z 10017040 f   lxcoreprivate.obj
 0001:00016530       ?getOption@LxCoreApplicationPrivate@@QAEPAVLxOption@@XZ 10017530 f   lxcoreprivate.obj
 0001:000165c0       ?setMainDialogTitle@LxCoreApplicationPrivate@@QAEXAAVQString@@@Z 100175c0 f   lxcoreprivate.obj
 0001:000169c0       ??0?$QList@VQString@@@@QAE@XZ 100179c0 f i lxcoreprivate.obj
 0001:000169e0       ??0QStringList@@QAE@XZ     100179e0 f i lxcoreprivate.obj
 0001:00016a00       ??1?$QList@VQString@@@@QAE@XZ 10017a00 f i lxcoreprivate.obj
 0001:00016a40       ??1QStringList@@QAE@XZ     10017a40 f i lxcoreprivate.obj
 0001:00016a60       ??H@YA?BVQString@@ABV0@VQChar@@@Z 10017a60 f i lxcoreprivate.obj
 0001:00016b10       ?append@?$QList@VQString@@@@QAEXABVQString@@@Z 10017b10 f i lxcoreprivate.obj
 0001:00016ce0       ?dealloc@?$QList@VQString@@@@AAEXPAUData@QListData@@@Z 10017ce0 f i lxcoreprivate.obj
 0001:00016d30       ?detach_helper_grow@?$QList@VQString@@@@AAEPAUNode@1@HH@Z 10017d30 f i lxcoreprivate.obj
 0001:00016f30       ?node_construct@?$QList@VQString@@@@AAEXPAUNode@1@ABVQString@@@Z 10017f30 f i lxcoreprivate.obj
 0001:00017060       ?node_copy@?$QList@VQString@@@@AAEXPAUNode@1@00@Z 10018060 f i lxcoreprivate.obj
 0001:00017310       ?node_destruct@?$QList@VQString@@@@AAEXPAUNode@1@0@Z 10018310 f i lxcoreprivate.obj
 0001:000173b0       ?node_destruct@?$QList@VQString@@@@AAEXPAUNode@1@@Z 100183b0 f i lxcoreprivate.obj
 0001:00017420       ??0LxMainWindow@@QAE@PAVQWidget@@@Z 10018420 f   lxmainwin.obj
 0001:000177d0       ??1LxMainWindow@@UAE@XZ    100187d0 f   lxmainwin.obj
 0001:000178a0       ?triggerPageAction@LxMainWindow@@QAEXW4WebAction@QWebPage@@_N@Z 100188a0 f   lxmainwin.obj
 0001:00017940       ?showMax@LxMainWindow@@QAEXXZ 10018940 f   lxmainwin.obj
 0001:000179c0       ?linkClickedAction@LxMainWindow@@QAEXABVQUrl@@@Z 100189c0 f   lxmainwin.obj
 0001:00017af0       ?showEvent@LxMainWindow@@MAEXPAVQShowEvent@@@Z 10018af0 f   lxmainwin.obj
 0001:00017b20       ?event@LxMainWindow@@MAE_NPAVQEvent@@@Z 10018b20 f   lxmainwin.obj
 0001:00017b40       ?_initWidget@LxMainWindow@@AAE_NXZ 10018b40 f   lxmainwin.obj
 0001:00017fb0       ??_ELxMainWindow@@UAEPAXI@Z 10018fb0 f i lxmainwin.obj
 0001:00018034       ??_ELxMainWindow@@W7AEPAXI@Z 10019034 f i lxmainwin.obj
 0001:00018040       ??_GLxMainWindow@@UAEPAXI@Z 10019040 f i lxmainwin.obj
 0001:00018080       ??0LxNetWorkCookies@@QAE@VQString@@PAVQObject@@@Z 10019080 f   lxnetworkcookie.obj
 0001:00018250       ??1LxNetWorkCookies@@UAE@XZ 10019250 f   lxnetworkcookie.obj
 0001:000182c0       ?cookiesForUrl@LxNetWorkCookies@@UBE?AV?$QList@VQNetworkCookie@@@@ABVQUrl@@@Z 100192c0 f   lxnetworkcookie.obj
 0001:00018300       ?setCookiesFromUrl@LxNetWorkCookies@@UAE_NABV?$QList@VQNetworkCookie@@@@ABVQUrl@@@Z 10019300 f   lxnetworkcookie.obj
 0001:00018390       ?SaveCookie@LxNetWorkCookies@@QAE_NXZ 10019390 f   lxnetworkcookie.obj
 0001:00018c00       ??$_Allocate@VQString@@@std@@YAPAVQString@@IPAV1@@Z 10019c00 f i lxnetworkcookie.obj
 0001:00018c60       ??$_Destroy_range@U?$_Wrap_alloc@V?$allocator@VQString@@@std@@@std@@@std@@YAXPAVQString@@0AAU?$_Wrap_alloc@V?$allocator@VQString@@@std@@@0@@Z 10019c60 f i lxnetworkcookie.obj
 0001:00018cb0       ??$_Destroy_range@U?$_Wrap_alloc@V?$allocator@VQString@@@std@@@std@@@std@@YAXPAVQString@@0AAU?$_Wrap_alloc@V?$allocator@VQString@@@std@@@0@U_Nonscalar_ptr_iterator_tag@0@@Z 10019cb0 f i lxnetworkcookie.obj
 0001:00018ce0       ??$_Move@AAPAUData@QListData@@@std@@YA$$QAPAUData@QListData@@AAPAU12@@Z 10019ce0 f i lxnetworkcookie.obj
 0001:00018cf0       ??$_Ptr_cat@VQString@@V1@@std@@YA?AU_Nonscalar_ptr_iterator_tag@0@PAVQString@@0@Z 10019cf0 f i lxnetworkcookie.obj
 0001:00018d00       ??$_Rechecked@PAVQString@@PAV1@@std@@YAAAPAVQString@@AAPAV1@PAV1@@Z 10019d00 f i lxnetworkcookie.obj
 0001:00018d20       ??$_Umove@PAVQString@@@?$vector@VQString@@V?$allocator@VQString@@@std@@@std@@IAEPAVQString@@PAV2@00@Z 10019d20 f i lxnetworkcookie.obj
 0001:00018d60       ??$_Unchecked@PAVQString@@@std@@YAPAVQString@@PAV1@@Z 10019d60 f i lxnetworkcookie.obj
 0001:00018d70       ??$_Uninit_move@PAVQString@@PAV1@U?$_Wrap_alloc@V?$allocator@VQString@@@std@@@std@@@std@@YAPAVQString@@PAV1@00AAU?$_Wrap_alloc@V?$allocator@VQString@@@std@@@0@@Z 10019d70 f i lxnetworkcookie.obj
 0001:00018dd0       ??$_Uninit_move@PAVQString@@PAV1@V?$allocator@VQString@@@std@@V1@@std@@YAPAVQString@@PAV1@00AAU?$_Wrap_alloc@V?$allocator@VQString@@@std@@@0@0U_Nonscalar_ptr_iterator_tag@0@@Z 10019dd0 f i lxnetworkcookie.obj
 0001:00018ec0       ??$_Uninitialized_move@PAVQString@@PAV1@U?$_Wrap_alloc@V?$allocator@VQString@@@std@@@std@@@std@@YAPAVQString@@PAV1@00AAU?$_Wrap_alloc@V?$allocator@VQString@@@std@@@0@@Z 10019ec0 f i lxnetworkcookie.obj
 0001:00018f20       ??$_Val_type@PAVQString@@@std@@YAPAVQString@@PAV1@@Z 10019f20 f i lxnetworkcookie.obj
 0001:00018f30       ??$addressof@$$CBVQString@@@std@@YAPBVQString@@ABV1@@Z 10019f30 f i lxnetworkcookie.obj
 0001:00018f40       ??$addressof@VQString@@@std@@YAPAVQString@@AAV1@@Z 10019f40 f i lxnetworkcookie.obj
 0001:00018f50       ??$construct@VQString@@AAV1@@?$_Wrap_alloc@V?$allocator@VQString@@@std@@@std@@QAEXPAVQString@@AAV2@@Z 10019f50 f i lxnetworkcookie.obj
 0001:00018f90       ??$construct@VQString@@AAV1@@?$allocator@VQString@@@std@@QAEXPAVQString@@AAV2@@Z 10019f90 f i lxnetworkcookie.obj
 0001:00019040       ??$construct@VQString@@AAV1@@?$allocator_traits@V?$allocator@VQString@@@std@@@std@@SAXAAV?$allocator@VQString@@@1@PAVQString@@AAV3@@Z 1001a040 f i lxnetworkcookie.obj
 0001:00019070       ??$construct@VQString@@ABV1@@?$_Wrap_alloc@V?$allocator@VQString@@@std@@@std@@QAEXPAVQString@@ABV2@@Z 1001a070 f i lxnetworkcookie.obj
 0001:000190b0       ??$construct@VQString@@ABV1@@?$allocator_traits@V?$allocator@VQString@@@std@@@std@@SAXAAV?$allocator@VQString@@@1@PAVQString@@ABV3@@Z 1001a0b0 f i lxnetworkcookie.obj
 0001:000190e0       ??$construct@VQString@@V1@@?$_Wrap_alloc@V?$allocator@VQString@@@std@@@std@@QAEXPAVQString@@$$QAV2@@Z 1001a0e0 f i lxnetworkcookie.obj
 0001:00019120       ??$construct@VQString@@V1@@?$allocator@VQString@@@std@@QAEXPAVQString@@$$QAV2@@Z 1001a120 f i lxnetworkcookie.obj
 0001:000191d0       ??$construct@VQString@@V1@@?$allocator_traits@V?$allocator@VQString@@@std@@@std@@SAXAAV?$allocator@VQString@@@1@PAVQString@@$$QAV3@@Z 1001a1d0 f i lxnetworkcookie.obj
 0001:00019200       ??$destroy@VQString@@@?$_Wrap_alloc@V?$allocator@VQString@@@std@@@std@@QAEXPAVQString@@@Z 1001a200 f i lxnetworkcookie.obj
 0001:00019230       ??$destroy@VQString@@@?$allocator@VQString@@@std@@QAEXPAVQString@@@Z 1001a230 f i lxnetworkcookie.obj
 0001:00019250       ??$destroy@VQString@@@?$allocator_traits@V?$allocator@VQString@@@std@@@std@@SAXAAV?$allocator@VQString@@@1@PAVQString@@@Z 1001a250 f i lxnetworkcookie.obj
 0001:00019270       ??$forward@AAVQString@@@std@@YAAAVQString@@AAV1@@Z 1001a270 f i lxnetworkcookie.obj
 0001:00019280       ??$forward@ABVQString@@@std@@YAABVQString@@ABV1@@Z 1001a280 f i lxnetworkcookie.obj
 0001:00019290       ??$forward@VQString@@@std@@YA$$QAVQString@@AAV1@@Z 1001a290 f i lxnetworkcookie.obj
 0001:000192a0       ??$qSwap@PAUData@QListData@@@@YAXAAPAUData@QListData@@0@Z 1001a2a0 f i lxnetworkcookie.obj
 0001:000192c0       ??$swap@PAUData@QListData@@@std@@YAXAAPAUData@QListData@@0@Z 1001a2c0 f i lxnetworkcookie.obj
 0001:00019310       ??0?$QFlags@W4OpenModeFlag@QIODevice@@@@QAE@VQFlag@@@Z 1001a310 f i lxnetworkcookie.obj
 0001:00019340       ??0?$QList@VQNetworkCookie@@@@QAE@ABV0@@Z 1001a340 f i lxnetworkcookie.obj
 0001:00019460       ??0?$QList@VQNetworkCookie@@@@QAE@XZ 1001a460 f i lxnetworkcookie.obj
 0001:00019480       ??0?$_Vector_alloc@$0A@U?$_Vec_base_types@VQString@@V?$allocator@VQString@@@std@@@std@@@std@@QAE@ABV?$allocator@VQString@@@1@@Z 1001a480 f i lxnetworkcookie.obj
 0001:000194a0       ??0?$_Vector_val@U?$_Simple_types@VQString@@@std@@@std@@QAE@XZ 1001a4a0 f i lxnetworkcookie.obj
 0001:000194e0       ??0?$_Wrap_alloc@V?$allocator@VQString@@@std@@@std@@QAE@XZ 1001a4e0 f i lxnetworkcookie.obj
 0001:00019500       ??0?$allocator@VQString@@@std@@QAE@XZ 1001a500 f i lxnetworkcookie.obj
 0001:00019520       ??0?$vector@VQString@@V?$allocator@VQString@@@std@@@std@@QAE@XZ 1001a520 f i lxnetworkcookie.obj
 0001:00019550       ??1?$QList@VQNetworkCookie@@@@QAE@XZ 1001a550 f i lxnetworkcookie.obj
 0001:00019590       ??1?$vector@VQString@@V?$allocator@VQString@@@std@@@std@@QAE@XZ 1001a590 f i lxnetworkcookie.obj
 0001:000195b0       ??4?$QList@VQNetworkCookie@@@@QAEAAV0@$$QAV0@@Z 1001a5b0 f i lxnetworkcookie.obj
 0001:000195e0       ??4?$QList@VQNetworkCookie@@@@QAEAAV0@ABV0@@Z 1001a5e0 f i lxnetworkcookie.obj
 0001:00019680       ??A?$vector@VQString@@V?$allocator@VQString@@@std@@@std@@QAEAAVQString@@I@Z 1001a680 f i lxnetworkcookie.obj
 0001:000196a0       ??U?$QFlags@W4OpenModeFlag@QIODevice@@@@QBE?AV0@W4OpenModeFlag@QIODevice@@@Z 1001a6a0 f i lxnetworkcookie.obj
 0001:000196e0       ??U@YA?AV?$QFlags@W4OpenModeFlag@QIODevice@@@@W4OpenModeFlag@QIODevice@@0@Z 1001a6e0 f i lxnetworkcookie.obj
 0001:00019710       ??Y?$QList@VQNetworkCookie@@@@QAEAAV0@ABV0@@Z 1001a710 f i lxnetworkcookie.obj
 0001:00019890       ??_GLxNetWorkCookies@@UAEPAXI@Z 1001a890 f i lxnetworkcookie.obj
 0001:00019890       ??_ELxNetWorkCookies@@UAEPAXI@Z 1001a890 f i lxnetworkcookie.obj
 0001:000198d0       ??_GQNetworkCookie@@QAEPAXI@Z 1001a8d0 f i lxnetworkcookie.obj
 0001:00019910       ?_Destroy@?$vector@VQString@@V?$allocator@VQString@@@std@@@std@@IAEXPAVQString@@0@Z 1001a910 f i lxnetworkcookie.obj
 0001:00019950       ?_Getal@?$_Vector_alloc@$0A@U?$_Vec_base_types@VQString@@V?$allocator@VQString@@@std@@@std@@@std@@QBE?AU?$_Wrap_alloc@V?$allocator@VQString@@@std@@@2@XZ 1001a950 f i lxnetworkcookie.obj
 0001:00019970       ?_Grow_to@?$vector@VQString@@V?$allocator@VQString@@@std@@@std@@IBEII@Z 1001a970 f i lxnetworkcookie.obj
 0001:000199e0       ?_Inside@?$vector@VQString@@V?$allocator@VQString@@@std@@@std@@IBE_NPBVQString@@@Z 1001a9e0 f i lxnetworkcookie.obj
 0001:00019a30       ?_Orphan_range@?$vector@VQString@@V?$allocator@VQString@@@std@@@std@@IBEXPAVQString@@0@Z 1001aa30 f i lxnetworkcookie.obj
 0001:00019a40       ?_Reallocate@?$vector@VQString@@V?$allocator@VQString@@@std@@@std@@IAEXI@Z 1001aa40 f i lxnetworkcookie.obj
 0001:00019bd0       ?_Reserve@?$vector@VQString@@V?$allocator@VQString@@@std@@@std@@IAEXI@Z 1001abd0 f i lxnetworkcookie.obj
 0001:00019c40       ?_Tidy@?$vector@VQString@@V?$allocator@VQString@@@std@@@std@@IAEXXZ 1001ac40 f i lxnetworkcookie.obj
 0001:00019ce0       ?_Unused_capacity@?$vector@VQString@@V?$allocator@VQString@@@std@@@std@@QBEIXZ 1001ace0 f i lxnetworkcookie.obj
 0001:00019d00       ?_Xlen@?$vector@VQString@@V?$allocator@VQString@@@std@@@std@@IBEXXZ 1001ad00 f i lxnetworkcookie.obj
 0001:00019d20       ?_Xran@?$vector@VQString@@V?$allocator@VQString@@@std@@@std@@IBEXXZ 1001ad20 f i lxnetworkcookie.obj
 0001:00019d40       ?allocate@?$_Wrap_alloc@V?$allocator@VQString@@@std@@@std@@QAEPAVQString@@I@Z 1001ad40 f i lxnetworkcookie.obj
 0001:00019d60       ?allocate@?$allocator@VQString@@@std@@QAEPAVQString@@I@Z 1001ad60 f i lxnetworkcookie.obj
 0001:00019d90       ?append@?$QList@VQNetworkCookie@@@@QAEXABV1@@Z 1001ad90 f i lxnetworkcookie.obj
 0001:00019db0       ?at@?$QList@VQNetworkCookie@@@@QBEABVQNetworkCookie@@H@Z 1001adb0 f i lxnetworkcookie.obj
 0001:00019de0       ?at@?$vector@VQString@@V?$allocator@VQString@@@std@@@std@@QAEAAVQString@@I@Z 1001ade0 f i lxnetworkcookie.obj
 0001:00019e20       ?capacity@?$vector@VQString@@V?$allocator@VQString@@@std@@@std@@QBEIXZ 1001ae20 f i lxnetworkcookie.obj
 0001:00019e40       ?construct@?$allocator@VQString@@@std@@QAEXPAVQString@@ABV3@@Z 1001ae40 f i lxnetworkcookie.obj
 0001:00019ee0       ?dealloc@?$QList@VQNetworkCookie@@@@AAEXPAUData@QListData@@@Z 1001aee0 f i lxnetworkcookie.obj
 0001:00019f30       ?deallocate@?$_Wrap_alloc@V?$allocator@VQString@@@std@@@std@@QAEXPAVQString@@I@Z 1001af30 f i lxnetworkcookie.obj
 0001:00019f60       ?deallocate@?$allocator@VQString@@@std@@QAEXPAVQString@@I@Z 1001af60 f i lxnetworkcookie.obj
 0001:00019f80       ?detach_helper_grow@?$QList@VQNetworkCookie@@@@AAEPAUNode@1@HH@Z 1001af80 f i lxnetworkcookie.obj
 0001:0001a180       ?isEmpty@?$QList@VQNetworkCookie@@@@QBE_NXZ 1001b180 f i lxnetworkcookie.obj
 0001:0001a1a0       ?max_size@?$_Wrap_alloc@V?$allocator@VQString@@@std@@@std@@QBEIXZ 1001b1a0 f i lxnetworkcookie.obj
 0001:0001a1c0       ?max_size@?$allocator@VQString@@@std@@QBEIXZ 1001b1c0 f i lxnetworkcookie.obj
 0001:0001a1e0       ?max_size@?$allocator_traits@V?$allocator@VQString@@@std@@@std@@SAIABV?$allocator@VQString@@@2@@Z 1001b1e0 f i lxnetworkcookie.obj
 0001:0001a1f0       ?max_size@?$vector@VQString@@V?$allocator@VQString@@@std@@@std@@QBEIXZ 1001b1f0 f i lxnetworkcookie.obj
 0001:0001a220       ?node_copy@?$QList@VQNetworkCookie@@@@AAEXPAUNode@1@00@Z 1001b220 f i lxnetworkcookie.obj
 0001:0001a4d0       ?node_destruct@?$QList@VQNetworkCookie@@@@AAEXPAUNode@1@0@Z 1001b4d0 f i lxnetworkcookie.obj
 0001:0001a570       ?push_back@?$vector@VQString@@V?$allocator@VQString@@@std@@@std@@QAEX$$QAVQString@@@Z 1001b570 f i lxnetworkcookie.obj
 0001:0001a6d0       ?push_back@?$vector@VQString@@V?$allocator@VQString@@@std@@@std@@QAEXABVQString@@@Z 1001b6d0 f i lxnetworkcookie.obj
 0001:0001a820       ?ref@RefCount@QtPrivate@@QAE_NXZ 1001b820 f i lxnetworkcookie.obj
 0001:0001a860       ?size@?$QList@VQNetworkCookie@@@@QBEHXZ 1001b860 f i lxnetworkcookie.obj
 0001:0001a880       ?size@?$vector@VQString@@V?$allocator@VQString@@@std@@@std@@QBEIXZ 1001b880 f i lxnetworkcookie.obj
 0001:0001a8a0       ?swap@?$QList@VQNetworkCookie@@@@QAEXAAV1@@Z 1001b8a0 f i lxnetworkcookie.obj
 0001:0001a8d0       ?t@Node@?$QList@VQNetworkCookie@@@@QAEAAVQNetworkCookie@@XZ 1001b8d0 f i lxnetworkcookie.obj
 0001:0001a900       ??0LxWebPage@@QAE@PAVQObject@@@Z 1001b900 f   lxwebpage.obj
 0001:0001a9c0       ??1LxWebPage@@UAE@XZ       1001b9c0 f   lxwebpage.obj
 0001:0001a9e0       ?acceptNavigationRequest@LxWebPage@@MAE_NPAVQWebFrame@@ABVQNetworkRequest@@W4NavigationType@QWebPage@@@Z 1001b9e0 f   lxwebpage.obj
 0001:0001ab90       ?permissionRequested@LxWebPage@@AAEXPAVQWebFrame@@W4Feature@QWebPage@@@Z 1001bb90 f   lxwebpage.obj
 0001:0001abb0       ?handleUnsupportedContent@LxWebPage@@AAEXPAVQNetworkReply@@@Z 1001bbb0 f   lxwebpage.obj
 0001:0001b4b0       ??_ELxWebPage@@UAEPAXI@Z   1001c4b0 f i lxwebpage.obj
 0001:0001b4b0       ??_GLxWebPage@@UAEPAXI@Z   1001c4b0 f i lxwebpage.obj
 0001:0001b4f0       ??0LxWebPluginFactory@@QAE@PAVQObject@@@Z 1001c4f0 f   lxwebpluginfactory.obj
 0001:0001b5b0       ??1LxWebPluginFactory@@UAE@XZ 1001c5b0 f   lxwebpluginfactory.obj
 0001:0001b620       ?plugins@LxWebPluginFactory@@UBE?AV?$QList@UPlugin@QWebPluginFactory@@@@XZ 1001c620 f   lxwebpluginfactory.obj
 0001:0001b7c0       ?getPluginsFromPath@LxWebPluginFactory@@QBEXVQString@@AAV?$QList@UPlugin@QWebPluginFactory@@@@@Z 1001c7c0 f   lxwebpluginfactory.obj
 0001:0001bdb0       ?create@LxWebPluginFactory@@UBEPAVQObject@@ABVQString@@ABVQUrl@@ABVQStringList@@2@Z 1001cdb0 f   lxwebpluginfactory.obj
 0001:0001c270       ??$?6VQString@@@@YA?AVQDebug@@V0@ABV?$QList@VQString@@@@@Z 1001d270 f i lxwebpluginfactory.obj
 0001:0001c3a0       ??$qobject_cast@PAVLxWebKitPluginInterface@@@@YAPAVLxWebKitPluginInterface@@PAVQObject@@@Z 1001d3a0 f i lxwebpluginfactory.obj
 0001:0001c3e0       ??0?$QFlags@W4Filter@QDir@@@@QAE@W4Filter@QDir@@@Z 1001d3e0 f i lxwebpluginfactory.obj
 0001:0001c400       ??0?$QFlags@W4SortFlag@QDir@@@@QAE@W4SortFlag@QDir@@@Z 1001d400 f i lxwebpluginfactory.obj
 0001:0001c420       ??0?$QForeachContainer@V?$QList@UMimeType@QWebPluginFactory@@@@@@QAE@ABV?$QList@UMimeType@QWebPluginFactory@@@@@Z 1001d420 f i lxwebpluginfactory.obj
 0001:0001c4c0       ??0?$QForeachContainer@VQStringList@@@@QAE@ABVQStringList@@@Z 1001d4c0 f i lxwebpluginfactory.obj
 0001:0001c560       ??0?$QList@PAVLxWebKitPluginInterface@@@@QAE@XZ 1001d560 f i lxwebpluginfactory.obj
 0001:0001c580       ??0?$QList@UMimeType@QWebPluginFactory@@@@QAE@ABV0@@Z 1001d580 f i lxwebpluginfactory.obj
 0001:0001c6a0       ??0?$QList@UPlugin@QWebPluginFactory@@@@QAE@ABV0@@Z 1001d6a0 f i lxwebpluginfactory.obj
 0001:0001c7c0       ??0?$QList@UPlugin@QWebPluginFactory@@@@QAE@XZ 1001d7c0 f i lxwebpluginfactory.obj
 0001:0001c7e0       ??0?$QList@V?$QList@UPlugin@QWebPluginFactory@@@@@@QAE@XZ 1001d7e0 f i lxwebpluginfactory.obj
 0001:0001c800       ??0?$QList@VQString@@@@QAE@ABV0@@Z 1001d800 f i lxwebpluginfactory.obj
 0001:0001c920       ??0Plugin@QWebPluginFactory@@QAE@ABU01@@Z 1001d920 f i lxwebpluginfactory.obj
 0001:0001c9c0       ??0QStringList@@QAE@ABV0@@Z 1001d9c0 f i lxwebpluginfactory.obj
 0001:0001c9f0       ??0const_iterator@?$QList@UMimeType@QWebPluginFactory@@@@QAE@PAUNode@1@@Z 1001d9f0 f i lxwebpluginfactory.obj
 0001:0001ca10       ??0const_iterator@?$QList@VQString@@@@QAE@PAUNode@1@@Z 1001da10 f i lxwebpluginfactory.obj
 0001:0001ca30       ??1?$QForeachContainer@V?$QList@UMimeType@QWebPluginFactory@@@@@@QAE@XZ 1001da30 f i lxwebpluginfactory.obj
 0001:0001ca50       ??1?$QForeachContainer@VQStringList@@@@QAE@XZ 1001da50 f i lxwebpluginfactory.obj
 0001:0001ca70       ??1?$QList@PAVLxWebKitPluginInterface@@@@QAE@XZ 1001da70 f i lxwebpluginfactory.obj
 0001:0001cab0       ??1?$QList@UMimeType@QWebPluginFactory@@@@QAE@XZ 1001dab0 f i lxwebpluginfactory.obj
 0001:0001caf0       ??1?$QList@UPlugin@QWebPluginFactory@@@@QAE@XZ 1001daf0 f i lxwebpluginfactory.obj
 0001:0001cb30       ??1?$QList@V?$QList@UPlugin@QWebPluginFactory@@@@@@QAE@XZ 1001db30 f i lxwebpluginfactory.obj
 0001:0001cb70       ??1Plugin@QWebPluginFactory@@QAE@XZ 1001db70 f i lxwebpluginfactory.obj
 0001:0001cbf0       ??4?$QList@UPlugin@QWebPluginFactory@@@@QAEAAV0@$$QAV0@@Z 1001dbf0 f i lxwebpluginfactory.obj
 0001:0001cc20       ??4?$QList@UPlugin@QWebPluginFactory@@@@QAEAAV0@ABV0@@Z 1001dc20 f i lxwebpluginfactory.obj
 0001:0001ccc0       ??6QStringList@@QAEAAV0@ABVQString@@@Z 1001dcc0 f i lxwebpluginfactory.obj
 0001:0001ccf0       ??9const_iterator@?$QList@UMimeType@QWebPluginFactory@@@@QBE_NABV01@@Z 1001dcf0 f i lxwebpluginfactory.obj
 0001:0001cd30       ??9const_iterator@?$QList@VQString@@@@QBE_NABV01@@Z 1001dd30 f i lxwebpluginfactory.obj
 0001:0001cd70       ??A?$QList@PAVLxWebKitPluginInterface@@@@QAEAAPAVLxWebKitPluginInterface@@H@Z 1001dd70 f i lxwebpluginfactory.obj
 0001:0001cdb0       ??A?$QList@UPlugin@QWebPluginFactory@@@@QAEAAUPlugin@QWebPluginFactory@@H@Z 1001ddb0 f i lxwebpluginfactory.obj
 0001:0001cdf0       ??A?$QList@V?$QList@UPlugin@QWebPluginFactory@@@@@@QAEAAV?$QList@UPlugin@QWebPluginFactory@@@@H@Z 1001ddf0 f i lxwebpluginfactory.obj
 0001:0001ce30       ??Dconst_iterator@?$QList@UMimeType@QWebPluginFactory@@@@QBEABUMimeType@QWebPluginFactory@@XZ 1001de30 f i lxwebpluginfactory.obj
 0001:0001ce50       ??Dconst_iterator@?$QList@VQString@@@@QBEABVQString@@XZ 1001de50 f i lxwebpluginfactory.obj
 0001:0001ce70       ??Econst_iterator@?$QList@UMimeType@QWebPluginFactory@@@@QAEAAV01@XZ 1001de70 f i lxwebpluginfactory.obj
 0001:0001cea0       ??Econst_iterator@?$QList@VQString@@@@QAEAAV01@XZ 1001dea0 f i lxwebpluginfactory.obj
 0001:0001ced0       ??Y?$QList@UPlugin@QWebPluginFactory@@@@QAEAAV0@ABV0@@Z 1001ded0 f i lxwebpluginfactory.obj
 0001:0001d050       ??_G?$QList@UPlugin@QWebPluginFactory@@@@QAEPAXI@Z 1001e050 f i lxwebpluginfactory.obj
 0001:0001d090       ??_GLxWebPluginFactory@@UAEPAXI@Z 1001e090 f i lxwebpluginfactory.obj
 0001:0001d090       ??_ELxWebPluginFactory@@UAEPAXI@Z 1001e090 f i lxwebpluginfactory.obj
 0001:0001d0d0       ??_GMimeType@QWebPluginFactory@@QAEPAXI@Z 1001e0d0 f i lxwebpluginfactory.obj
 0001:0001d110       ??_GPlugin@QWebPluginFactory@@QAEPAXI@Z 1001e110 f i lxwebpluginfactory.obj
 0001:0001d150       ?append@?$QList@PAVLxWebKitPluginInterface@@@@QAEXABQAVLxWebKitPluginInterface@@@Z 1001e150 f i lxwebpluginfactory.obj
 0001:0001d320       ?append@?$QList@UPlugin@QWebPluginFactory@@@@QAEXABV1@@Z 1001e320 f i lxwebpluginfactory.obj
 0001:0001d340       ?append@?$QList@V?$QList@UPlugin@QWebPluginFactory@@@@@@QAEXABV?$QList@UPlugin@QWebPluginFactory@@@@@Z 1001e340 f i lxwebpluginfactory.obj
 0001:0001d510       ?at@?$QList@UPlugin@QWebPluginFactory@@@@QBEABUPlugin@QWebPluginFactory@@H@Z 1001e510 f i lxwebpluginfactory.obj
 0001:0001d540       ?at@?$QList@VQString@@@@QBEABVQString@@H@Z 1001e540 f i lxwebpluginfactory.obj
 0001:0001d570       ?begin@?$QList@UMimeType@QWebPluginFactory@@@@QBE?AVconst_iterator@1@XZ 1001e570 f i lxwebpluginfactory.obj
 0001:0001d5a0       ?begin@?$QList@VQString@@@@QBE?AVconst_iterator@1@XZ 1001e5a0 f i lxwebpluginfactory.obj
 0001:0001d5d0       ?clear@?$QList@UPlugin@QWebPluginFactory@@@@QAEXXZ 1001e5d0 f i lxwebpluginfactory.obj
 0001:0001d660       ?count@?$QList@VQString@@@@QBEHXZ 1001e660 f i lxwebpluginfactory.obj
 0001:0001d680       ?dealloc@?$QList@PAVLxWebKitPluginInterface@@@@AAEXPAUData@QListData@@@Z 1001e680 f i lxwebpluginfactory.obj
 0001:0001d6d0       ?dealloc@?$QList@UMimeType@QWebPluginFactory@@@@AAEXPAUData@QListData@@@Z 1001e6d0 f i lxwebpluginfactory.obj
 0001:0001d720       ?dealloc@?$QList@UPlugin@QWebPluginFactory@@@@AAEXPAUData@QListData@@@Z 1001e720 f i lxwebpluginfactory.obj
 0001:0001d770       ?dealloc@?$QList@V?$QList@UPlugin@QWebPluginFactory@@@@@@AAEXPAUData@QListData@@@Z 1001e770 f i lxwebpluginfactory.obj
 0001:0001d7c0       ?detach@?$QList@PAVLxWebKitPluginInterface@@@@QAEXXZ 1001e7c0 f i lxwebpluginfactory.obj
 0001:0001d7f0       ?detach@?$QList@UPlugin@QWebPluginFactory@@@@QAEXXZ 1001e7f0 f i lxwebpluginfactory.obj
 0001:0001d820       ?detach@?$QList@V?$QList@UPlugin@QWebPluginFactory@@@@@@QAEXXZ 1001e820 f i lxwebpluginfactory.obj
 0001:0001d850       ?detach_helper@?$QList@PAVLxWebKitPluginInterface@@@@AAEXH@Z 1001e850 f i lxwebpluginfactory.obj
 0001:0001d970       ?detach_helper@?$QList@PAVLxWebKitPluginInterface@@@@AAEXXZ 1001e970 f i lxwebpluginfactory.obj
 0001:0001d9a0       ?detach_helper@?$QList@UPlugin@QWebPluginFactory@@@@AAEXH@Z 1001e9a0 f i lxwebpluginfactory.obj
 0001:0001dac0       ?detach_helper@?$QList@UPlugin@QWebPluginFactory@@@@AAEXXZ 1001eac0 f i lxwebpluginfactory.obj
 0001:0001daf0       ?detach_helper@?$QList@V?$QList@UPlugin@QWebPluginFactory@@@@@@AAEXH@Z 1001eaf0 f i lxwebpluginfactory.obj
 0001:0001dc10       ?detach_helper@?$QList@V?$QList@UPlugin@QWebPluginFactory@@@@@@AAEXXZ 1001ec10 f i lxwebpluginfactory.obj
 0001:0001dc40       ?detach_helper_grow@?$QList@PAVLxWebKitPluginInterface@@@@AAEPAUNode@1@HH@Z 1001ec40 f i lxwebpluginfactory.obj
 0001:0001de40       ?detach_helper_grow@?$QList@UPlugin@QWebPluginFactory@@@@AAEPAUNode@1@HH@Z 1001ee40 f i lxwebpluginfactory.obj
 0001:0001e040       ?detach_helper_grow@?$QList@V?$QList@UPlugin@QWebPluginFactory@@@@@@AAEPAUNode@1@HH@Z 1001f040 f i lxwebpluginfactory.obj
 0001:0001e240       ?end@?$QList@UMimeType@QWebPluginFactory@@@@QBE?AVconst_iterator@1@XZ 1001f240 f i lxwebpluginfactory.obj
 0001:0001e270       ?end@?$QList@VQString@@@@QBE?AVconst_iterator@1@XZ 1001f270 f i lxwebpluginfactory.obj
 0001:0001e2a0       ?extension@LxWebPluginFactory@@UAE_NW4Extension@QWebPluginFactory@@PBVExtensionOption@3@PAVExtensionReturn@3@@Z 1001f2a0 f i lxwebpluginfactory.obj
 0001:0001e2c0       ?isEmpty@?$QList@UPlugin@QWebPluginFactory@@@@QBE_NXZ 1001f2c0 f i lxwebpluginfactory.obj
 0001:0001e2e0       ?node_construct@?$QList@PAVLxWebKitPluginInterface@@@@AAEXPAUNode@1@ABQAVLxWebKitPluginInterface@@@Z 1001f2e0 f i lxwebpluginfactory.obj
 0001:0001e3a0       ?node_construct@?$QList@V?$QList@UPlugin@QWebPluginFactory@@@@@@AAEXPAUNode@1@ABV?$QList@UPlugin@QWebPluginFactory@@@@@Z 1001f3a0 f i lxwebpluginfactory.obj
 0001:0001e4c0       ?node_copy@?$QList@PAVLxWebKitPluginInterface@@@@AAEXPAUNode@1@00@Z 1001f4c0 f i lxwebpluginfactory.obj
 0001:0001e710       ?node_copy@?$QList@UMimeType@QWebPluginFactory@@@@AAEXPAUNode@1@00@Z 1001f710 f i lxwebpluginfactory.obj
 0001:0001e9d0       ?node_copy@?$QList@UPlugin@QWebPluginFactory@@@@AAEXPAUNode@1@00@Z 1001f9d0 f i lxwebpluginfactory.obj
 0001:0001ec90       ?node_copy@?$QList@V?$QList@UPlugin@QWebPluginFactory@@@@@@AAEXPAUNode@1@00@Z 1001fc90 f i lxwebpluginfactory.obj
 0001:0001ef40       ?node_destruct@?$QList@PAVLxWebKitPluginInterface@@@@AAEXPAUNode@1@0@Z 1001ff40 f i lxwebpluginfactory.obj
 0001:0001efb0       ?node_destruct@?$QList@PAVLxWebKitPluginInterface@@@@AAEXPAUNode@1@@Z 1001ffb0 f i lxwebpluginfactory.obj
 0001:0001efe0       ?node_destruct@?$QList@UMimeType@QWebPluginFactory@@@@AAEXPAUNode@1@0@Z 1001ffe0 f i lxwebpluginfactory.obj
 0001:0001f080       ?node_destruct@?$QList@UPlugin@QWebPluginFactory@@@@AAEXPAUNode@1@0@Z 10020080 f i lxwebpluginfactory.obj
 0001:0001f120       ?node_destruct@?$QList@V?$QList@UPlugin@QWebPluginFactory@@@@@@AAEXPAUNode@1@0@Z 10020120 f i lxwebpluginfactory.obj
 0001:0001f1c0       ?node_destruct@?$QList@V?$QList@UPlugin@QWebPluginFactory@@@@@@AAEXPAUNode@1@@Z 100201c0 f i lxwebpluginfactory.obj
 0001:0001f230       ?size@?$QList@UPlugin@QWebPluginFactory@@@@QBEHXZ 10020230 f i lxwebpluginfactory.obj
 0001:0001f250       ?size@?$QList@V?$QList@UPlugin@QWebPluginFactory@@@@@@QBEHXZ 10020250 f i lxwebpluginfactory.obj
 0001:0001f270       ?size@?$QList@VQString@@@@QBEHXZ 10020270 f i lxwebpluginfactory.obj
 0001:0001f290       ?supportsExtension@LxWebPluginFactory@@UBE_NW4Extension@QWebPluginFactory@@@Z 10020290 f i lxwebpluginfactory.obj
 0001:0001f2b0       ?swap@?$QList@UPlugin@QWebPluginFactory@@@@QAEXAAV1@@Z 100202b0 f i lxwebpluginfactory.obj
 0001:0001f2e0       ?t@Node@?$QList@PAVLxWebKitPluginInterface@@@@QAEAAPAVLxWebKitPluginInterface@@XZ 100202e0 f i lxwebpluginfactory.obj
 0001:0001f310       ?t@Node@?$QList@UMimeType@QWebPluginFactory@@@@QAEAAUMimeType@QWebPluginFactory@@XZ 10020310 f i lxwebpluginfactory.obj
 0001:0001f350       ?t@Node@?$QList@UPlugin@QWebPluginFactory@@@@QAEAAUPlugin@QWebPluginFactory@@XZ 10020350 f i lxwebpluginfactory.obj
 0001:0001f390       ?t@Node@?$QList@V?$QList@UPlugin@QWebPluginFactory@@@@@@QAEAAV?$QList@UPlugin@QWebPluginFactory@@@@XZ 10020390 f i lxwebpluginfactory.obj
 0001:0001f3c0       ?t@Node@?$QList@VQString@@@@QAEAAVQString@@XZ 100203c0 f i lxwebpluginfactory.obj
 0001:0001f3f0       ??0LxCoreApplication@@QAE@PAVQObject@@PAVQWebView@@VQString@@@Z 100203f0 f   lxcoreapplication.obj
 0001:0001f600       ??1LxCoreApplication@@UAE@XZ 10020600 f   lxcoreapplication.obj
 0001:0001f6e0       ?getDialogs@LxCoreApplication@@ABEPAVQObject@@XZ 100206e0 f   lxcoreapplication.obj
 0001:0001f700       ?getLib@LxCoreApplication@@ABEPAVQObject@@XZ 10020700 f   lxcoreapplication.obj
 0001:0001f730       ?getFile@LxCoreApplication@@ABEPAVQObject@@XZ 10020730 f   lxcoreapplication.obj
 0001:0001f760       ?getDir@LxCoreApplication@@ABEPAVQObject@@XZ 10020760 f   lxcoreapplication.obj
 0001:0001f790       ?getArguments@LxCoreApplication@@ABE?AVQVariant@@XZ 10020790 f   lxcoreapplication.obj
 0001:0001f820       ?getVersion@LxCoreApplication@@ABE?AVQVariant@@XZ 10020820 f   lxcoreapplication.obj
 0001:0001f8b0       ?getAppPath@LxCoreApplication@@ABE?AVQVariant@@XZ 100208b0 f   lxcoreapplication.obj
 0001:0001f940       ?clearMemoryCaches@LxCoreApplication@@AAEXXZ 10020940 f   lxcoreapplication.obj
 0001:0001f960       ?getHttpTool@LxCoreApplication@@AAEPAVQObject@@XZ 10020960 f   lxcoreapplication.obj
[...]
 0004:00000a3c       __imp_?mouseDoubleClickEvent@QWidget@@MAEXPAVQMouseEvent@@@Z 1004ca3c     Qt5Widgets:Qt5Widgets.dll
 0004:00000a40       __imp_?minimumSizeHint@QWidget@@UBE?AVQSize@@XZ 1004ca40     Qt5Widgets:Qt5Widgets.dll
 0004:00000a44       __imp_?metric@QWidget@@MBEHW4PaintDeviceMetric@QPaintDevice@@@Z 1004ca44     Qt5Widgets:Qt5Widgets.dll
 0004:00000a48       __imp_?metaObject@QSystemTrayIcon@@UBEPBUQMetaObject@@XZ 1004ca48     Qt5Widgets:Qt5Widgets.dll
 0004:00000a4c       __imp_?qt_metacast@QMenu@@UAEPAXPBD@Z 1004ca4c     Qt5Widgets:Qt5Widgets.dll
 0004:00000a50       __imp_?metaObject@QAction@@UBEPBUQMetaObject@@XZ 1004ca50     Qt5Widgets:Qt5Widgets.dll
 0004:00000a54       __imp_?leaveEvent@QWidget@@MAEXPAVQEvent@@@Z 1004ca54     Qt5Widgets:Qt5Widgets.dll
 0004:00000a58       __imp_?leaveEvent@QMenu@@MAEXPAVQEvent@@@Z 1004ca58     Qt5Widgets:Qt5Widgets.dll
 0004:00000a5c       __imp_?keyReleaseEvent@QWidget@@MAEXPAVQKeyEvent@@@Z 1004ca5c     Qt5Widgets:Qt5Widgets.dll
 0004:00000a60       __imp_?keyPressEvent@QWidget@@MAEXPAVQKeyEvent@@@Z 1004ca60     Qt5Widgets:Qt5Widgets.dll
 0004:00000a64       __imp_?keyPressEvent@QMenu@@MAEXPAVQKeyEvent@@@Z 1004ca64     Qt5Widgets:Qt5Widgets.dll
 0004:00000a68       __imp_?minimumSizeHint@QLabel@@UBE?AVQSize@@XZ 1004ca68     Qt5Widgets:Qt5Widgets.dll
 0004:00000a6c       __imp_?mouseMoveEvent@QLabel@@MAEXPAVQMouseEvent@@@Z 1004ca6c     Qt5Widgets:Qt5Widgets.dll
 0004:00000a70       __imp_?mousePressEvent@QLabel@@MAEXPAVQMouseEvent@@@Z 1004ca70     Qt5Widgets:Qt5Widgets.dll
 0004:00000a74       __imp_?mouseReleaseEvent@QLabel@@MAEXPAVQMouseEvent@@@Z 1004ca74     Qt5Widgets:Qt5Widgets.dll
 0004:00000a78       __imp_?open@QDialog@@UAEXXZ 1004ca78     Qt5Widgets:Qt5Widgets.dll
 0004:00000a7c       __imp_?paintEvent@QLabel@@MAEXPAVQPaintEvent@@@Z 1004ca7c     Qt5Widgets:Qt5Widgets.dll
 0004:00000a80       __imp_?qt_metacall@QBoxLayout@@UAEHW4Call@QMetaObject@@HPAPAX@Z 1004ca80     Qt5Widgets:Qt5Widgets.dll
 0004:00000a84       __imp_?qt_metacall@QLabel@@UAEHW4Call@QMetaObject@@HPAPAX@Z 1004ca84     Qt5Widgets:Qt5Widgets.dll
 0004:00000a88       __imp_?qt_metacast@QBoxLayout@@UAEPAXPBD@Z 1004ca88     Qt5Widgets:Qt5Widgets.dll
 0004:00000a8c       __imp_?qt_metacast@QLabel@@UAEPAXPBD@Z 1004ca8c     Qt5Widgets:Qt5Widgets.dll
 0004:00000a90       __imp_?reject@QDialog@@UAEXXZ 1004ca90     Qt5Widgets:Qt5Widgets.dll
 0004:00000a94       __imp_?resizeEvent@QDialog@@MAEXPAVQResizeEvent@@@Z 1004ca94     Qt5Widgets:Qt5Widgets.dll
 0004:00000a98       __imp_?setGeometry@QBoxLayout@@UAEXABVQRect@@@Z 1004ca98     Qt5Widgets:Qt5Widgets.dll
 0004:00000a9c       __imp_?showEvent@QDialog@@MAEXPAVQShowEvent@@@Z 1004ca9c     Qt5Widgets:Qt5Widgets.dll
 0004:00000aa0       __imp_?qt_metacast@QSystemTrayIcon@@UAEPAXPBD@Z 1004caa0     Qt5Widgets:Qt5Widgets.dll
 0004:00000aa4       __imp_?redirected@QWidget@@MBEPAVQPaintDevice@@PAVQPoint@@@Z 1004caa4     Qt5Widgets:Qt5Widgets.dll
 0004:00000aa8       __imp_?resizeEvent@QWidget@@MAEXPAVQResizeEvent@@@Z 1004caa8     Qt5Widgets:Qt5Widgets.dll
 0004:00000aac       __imp_?setVisible@QWidget@@UAEX_N@Z 1004caac     Qt5Widgets:Qt5Widgets.dll
 0004:00000ab0       __imp_?sharedPainter@QWidget@@MBEPAVQPainter@@XZ 1004cab0     Qt5Widgets:Qt5Widgets.dll
 0004:00000ab4       __imp_?showEvent@QWidget@@MAEXPAVQShowEvent@@@Z 1004cab4     Qt5Widgets:Qt5Widgets.dll
 0004:00000ab8       __imp_?sizeHint@QMenu@@UBE?AVQSize@@XZ 1004cab8     Qt5Widgets:Qt5Widgets.dll
 0004:00000abc       __imp_?sizeHint@QWidget@@UBE?AVQSize@@XZ 1004cabc     Qt5Widgets:Qt5Widgets.dll
 0004:00000ac0       __imp_?tabletEvent@QWidget@@MAEXPAVQTabletEvent@@@Z 1004cac0     Qt5Widgets:Qt5Widgets.dll
 0004:00000ac4       __imp_?timerEvent@QMenu@@MAEXPAVQTimerEvent@@@Z 1004cac4     Qt5Widgets:Qt5Widgets.dll
 0004:00000ac8       __imp_?wheelEvent@QMenu@@MAEXPAVQWheelEvent@@@Z 1004cac8     Qt5Widgets:Qt5Widgets.dll
 0004:00000acc       __imp_?wheelEvent@QWidget@@MAEXPAVQWheelEvent@@@Z 1004cacc     Qt5Widgets:Qt5Widgets.dll
 0004:00000ad0       __imp_?winId@QWidget@@QBEIXZ 1004cad0     Qt5Widgets:Qt5Widgets.dll
 0004:00000ad4       __imp_?setStyleSheet@QWidget@@QAEXABVQString@@@Z 1004cad4     Qt5Widgets:Qt5Widgets.dll
 0004:00000ad8       __imp_?minimumSizeHint@QDialog@@UBE?AVQSize@@XZ 1004cad8     Qt5Widgets:Qt5Widgets.dll
 0004:00000adc       __imp_?repaint@QWidget@@QAEXXZ 1004cadc     Qt5Widgets:Qt5Widgets.dll
 0004:00000ae0       __imp_?setWindowFlags@QWidget@@QAEXV?$QFlags@W4WindowType@Qt@@@@@Z 1004cae0     Qt5Widgets:Qt5Widgets.dll
 0004:00000ae4       __imp_?setAttribute@QWidget@@QAEXW4WidgetAttribute@Qt@@_N@Z 1004cae4     Qt5Widgets:Qt5Widgets.dll
 0004:00000ae8       __imp_?setWindowTitle@QWidget@@QAEXABVQString@@@Z 1004cae8     Qt5Widgets:Qt5Widgets.dll
 0004:00000aec       __imp_?show@QWidget@@QAEXXZ 1004caec     Qt5Widgets:Qt5Widgets.dll
 0004:00000af0       __imp_??0QApplication@@QAE@AAHPAPADH@Z 1004caf0     Qt5Widgets:Qt5Widgets.dll
 0004:00000af4       __imp_??1QApplication@@UAE@XZ 1004caf4     Qt5Widgets:Qt5Widgets.dll
 0004:00000af8       __imp_?exec@QApplication@@SAHXZ 1004caf8     Qt5Widgets:Qt5Widgets.dll
 0004:00000afc       __imp_?setGeometry@QWidget@@QAEXABVQRect@@@Z 1004cafc     Qt5Widgets:Qt5Widgets.dll
 0004:00000b00       __imp_??0QDesktopWidget@@QAE@XZ 1004cb00     Qt5Widgets:Qt5Widgets.dll
 0004:00000b04       __imp_??1QDesktopWidget@@UAE@XZ 1004cb04     Qt5Widgets:Qt5Widgets.dll
 0004:00000b08       __imp_?availableGeometry@QDesktopWidget@@QBE?BVQRect@@H@Z 1004cb08     Qt5Widgets:Qt5Widgets.dll
 0004:00000b0c       __imp_?minimumWidth@QWidget@@QBEHXZ 1004cb0c     Qt5Widgets:Qt5Widgets.dll
 0004:00000b10       __imp_?minimumHeight@QWidget@@QBEHXZ 1004cb10     Qt5Widgets:Qt5Widgets.dll
 0004:00000b14       __imp_?maximumWidth@QWidget@@QBEHXZ 1004cb14     Qt5Widgets:Qt5Widgets.dll
 0004:00000b18       __imp_?maximumHeight@QWidget@@QBEHXZ 1004cb18     Qt5Widgets:Qt5Widgets.dll
 0004:00000b1c       __imp_?setMinimumSize@QWidget@@QAEXHH@Z 1004cb1c     Qt5Widgets:Qt5Widgets.dll
 0004:00000b20       __imp_?setMaximumSize@QWidget@@QAEXHH@Z 1004cb20     Qt5Widgets:Qt5Widgets.dll
 0004:00000b24       __imp_?setMinimumWidth@QWidget@@QAEXH@Z 1004cb24     Qt5Widgets:Qt5Widgets.dll
 0004:00000b28       __imp_?setMinimumHeight@QWidget@@QAEXH@Z 1004cb28     Qt5Widgets:Qt5Widgets.dll
 0004:00000b2c       __imp_?setMaximumWidth@QWidget@@QAEXH@Z 1004cb2c     Qt5Widgets:Qt5Widgets.dll
 0004:00000b30       __imp_?setMaximumHeight@QWidget@@QAEXH@Z 1004cb30     Qt5Widgets:Qt5Widgets.dll
 0004:00000b34       __imp_?mapToGlobal@QWidget@@QBE?AVQPoint@@ABV2@@Z 1004cb34     Qt5Widgets:Qt5Widgets.dll
 0004:00000b38       __imp_?setHidden@QWidget@@QAEX_N@Z 1004cb38     Qt5Widgets:Qt5Widgets.dll
 0004:00000b3c       __imp_?hide@QWidget@@QAEXXZ 1004cb3c     Qt5Widgets:Qt5Widgets.dll
 0004:00000b40       __imp_?showMinimized@QWidget@@QAEXXZ 1004cb40     Qt5Widgets:Qt5Widgets.dll
 0004:00000b44       __imp_?showMaximized@QWidget@@QAEXXZ 1004cb44     Qt5Widgets:Qt5Widgets.dll
 0004:00000b48       __imp_?close@QWidget@@QAE_NXZ 1004cb48     Qt5Widgets:Qt5Widgets.dll
 0004:00000b4c       __imp_?move@QWidget@@QAEXHH@Z 1004cb4c     Qt5Widgets:Qt5Widgets.dll
 0004:00000b50       __imp_?resize@QWidget@@QAEXABVQSize@@@Z 1004cb50     Qt5Widgets:Qt5Widgets.dll
 0004:00000b54       __imp_?isMinimized@QWidget@@QBE_NXZ 1004cb54     Qt5Widgets:Qt5Widgets.dll
 0004:00000b58       __imp_?isMaximized@QWidget@@QBE_NXZ 1004cb58     Qt5Widgets:Qt5Widgets.dll
 0004:00000b5c       __imp_?isFullScreen@QWidget@@QBE_NXZ 1004cb5c     Qt5Widgets:Qt5Widgets.dll
 0004:00000b60       __imp_?setSizePolicy@QWidget@@QAEXW4Policy@QSizePolicy@@0@Z 1004cb60     Qt5Widgets:Qt5Widgets.dll
 0004:00000b64       __imp_?setContentsMargins@QWidget@@QAEXHHHH@Z 1004cb64     Qt5Widgets:Qt5Widgets.dll
 0004:00000b68       __imp_??0QBoxLayout@@QAE@W4Direction@0@PAVQWidget@@@Z 1004cb68     Qt5Widgets:Qt5Widgets.dll
 0004:00000b6c       __imp_??1QBoxLayout@@UAE@XZ 1004cb6c     Qt5Widgets:Qt5Widgets.dll
 0004:00000b70       __imp_?addWidget@QBoxLayout@@QAEXPAVQWidget@@HV?$QFlags@W4AlignmentFlag@Qt@@@@@Z 1004cb70     Qt5Widgets:Qt5Widgets.dll
 0004:00000b74       __imp_??0QLabel@@QAE@PAVQWidget@@V?$QFlags@W4WindowType@Qt@@@@@Z 1004cb74     Qt5Widgets:Qt5Widgets.dll
 0004:00000b78       __imp_??1QLabel@@UAE@XZ    1004cb78     Qt5Widgets:Qt5Widgets.dll
 0004:00000b7c       __imp_?setAlignment@QLabel@@QAEXV?$QFlags@W4AlignmentFlag@Qt@@@@@Z 1004cb7c     Qt5Widgets:Qt5Widgets.dll
 0004:00000b80       __imp_?setScaledContents@QLabel@@QAEX_N@Z 1004cb80     Qt5Widgets:Qt5Widgets.dll
 0004:00000b84       __imp_?setMovie@QLabel@@QAEXPAVQMovie@@@Z 1004cb84     Qt5Widgets:Qt5Widgets.dll
 0004:00000b88       __imp_?accept@QDialog@@UAEXXZ 1004cb88     Qt5Widgets:Qt5Widgets.dll
 0004:00000b8c       __imp_?addItem@QBoxLayout@@UAEXPAVQLayoutItem@@@Z 1004cb8c     Qt5Widgets:Qt5Widgets.dll
 0004:00000b90       __imp_?changeEvent@QLabel@@MAEXPAVQEvent@@@Z 1004cb90     Qt5Widgets:Qt5Widgets.dll
 0004:00000b94       __imp_?childEvent@QLayout@@MAEXPAVQChildEvent@@@Z 1004cb94     Qt5Widgets:Qt5Widgets.dll
 0004:00000b98       __imp_?closeEvent@QDialog@@MAEXPAVQCloseEvent@@@Z 1004cb98     Qt5Widgets:Qt5Widgets.dll
 0004:00000b9c       __imp_?contextMenuEvent@QDialog@@MAEXPAVQContextMenuEvent@@@Z 1004cb9c     Qt5Widgets:Qt5Widgets.dll
 0004:00000ba0       __imp_?contextMenuEvent@QLabel@@MAEXPAVQContextMenuEvent@@@Z 1004cba0     Qt5Widgets:Qt5Widgets.dll
 0004:00000ba4       __imp_?controlTypes@QLayout@@UBE?AV?$QFlags@W4ControlType@QSizePolicy@@@@XZ 1004cba4     Qt5Widgets:Qt5Widgets.dll
 0004:00000ba8       __imp_?count@QBoxLayout@@UBEHXZ 1004cba8     Qt5Widgets:Qt5Widgets.dll
 0004:00000bac       __imp_?event@QLabel@@MAE_NPAVQEvent@@@Z 1004cbac     Qt5Widgets:Qt5Widgets.dll
 0004:00000bb0       __imp_?eventFilter@QDialog@@MAE_NPAVQObject@@PAVQEvent@@@Z 1004cbb0     Qt5Widgets:Qt5Widgets.dll
 0004:00000bb4       __imp_?exec@QDialog@@UAEHXZ 1004cbb4     Qt5Widgets:Qt5Widgets.dll
 0004:00000bb8       __imp_?expandingDirections@QBoxLayout@@UBE?AV?$QFlags@W4Orientation@Qt@@@@XZ 1004cbb8     Qt5Widgets:Qt5Widgets.dll
 0004:00000bbc       __imp_?focusInEvent@QLabel@@MAEXPAVQFocusEvent@@@Z 1004cbbc     Qt5Widgets:Qt5Widgets.dll
 0004:00000bc0       __imp_?focusNextPrevChild@QLabel@@MAE_N_N@Z 1004cbc0     Qt5Widgets:Qt5Widgets.dll
 0004:00000bc4       __imp_?focusOutEvent@QLabel@@MAEXPAVQFocusEvent@@@Z 1004cbc4     Qt5Widgets:Qt5Widgets.dll
 0004:00000bc8       __imp_?geometry@QLayout@@UBE?AVQRect@@XZ 1004cbc8     Qt5Widgets:Qt5Widgets.dll
 0004:00000bcc       __imp_?hasHeightForWidth@QBoxLayout@@UBE_NXZ 1004cbcc     Qt5Widgets:Qt5Widgets.dll
 0004:00000bd0       __imp_?heightForWidth@QBoxLayout@@UBEHH@Z 1004cbd0     Qt5Widgets:Qt5Widgets.dll
 0004:00000bd4       __imp_?heightForWidth@QLabel@@UBEHH@Z 1004cbd4     Qt5Widgets:Qt5Widgets.dll
 0004:00000bd8       __imp_?indexOf@QLayout@@UBEHPAVQWidget@@@Z 1004cbd8     Qt5Widgets:Qt5Widgets.dll
 0004:00000bdc       __imp_?invalidate@QBoxLayout@@UAEXXZ 1004cbdc     Qt5Widgets:Qt5Widgets.dll
 0004:00000be0       __imp_?itemAt@QBoxLayout@@UBEPAVQLayoutItem@@H@Z 1004cbe0     Qt5Widgets:Qt5Widgets.dll
 0004:00000be4       __imp_?isEmpty@QLayout@@UBE_NXZ 1004cbe4     Qt5Widgets:Qt5Widgets.dll
 0004:00000be8       __imp_?keyPressEvent@QDialog@@MAEXPAVQKeyEvent@@@Z 1004cbe8     Qt5Widgets:Qt5Widgets.dll
 0004:00000bec       __imp_?keyPressEvent@QLabel@@MAEXPAVQKeyEvent@@@Z 1004cbec     Qt5Widgets:Qt5Widgets.dll
 0004:00000bf0       __imp_?layout@QLayout@@UAEPAV1@XZ 1004cbf0     Qt5Widgets:Qt5Widgets.dll
 0004:00000bf4       __imp_?maximumSize@QBoxLayout@@UBE?AVQSize@@XZ 1004cbf4     Qt5Widgets:Qt5Widgets.dll
 0004:00000bf8       __imp_?metaObject@QBoxLayout@@UBEPBUQMetaObject@@XZ 1004cbf8     Qt5Widgets:Qt5Widgets.dll
 0004:00000bfc       __imp_?metaObject@QLabel@@UBEPBUQMetaObject@@XZ 1004cbfc     Qt5Widgets:Qt5Widgets.dll
 0004:00000c00       __imp_?minimumHeightForWidth@QBoxLayout@@UBEHH@Z 1004cc00     Qt5Widgets:Qt5Widgets.dll
 0004:00000c04       __imp_?metaObject@QMenu@@UBEPBUQMetaObject@@XZ 1004cc04     Qt5Widgets:Qt5Widgets.dll
 0004:00000c08       __imp_?minimumSize@QBoxLayout@@UBE?AVQSize@@XZ 1004cc08     Qt5Widgets:Qt5Widgets.dll
 0004:00000c0c       __imp_?sizeHint@QBoxLayout@@UBE?AVQSize@@XZ 1004cc0c     Qt5Widgets:Qt5Widgets.dll
 0004:00000c10       __imp_?sizeHint@QDialog@@UBE?AVQSize@@XZ 1004cc10     Qt5Widgets:Qt5Widgets.dll
 0004:00000c14       __imp_?sizeHint@QLabel@@UBE?AVQSize@@XZ 1004cc14     Qt5Widgets:Qt5Widgets.dll
 0004:00000c18       __imp_?spacerItem@QLayoutItem@@UAEPAVQSpacerItem@@XZ 1004cc18     Qt5Widgets:Qt5Widgets.dll
 0004:00000c1c       __imp_?takeAt@QBoxLayout@@UAEPAVQLayoutItem@@H@Z 1004cc1c     Qt5Widgets:Qt5Widgets.dll
 0004:00000c20       __imp_?widget@QLayoutItem@@UAEPAVQWidget@@XZ 1004cc20     Qt5Widgets:Qt5Widgets.dll
 0004:00000c24       __imp_?setWindowIcon@QWidget@@QAEXABVQIcon@@@Z 1004cc24     Qt5Widgets:Qt5Widgets.dll
 0004:00000c28       __imp_?qt_metacall@QWidget@@UAEHW4Call@QMetaObject@@HPAPAX@Z 1004cc28     Qt5Widgets:Qt5Widgets.dll
 0004:00000c2c       __imp_?staticMetaObject@QWidget@@2UQMetaObject@@B 1004cc2c     Qt5Widgets:Qt5Widgets.dll
 0004:00000c30       __imp_?getSaveFileName@QFileDialog@@SA?AVQString@@PAVQWidget@@ABV2@11PAV2@V?$QFlags@W4Option@QFileDialog@@@@@Z 1004cc30     Qt5Widgets:Qt5Widgets.dll
 0004:00000c34       __imp_??0QWidget@@QAE@PAV0@V?$QFlags@W4WindowType@Qt@@@@@Z 1004cc34     Qt5Widgets:Qt5Widgets.dll
 0004:00000c38       __imp_??1QWidget@@UAE@XZ   1004cc38     Qt5Widgets:Qt5Widgets.dll
 0004:00000c3c       __imp_?setParent@QWidget@@QAEXPAV1@@Z 1004cc3c     Qt5Widgets:Qt5Widgets.dll
 0004:00000c40       __imp_?inputMethodQuery@QWidget@@UBE?AVQVariant@@W4InputMethodQuery@Qt@@@Z 1004cc40     Qt5Widgets:Qt5Widgets.dll
 0004:00000c44       __imp_?inputMethodEvent@QWidget@@MAEXPAVQInputMethodEvent@@@Z 1004cc44     Qt5Widgets:Qt5Widgets.dll
 0004:00000c48       __imp_?initPainter@QWidget@@MBEXPAVQPainter@@@Z 1004cc48     Qt5Widgets:Qt5Widgets.dll
 0004:00000c4c       __imp_?hideEvent@QWidget@@MAEXPAVQHideEvent@@@Z 1004cc4c     Qt5Widgets:Qt5Widgets.dll
 0004:00000c50       __imp_?hideEvent@QMenu@@MAEXPAVQHideEvent@@@Z 1004cc50     Qt5Widgets:Qt5Widgets.dll
 0004:00000c54       __imp_?heightForWidth@QWidget@@UBEHH@Z 1004cc54     Qt5Widgets:Qt5Widgets.dll
 0004:00000c58       __imp_?hasHeightForWidth@QWidget@@UBE_NXZ 1004cc58     Qt5Widgets:Qt5Widgets.dll
 0004:00000c5c       __imp_?focusOutEvent@QWidget@@MAEXPAVQFocusEvent@@@Z 1004cc5c     Qt5Widgets:Qt5Widgets.dll
 0004:00000c60       __imp_?focusNextPrevChild@QWidget@@MAE_N_N@Z 1004cc60     Qt5Widgets:Qt5Widgets.dll
 0004:00000c64       __imp_?focusNextPrevChild@QMenu@@MAE_N_N@Z 1004cc64     Qt5Widgets:Qt5Widgets.dll
 0004:00000c68       __imp_?focusInEvent@QWidget@@MAEXPAVQFocusEvent@@@Z 1004cc68     Qt5Widgets:Qt5Widgets.dll
 0004:00000c6c       __imp_?event@QWidget@@MAE_NPAVQEvent@@@Z 1004cc6c     Qt5Widgets:Qt5Widgets.dll
 0004:00000c70       __imp_?event@QSystemTrayIcon@@MAE_NPAVQEvent@@@Z 1004cc70     Qt5Widgets:Qt5Widgets.dll
 0004:00000c74       __imp_?event@QMenu@@MAE_NPAVQEvent@@@Z 1004cc74     Qt5Widgets:Qt5Widgets.dll
 0004:00000c78       __imp_?event@QAction@@MAE_NPAVQEvent@@@Z 1004cc78     Qt5Widgets:Qt5Widgets.dll
 0004:00000c7c       __imp_?enterEvent@QWidget@@MAEXPAVQEvent@@@Z 1004cc7c     Qt5Widgets:Qt5Widgets.dll
 0004:00000c80       __imp_?enterEvent@QMenu@@MAEXPAVQEvent@@@Z 1004cc80     Qt5Widgets:Qt5Widgets.dll
 0004:00000c84       __imp_?dropEvent@QWidget@@MAEXPAVQDropEvent@@@Z 1004cc84     Qt5Widgets:Qt5Widgets.dll
 0004:00000c88       __imp_?dragMoveEvent@QWidget@@MAEXPAVQDragMoveEvent@@@Z 1004cc88     Qt5Widgets:Qt5Widgets.dll
 0004:00000c8c       __imp_?dragLeaveEvent@QWidget@@MAEXPAVQDragLeaveEvent@@@Z 1004cc8c     Qt5Widgets:Qt5Widgets.dll
 0004:00000c90       __imp_?dragEnterEvent@QWidget@@MAEXPAVQDragEnterEvent@@@Z 1004cc90     Qt5Widgets:Qt5Widgets.dll
 0004:00000c94       __imp_?devType@QWidget@@UBEHXZ 1004cc94     Qt5Widgets:Qt5Widgets.dll
 0004:00000c98       __imp_?contextMenuEvent@QWidget@@MAEXPAVQContextMenuEvent@@@Z 1004cc98     Qt5Widgets:Qt5Widgets.dll
 0004:00000c9c       __imp_?closeEvent@QWidget@@MAEXPAVQCloseEvent@@@Z 1004cc9c     Qt5Widgets:Qt5Widgets.dll
 0004:00000ca0       __imp_?changeEvent@QWidget@@MAEXPAVQEvent@@@Z 1004cca0     Qt5Widgets:Qt5Widgets.dll
 0004:00000ca4       __imp_?changeEvent@QMenu@@MAEXPAVQEvent@@@Z 1004cca4     Qt5Widgets:Qt5Widgets.dll
 0004:00000ca8       __imp_?actionEvent@QWidget@@MAEXPAVQActionEvent@@@Z 1004cca8     Qt5Widgets:Qt5Widgets.dll
 0004:00000cac       __imp_?actionEvent@QMenu@@MAEXPAVQActionEvent@@@Z 1004ccac     Qt5Widgets:Qt5Widgets.dll
 0004:00000cb0       __imp_?addSeparator@QMenu@@QAEPAVQAction@@XZ 1004ccb0     Qt5Widgets:Qt5Widgets.dll
 0004:00000cb4       __imp_??1QMenu@@UAE@XZ     1004ccb4     Qt5Widgets:Qt5Widgets.dll
 0004:00000cb8       __imp_??0QMenu@@QAE@PAVQWidget@@@Z 1004ccb8     Qt5Widgets:Qt5Widgets.dll
 0004:00000cbc       __imp_?show@QSystemTrayIcon@@QAEXXZ 1004ccbc     Qt5Widgets:Qt5Widgets.dll
 0004:00000cc0       __imp_?setToolTip@QSystemTrayIcon@@QAEXABVQString@@@Z 1004ccc0     Qt5Widgets:Qt5Widgets.dll
 0004:00000cc4       __imp_?setIcon@QSystemTrayIcon@@QAEXABVQIcon@@@Z 1004ccc4     Qt5Widgets:Qt5Widgets.dll
 0004:00000cc8       __imp_?setContextMenu@QSystemTrayIcon@@QAEXPAVQMenu@@@Z 1004ccc8     Qt5Widgets:Qt5Widgets.dll
 0004:00000ccc       __imp_??1QSystemTrayIcon@@UAE@XZ 1004cccc     Qt5Widgets:Qt5Widgets.dll
 0004:00000cd0       __imp_??0QSystemTrayIcon@@QAE@PAVQObject@@@Z 1004ccd0     Qt5Widgets:Qt5Widgets.dll
 0004:00000cd4       __imp_?setIcon@QAction@@QAEXABVQIcon@@@Z 1004ccd4     Qt5Widgets:Qt5Widgets.dll
 0004:00000cd8       __imp_??1QAction@@UAE@XZ   1004ccd8     Qt5Widgets:Qt5Widgets.dll
 0004:00000cdc       __imp_??0QAction@@QAE@ABVQString@@PAVQObject@@@Z 1004ccdc     Qt5Widgets:Qt5Widgets.dll
 0004:00000ce0       __imp_?addAction@QWidget@@QAEXPAVQAction@@@Z 1004cce0     Qt5Widgets:Qt5Widgets.dll
 0004:00000ce4       __imp_?qt_metacast@QWidget@@UAEPAXPBD@Z 1004cce4     Qt5Widgets:Qt5Widgets.dll
 0004:00000ce8       \177Qt5Widgets_NULL_THUNK_DATA 1004cce8     Qt5Widgets:Qt5Widgets.dll
 0004:00000da8       __imp__SetWindowPos@28     1004cda8     user32:USER32.dll
 0004:00000dac       __imp__ShowWindow@8        1004cdac     user32:USER32.dll
 0004:00000db0       __imp__SendMessageW@16     1004cdb0     user32:USER32.dll
 0004:00000db4       __imp__SetWindowLongW@12   1004cdb4     user32:USER32.dll
 0004:00000db8       __imp__ReleaseCapture@0    1004cdb8     user32:USER32.dll
 0004:00000dbc       \177USER32_NULL_THUNK_DATA 1004cdbc     user32:USER32.dll
 0004:00000dec       __IMPORT_DESCRIPTOR_Qt5Widgets 1004cdec     Qt5Widgets:Qt5Widgets.dll
 0004:00000e00       __IMPORT_DESCRIPTOR_Qt5Network 1004ce00     Qt5Network:Qt5Network.dll
 0004:00000e14       __IMPORT_DESCRIPTOR_Qt5Core 1004ce14     Qt5Core:Qt5Core.dll
 0004:00000e28       __IMPORT_DESCRIPTOR_Qt5Gui 1004ce28     Qt5Gui:Qt5Gui.dll
 0004:00000e3c       __IMPORT_DESCRIPTOR_Qt5WebKit 1004ce3c     Qt5WebKit:Qt5WebKit.dll
 0004:00000e50       __IMPORT_DESCRIPTOR_Qt5WebKitWidgets 1004ce50     Qt5WebKitWidgets:Qt5WebKitWidgets.dll
 0004:00000e64       __IMPORT_DESCRIPTOR_Qt5Sql 1004ce64     Qt5Sql:Qt5Sql.dll
 0004:00000e78       __IMPORT_DESCRIPTOR_Qt5PrintSupport 1004ce78     Qt5PrintSupport:Qt5PrintSupport.dll
 0004:00000e8c       __IMPORT_DESCRIPTOR_USER32 1004ce8c     user32:USER32.dll
 0004:00000ea0       __IMPORT_DESCRIPTOR_MSVCP120 1004cea0     msvcprt:MSVCP120.dll
 0004:00000eb4       __IMPORT_DESCRIPTOR_MSVCR120 1004ceb4     MSVCRT:MSVCR120.dll
 0004:00000ec8       __IMPORT_DESCRIPTOR_KERNEL32 1004cec8     kernel32:KERNEL32.dll
 0004:00000edc       __NULL_IMPORT_DESCRIPTOR   1004cedc     Qt5Widgets:Qt5Widgets.dll

 entry point at        0001:0002d396

