 lomox

 Timestamp is 527e19ec (Sat Nov 09 19:18:04 2013)

 Preferred load address is 10000000

 Start         Length     Name                   Class
 0001:00000000 00018cd5H .text                   CODE
 0001:00018ce0 00003b40H .text$x                 CODE
 0001:0001c820 00002f19H .text$yc                CODE
 0001:0001f740 00001c64H .text$yd                CODE
 0002:00000000 00000104H .CRT$XCA                DATA
 0002:00000104 000002b0H .CRT$XCU                DATA
 0002:000003b4 00000104H .CRT$XCZ                DATA
 0002:000004b8 00000104H .CRT$XIA                DATA
 0002:000005bc 00000104H .CRT$XIAA               DATA
 0002:000006c0 00000104H .CRT$XIC                DATA
 0002:000007c4 00000104H .CRT$XIZ                DATA
 0002:000008d0 00002c5eH .rdata                  DATA
 0002:00003530 00000181H .rdata$debug            DATA
 0002:000036b4 00000acdH .rdata$r                DATA
 0002:00004190 0000031eH .rdata$sxdata           DATA
 0002:000044b0 00000104H .rtc$IAA                DATA
 0002:000045b4 00000104H .rtc$IZZ                DATA
 0002:000046b8 00000104H .rtc$TAA                DATA
 0002:000047bc 00000104H .rtc$TZZ                DATA
 0002:000048c0 00003182H .xdata$x                DATA
 0002:00007a50 00002a08H .edata                  DATA
 0003:00000000 000004bdH .data                   DATA
 0003:000004c0 0000049cH .bss                    DATA
 0004:00000000 000000b4H .idata$2                DATA
 0004:000000b4 00000014H .idata$3                DATA
 0004:000000c8 00000844H .idata$4                DATA
 0004:0000090c 00000844H .idata$5                DATA
 0004:00001150 00003cf9H .idata$6                DATA
 0005:00000000 000001c0H .rsrc$01                DATA
 0005:000001c0 00000679H .rsrc$02                DATA

  Address         Publics by Value              Rva+Base       Lib:Object

 0000:00000000       __except_list              00000000     <absolute>
 0000:00000071       ___safe_se_handler_count   00000071     <absolute>
 0000:00009876       __fltused                  00009876     <absolute>
 0000:00009876       __ldused                   00009876     <absolute>
 0000:00000000       ___ImageBase               10000000     <linker-defined>
 0001:000014d0       ??$_Allocate@D@std@@YAPADIPAD@Z 100024d0 f i stdafx.obj
 0001:00001520       ??$addressof@D@std@@YAPADAAD@Z 10002520 f i stdafx.obj
 0001:00001530       ??$construct@PADAAPAD@?$_Wrap_alloc@V?$allocator@D@std@@@std@@QAEXPAPADAAPAD@Z 10002530 f i stdafx.obj
 0001:00001570       ??$construct@PADAAPAD@?$allocator@D@std@@QAEXPAPADAAPAD@Z 10002570 f i stdafx.obj
 0001:00001620       ??$construct@PADAAPAD@?$allocator_traits@V?$allocator@D@std@@@std@@SAXAAV?$allocator@D@1@PAPADAAPAD@Z 10002620 f i stdafx.obj
 0001:00001650       ??$destroy@PAD@?$_Wrap_alloc@V?$allocator@D@std@@@std@@QAEXPAPAD@Z 10002650 f i stdafx.obj
 0001:00001680       ??$destroy@PAD@?$allocator@D@std@@QAEXPAPAD@Z 10002680 f i stdafx.obj
 0001:00001690       ??$destroy@PAD@?$allocator_traits@V?$allocator@D@std@@@std@@SAXAAV?$allocator@D@1@PAPAD@Z 10002690 f i stdafx.obj
 0001:000016b0       ??$forward@AAPAD@std@@YAAAPADAAPAD@Z 100026b0 f i stdafx.obj
 0001:000016c0       ??0?$_String_alloc@$0A@U?$_String_base_types@DV?$allocator@D@std@@@std@@@std@@QAE@ABV?$allocator@D@1@@Z 100026c0 f i stdafx.obj
 0001:000016e0       ??0?$_String_val@U?$_Simple_types@D@std@@@std@@QAE@XZ 100026e0 f i stdafx.obj
 0001:00001710       ??0?$_Wrap_alloc@V?$allocator@D@std@@@std@@QAE@XZ 10002710 f i stdafx.obj
 0001:00001730       ??0?$allocator@D@std@@QAE@XZ 10002730 f i stdafx.obj
 0001:00001750       ??0?$basic_string@DU?$char_traits@D@std@@V?$allocator@D@2@@std@@QAE@PBD@Z 10002750 f i stdafx.obj
 0001:000017a0       ??0_Generic_error_category@std@@QAE@XZ 100027a0 f i stdafx.obj
 0001:000017d0       ??0_Iostream_error_category@std@@QAE@XZ 100027d0 f i stdafx.obj
 0001:00001800       ??0_System_error_category@std@@QAE@XZ 10002800 f i stdafx.obj
 0001:00001830       ??0error_category@std@@QAE@XZ 10002830 f i stdafx.obj
 0001:00001850       ??0error_condition@std@@QAE@HABVerror_category@1@@Z 10002850 f i stdafx.obj
 0001:00001880       ??1_Generic_error_category@std@@UAE@XZ 10002880 f i stdafx.obj
 0001:000018a0       ??1_Iostream_error_category@std@@UAE@XZ 100028a0 f i stdafx.obj
 0001:000018c0       ??1_System_error_category@std@@UAE@XZ 100028c0 f i stdafx.obj
 0001:000018e0       ??1error_category@std@@UAE@XZ 100028e0 f i stdafx.obj
 0001:00001900       ??2@YAPAXIPAX@Z            10002900 f i stdafx.obj
 0001:00001910       ??3@YAXPAX0@Z              10002910 f i stdafx.obj
 0001:00001920       ??8error_category@std@@QBE_NABV01@@Z 10002920 f i stdafx.obj
 0001:00001960       ??8error_condition@std@@QBE_NABV01@@Z 10002960 f i stdafx.obj
 0001:000019d0       ??_G_Generic_error_category@std@@UAEPAXI@Z 100029d0 f i stdafx.obj
 0001:000019d0       ??_E_Generic_error_category@std@@UAEPAXI@Z 100029d0 f i stdafx.obj
 0001:00001a10       ??_G_Iostream_error_category@std@@UAEPAXI@Z 10002a10 f i stdafx.obj
 0001:00001a10       ??_E_Iostream_error_category@std@@UAEPAXI@Z 10002a10 f i stdafx.obj
 0001:00001a50       ??_G_System_error_category@std@@UAEPAXI@Z 10002a50 f i stdafx.obj
 0001:00001a50       ??_E_System_error_category@std@@UAEPAXI@Z 10002a50 f i stdafx.obj
 0001:00001a90       ??_Eerror_category@std@@UAEPAXI@Z 10002a90 f i stdafx.obj
 0001:00001a90       ??_Gerror_category@std@@UAEPAXI@Z 10002a90 f i stdafx.obj
 0001:00001ad0       ?_Copy@?$basic_string@DU?$char_traits@D@std@@V?$allocator@D@2@@std@@QAEXII@Z 10002ad0 f i stdafx.obj
 0001:00001d00       ?_Eos@?$basic_string@DU?$char_traits@D@std@@V?$allocator@D@2@@std@@QAEXI@Z 10002d00 f i stdafx.obj
 0001:00001d50       ?_Getal@?$_String_alloc@$0A@U?$_String_base_types@DV?$allocator@D@std@@@std@@@std@@QBE?AU?$_Wrap_alloc@V?$allocator@D@std@@@2@XZ 10002d50 f i stdafx.obj
 0001:00001d70       ?_Grow@?$basic_string@DU?$char_traits@D@std@@V?$allocator@D@2@@std@@QAE_NI_N@Z 10002d70 f i stdafx.obj
 0001:00001e40       ?_Inside@?$basic_string@DU?$char_traits@D@std@@V?$allocator@D@2@@std@@QAE_NPBD@Z 10002e40 f i stdafx.obj
 0001:00001e90       ?_Myptr@?$_String_val@U?$_Simple_types@D@std@@@std@@QAEPADXZ 10002e90 f i stdafx.obj
 0001:00001ed0       ?_Myptr@?$_String_val@U?$_Simple_types@D@std@@@std@@QBEPBDXZ 10002ed0 f i stdafx.obj
 0001:00001f10       ?_Tidy@?$basic_string@DU?$char_traits@D@std@@V?$allocator@D@2@@std@@QAEX_NI@Z 10002f10 f i stdafx.obj
 0001:00001fe0       ?_Xlen@?$basic_string@DU?$char_traits@D@std@@V?$allocator@D@2@@std@@QBEXXZ 10002fe0 f i stdafx.obj
 0001:00002000       ?_Xran@?$basic_string@DU?$char_traits@D@std@@V?$allocator@D@2@@std@@QBEXXZ 10003000 f i stdafx.obj
 0001:00002020       ?allocate@?$_Wrap_alloc@V?$allocator@D@std@@@std@@QAEPADI@Z 10003020 f i stdafx.obj
 0001:00002040       ?allocate@?$allocator@D@std@@QAEPADI@Z 10003040 f i stdafx.obj
 0001:00002070       ?assign@?$basic_string@DU?$char_traits@D@std@@V?$allocator@D@2@@std@@QAEAAV12@ABV12@II@Z 10003070 f i stdafx.obj
 0001:00002150       ?assign@?$basic_string@DU?$char_traits@D@std@@V?$allocator@D@2@@std@@QAEAAV12@PBD@Z 10003150 f i stdafx.obj
 0001:00002180       ?assign@?$basic_string@DU?$char_traits@D@std@@V?$allocator@D@2@@std@@QAEAAV12@PBDI@Z 10003180 f i stdafx.obj
 0001:00002220       ?assign@?$char_traits@D@std@@SAXAADABD@Z 10003220 f i stdafx.obj
 0001:00002240       ?category@error_code@std@@QBEABVerror_category@2@XZ 10003240 f i stdafx.obj
 0001:00002260       ?category@error_condition@std@@QBEABVerror_category@2@XZ 10003260 f i stdafx.obj
 0001:00002280       ?copy@?$char_traits@D@std@@SAPADPADPBDI@Z 10003280 f i stdafx.obj
 0001:000022c0       ?deallocate@?$_Wrap_alloc@V?$allocator@D@std@@@std@@QAEXPADI@Z 100032c0 f i stdafx.obj
 0001:000022f0       ?deallocate@?$allocator@D@std@@QAEXPADI@Z 100032f0 f i stdafx.obj
 0001:00002310       ?default_error_condition@_System_error_category@std@@UBE?AVerror_condition@2@H@Z 10003310 f i stdafx.obj
 0001:00002370       ?default_error_condition@error_category@std@@UBE?AVerror_condition@2@H@Z 10003370 f i stdafx.obj
 0001:000023a0       ?equivalent@error_category@std@@UBE_NABVerror_code@2@H@Z 100033a0 f i stdafx.obj
 0001:00002400       ?equivalent@error_category@std@@UBE_NHABVerror_condition@2@@Z 10003400 f i stdafx.obj
 0001:00002440       ?erase@?$basic_string@DU?$char_traits@D@std@@V?$allocator@D@2@@std@@QAEAAV12@I@Z 10003440 f i stdafx.obj
 0001:00002480       ?erase@?$basic_string@DU?$char_traits@D@std@@V?$allocator@D@2@@std@@QAEAAV12@II@Z 10003480 f i stdafx.obj
 0001:00002530       ?generic_category@std@@YAABVerror_category@1@XZ 10003530 f i stdafx.obj
 0001:00002540       ?length@?$char_traits@D@std@@SAIPBD@Z 10003540 f i stdafx.obj
 0001:00002580       ?max_size@?$_Wrap_alloc@V?$allocator@D@std@@@std@@QBEIXZ 10003580 f i stdafx.obj
 0001:000025a0       ?max_size@?$allocator@D@std@@QBEIXZ 100035a0 f i stdafx.obj
 0001:000025c0       ?max_size@?$allocator_traits@V?$allocator@D@std@@@std@@SAIABV?$allocator@D@2@@Z 100035c0 f i stdafx.obj
 0001:000025d0       ?max_size@?$basic_string@DU?$char_traits@D@std@@V?$allocator@D@2@@std@@QBEIXZ 100035d0 f i stdafx.obj
 0001:00002620       ?message@_Generic_error_category@std@@UBE?AV?$basic_string@DU?$char_traits@D@std@@V?$allocator@D@2@@2@H@Z 10003620 f i stdafx.obj
 0001:00002690       ?message@_Iostream_error_category@std@@UBE?AV?$basic_string@DU?$char_traits@D@std@@V?$allocator@D@2@@2@H@Z 10003690 f i stdafx.obj
 0001:00002700       ?message@_System_error_category@std@@UBE?AV?$basic_string@DU?$char_traits@D@std@@V?$allocator@D@2@@2@H@Z 10003700 f i stdafx.obj
 0001:00002770       ?move@?$char_traits@D@std@@SAPADPADPBDI@Z 10003770 f i stdafx.obj
 0001:000027b0       ?name@_Generic_error_category@std@@UBEPBDXZ 100037b0 f i stdafx.obj
 0001:000027d0       ?name@_Iostream_error_category@std@@UBEPBDXZ 100037d0 f i stdafx.obj
 0001:000027f0       ?name@_System_error_category@std@@UBEPBDXZ 100037f0 f i stdafx.obj
 0001:00002810       ?size@?$basic_string@DU?$char_traits@D@std@@V?$allocator@D@2@@std@@QBEIXZ 10003810 f i stdafx.obj
 0001:00002830       ?system_category@std@@YAABVerror_category@1@XZ 10003830 f i stdafx.obj
 0001:00002840       ?value@error_code@std@@QBEHXZ 10003840 f i stdafx.obj
 0001:00002860       ?value@error_condition@std@@QBEHXZ 10003860 f i stdafx.obj
 0001:00002880       ??0LxBaseWin@@QAE@PAVQWidget@@@Z 10003880 f   lxbasewin.obj
 0001:00002980       ??1LxBaseWin@@UAE@XZ       10003980 f   lxbasewin.obj
 0001:00002a20       ?linkClickedAction@LxBaseWin@@QAEXABVQUrl@@@Z 10003a20 f   lxbasewin.obj
 0001:00002b30       ?_initWidget@LxBaseWin@@IAE_NXZ 10003b30 f   lxbasewin.obj
 0001:00002cb0       ?showEvent@LxBaseWin@@MAEXPAVQShowEvent@@@Z 10003cb0 f   lxbasewin.obj
 0001:00002ce0       ?event@LxBaseWin@@MAE_NPAVQEvent@@@Z 10003ce0 f   lxbasewin.obj
 0001:00002e20       ??$qMax@H@@YAABHABH0@Z     10003e20 f i lxbasewin.obj
 0001:00002e40       ??0?$QFlags@W4FormattingOption@QUrl@@@@QAE@W4FormattingOption@QUrl@@@Z 10003e40 f i lxbasewin.obj
 0001:00002e60       ??0?$QFlags@W4RenderHint@QPainter@@@@QAE@ABV0@@Z 10003e60 f i lxbasewin.obj
 0001:00002e80       ??0?$QFlags@W4RenderHint@QPainter@@@@QAE@PAPAX@Z 10003e80 f i lxbasewin.obj
 0001:00002ea0       ??0?$QFlags@W4RenderHint@QPainter@@@@QAE@W4RenderHint@QPainter@@@Z 10003ea0 f i lxbasewin.obj
 0001:00002ec0       ??0?$QFlags@W4WindowType@Qt@@@@QAE@ABV0@@Z 10003ec0 f i lxbasewin.obj
 0001:00002ee0       ??0?$QFlags@W4WindowType@Qt@@@@QAE@PAPAX@Z 10003ee0 f i lxbasewin.obj
 0001:00002f00       ??0?$QFlags@W4WindowType@Qt@@@@QAE@W4WindowType@Qt@@@Z 10003f00 f i lxbasewin.obj
 0001:00002f20       ??0?$QPointer@VLxDialogBase@@@@QAE@PAVLxDialogBase@@@Z 10003f20 f i lxbasewin.obj
 0001:00002f50       ??0?$QPointer@VLxWebPluginFactory@@@@QAE@PAVLxWebPluginFactory@@@Z 10003f50 f i lxbasewin.obj
 0001:00002f80       ??0?$QPointer@VLxWebPluginFactory@@@@QAE@XZ 10003f80 f i lxbasewin.obj
 0001:00002fa0       ??0?$QPointer@VQWebPage@@@@QAE@PAVQWebPage@@@Z 10003fa0 f i lxbasewin.obj
 0001:00002fd0       ??0?$QPointer@VQWebPage@@@@QAE@XZ 10003fd0 f i lxbasewin.obj
 0001:00002ff0       ??0?$QVector@PAVLxOperate@@@@QAE@XZ 10003ff0 f i lxbasewin.obj
 0001:00003020       ??0LxCoreApplicationPrivate@@AAE@XZ 10004020 f i lxbasewin.obj
 0001:00003070       ??1?$QPointer@VLxDialogBase@@@@QAE@XZ 10004070 f i lxbasewin.obj
 0001:00003090       ??1?$QPointer@VLxWebPluginFactory@@@@QAE@XZ 10004090 f i lxbasewin.obj
 0001:000030b0       ??1?$QPointer@VQWebPage@@@@QAE@XZ 100040b0 f i lxbasewin.obj
 0001:000030d0       ??1?$QVector@PAVLxOperate@@@@QAE@XZ 100040d0 f i lxbasewin.obj
 0001:00003120       ??B?$QPointer@VLxDialogBase@@@@QBEPAVLxDialogBase@@XZ 10004120 f i lxbasewin.obj
 0001:00003140       ??B?$QPointer@VLxWebPluginFactory@@@@QBEPAVLxWebPluginFactory@@XZ 10004140 f i lxbasewin.obj
 0001:00003160       ??B?$QPointer@VQWebPage@@@@QBEPAVQWebPage@@XZ 10004160 f i lxbasewin.obj
 0001:00003180       ??C?$QPointer@VLxDialogBase@@@@QBEPAVLxDialogBase@@XZ 10004180 f i lxbasewin.obj
 0001:000031a0       ??C?$QPointer@VQWebPage@@@@QBEPAVQWebPage@@XZ 100041a0 f i lxbasewin.obj
 0001:000031c0       ??U?$QFlags@W4RenderHint@QPainter@@@@QBE?AV0@W4RenderHint@QPainter@@@Z 100041c0 f i lxbasewin.obj
 0001:00003200       ??U?$QFlags@W4WindowType@Qt@@@@QBE?AV0@W4WindowType@Qt@@@Z 10004200 f i lxbasewin.obj
 0001:00003240       ??U@YA?AV?$QFlags@W4RenderHint@QPainter@@@@W4RenderHint@QPainter@@0@Z 10004240 f i lxbasewin.obj
 0001:00003270       ??U@YA?AV?$QFlags@W4WindowType@Qt@@@@W4WindowType@Qt@@0@Z 10004270 f i lxbasewin.obj
 0001:000032a0       ??_ELxBaseWin@@UAEPAXI@Z   100042a0 f i lxbasewin.obj
 0001:00003324       ??_ELxBaseWin@@W7AEPAXI@Z  10004324 f i lxbasewin.obj
 0001:00003330       ??_ELxCoreApplicationPrivate@@UAEPAXI@Z 10004330 f i lxbasewin.obj
 0001:000033c0       ??_FLxBaseWin@@QAEXXZ      100043c0 f i lxbasewin.obj
 0001:000033e0       ??_FLxDialogs@@QAEXXZ      100043e0 f i lxbasewin.obj
 0001:00003400       ??_FLxFile@@QAEXXZ         10004400 f i lxbasewin.obj
 0001:00003420       ??_FLxLibrary@@QAEXXZ      10004420 f i lxbasewin.obj
 0001:00003440       ??_FLxOperate@@QAEXXZ      10004440 f i lxbasewin.obj
 0001:00003480       ??_GLxBaseWin@@UAEPAXI@Z   10004480 f i lxbasewin.obj
 0001:000034c0       ??_GLxCoreApplicationPrivate@@UAEPAXI@Z 100044c0 f i lxbasewin.obj
 0001:00003500       ?alignOfTypedData@?$QVector@PAVLxOperate@@@@ABEHXZ 10004500 f i lxbasewin.obj
 0001:00003540       ?free@?$QVector@PAVLxOperate@@@@AAEXPAU?$QVectorTypedData@PAVLxOperate@@@@@Z 10004540 f i lxbasewin.obj
 0001:000035c0       ?free@?$QVectorTypedData@PAVLxOperate@@@@SAXPAU1@H@Z 100045c0 f i lxbasewin.obj
 0001:000035e0       ?instance@LxCoreApplicationPrivate@@SAPAV1@XZ 100045e0 f i lxbasewin.obj
 0001:00003690       ?tr@LxBaseWin@@SA?AVQString@@PBD0@Z 10004690 f i lxbasewin.obj
 0001:000036d0       ?tr@LxBaseWin@@SA?AVQString@@PBD0H@Z 100046d0 f i lxbasewin.obj
 0001:00003720       ?tr@LxCoreApplication@@SA?AVQString@@PBD0@Z 10004720 f i lxbasewin.obj
 0001:00003760       ?tr@LxCoreApplication@@SA?AVQString@@PBD0H@Z 10004760 f i lxbasewin.obj
 0001:000037b0       ?tr@LxCoreApplicationPrivate@@SA?AVQString@@PBD0@Z 100047b0 f i lxbasewin.obj
 0001:000037f0       ?tr@LxCoreApplicationPrivate@@SA?AVQString@@PBD0H@Z 100047f0 f i lxbasewin.obj
 0001:00003840       ?tr@LxDialogBase@@SA?AVQString@@PBD0@Z 10004840 f i lxbasewin.obj
 0001:00003880       ?tr@LxDialogBase@@SA?AVQString@@PBD0H@Z 10004880 f i lxbasewin.obj
 0001:000038d0       ?tr@LxDialogs@@SA?AVQString@@PBD0@Z 100048d0 f i lxbasewin.obj
 0001:00003910       ?tr@LxDialogs@@SA?AVQString@@PBD0H@Z 10004910 f i lxbasewin.obj
 0001:00003960       ?tr@LxFile@@SA?AVQString@@PBD0@Z 10004960 f i lxbasewin.obj
 0001:000039a0       ?tr@LxFile@@SA?AVQString@@PBD0H@Z 100049a0 f i lxbasewin.obj
 0001:000039f0       ?tr@LxLibrary@@SA?AVQString@@PBD0@Z 100049f0 f i lxbasewin.obj
 0001:00003a30       ?tr@LxLibrary@@SA?AVQString@@PBD0H@Z 10004a30 f i lxbasewin.obj
 0001:00003a80       ?tr@LxOperate@@SA?AVQString@@PBD0@Z 10004a80 f i lxbasewin.obj
 0001:00003ac0       ?tr@LxOperate@@SA?AVQString@@PBD0H@Z 10004ac0 f i lxbasewin.obj
 0001:00003b10       ?trUtf8@LxBaseWin@@SA?AVQString@@PBD0@Z 10004b10 f i lxbasewin.obj
 0001:00003b50       ?trUtf8@LxBaseWin@@SA?AVQString@@PBD0H@Z 10004b50 f i lxbasewin.obj
 0001:00003ba0       ?trUtf8@LxCoreApplication@@SA?AVQString@@PBD0@Z 10004ba0 f i lxbasewin.obj
 0001:00003be0       ?trUtf8@LxCoreApplication@@SA?AVQString@@PBD0H@Z 10004be0 f i lxbasewin.obj
 0001:00003c30       ?trUtf8@LxCoreApplicationPrivate@@SA?AVQString@@PBD0@Z 10004c30 f i lxbasewin.obj
 0001:00003c70       ?trUtf8@LxCoreApplicationPrivate@@SA?AVQString@@PBD0H@Z 10004c70 f i lxbasewin.obj
 0001:00003cc0       ?trUtf8@LxDialogBase@@SA?AVQString@@PBD0@Z 10004cc0 f i lxbasewin.obj
 0001:00003d00       ?trUtf8@LxDialogBase@@SA?AVQString@@PBD0H@Z 10004d00 f i lxbasewin.obj
 0001:00003d50       ?trUtf8@LxDialogs@@SA?AVQString@@PBD0@Z 10004d50 f i lxbasewin.obj
 0001:00003d90       ?trUtf8@LxDialogs@@SA?AVQString@@PBD0H@Z 10004d90 f i lxbasewin.obj
 0001:00003de0       ?trUtf8@LxFile@@SA?AVQString@@PBD0@Z 10004de0 f i lxbasewin.obj
 0001:00003e20       ?trUtf8@LxFile@@SA?AVQString@@PBD0H@Z 10004e20 f i lxbasewin.obj
 0001:00003e70       ?trUtf8@LxLibrary@@SA?AVQString@@PBD0@Z 10004e70 f i lxbasewin.obj
 0001:00003eb0       ?trUtf8@LxLibrary@@SA?AVQString@@PBD0H@Z 10004eb0 f i lxbasewin.obj
 0001:00003f00       ?trUtf8@LxOperate@@SA?AVQString@@PBD0@Z 10004f00 f i lxbasewin.obj
 0001:00003f40       ?trUtf8@LxOperate@@SA?AVQString@@PBD0H@Z 10004f40 f i lxbasewin.obj
 0001:00003f90       ??1LxCoreApplicationPrivate@@UAE@XZ 10004f90 f   lxcoreprivate.obj
 0001:00004010       ?runLomoxApp@LxCoreApplicationPrivate@@QAEXHQAPAD@Z 10005010 f   lxcoreprivate.obj
 0001:00004270       ?quit@LxCoreApplicationPrivate@@QAEXXZ 10005270 f   lxcoreprivate.obj
 0001:00004290       ?getMainWin@LxCoreApplicationPrivate@@QAEPAVLxBaseWin@@XZ 10005290 f   lxcoreprivate.obj
 0001:00004320       ?getDialogs@LxCoreApplicationPrivate@@QAEPAVLxDialogs@@XZ 10005320 f   lxcoreprivate.obj
 0001:000043f0       ?showMainDialog@LxCoreApplicationPrivate@@QAEXVQUrl@@@Z 100053f0 f   lxcoreprivate.obj
 0001:000047e0       ??H@YA?BVQString@@ABV0@0@Z 100057e0 f i lxcoreprivate.obj
 0001:00004890       ??H@YA?BVQString@@ABV0@PBD@Z 10005890 f i lxcoreprivate.obj
 0001:00004970       ??H@YA?BVQString@@ABV0@VQChar@@@Z 10005970 f i lxcoreprivate.obj
 0001:00004a20       ??0LxWebPage@@QAE@PAVQObject@@@Z 10005a20 f   lxwebpage.obj
 0001:00004a50       ??1LxWebPage@@UAE@XZ       10005a50 f   lxwebpage.obj
 0001:00004a80       ??_GLxWebPage@@UAEPAXI@Z   10005a80 f i lxwebpage.obj
 0001:00004a80       ??_ELxWebPage@@UAEPAXI@Z   10005a80 f i lxwebpage.obj
 0001:00004ac0       ??0LxWebPluginFactory@@QAE@PAVQObject@@@Z 10005ac0 f   lxwebpluginfactory.obj
 0001:00004b80       ??1LxWebPluginFactory@@UAE@XZ 10005b80 f   lxwebpluginfactory.obj
 0001:00004bf0       ?plugins@LxWebPluginFactory@@UBE?AV?$QList@UPlugin@QWebPluginFactory@@@@XZ 10005bf0 f   lxwebpluginfactory.obj
 0001:00004d80       ?getPluginsFromPath@LxWebPluginFactory@@QBEXVQString@@AAV?$QList@UPlugin@QWebPluginFactory@@@@@Z 10005d80 f   lxwebpluginfactory.obj
 0001:00005410       ?create@LxWebPluginFactory@@UBEPAVQObject@@ABVQString@@ABVQUrl@@ABVQStringList@@2@Z 10006410 f   lxwebpluginfactory.obj
 0001:00005ad0       ??$?6VQString@@@@YA?AVQDebug@@V0@ABV?$QList@VQString@@@@@Z 10006ad0 f i lxwebpluginfactory.obj
 0001:00005be0       ??$qForeachContainer@V?$QList@UMimeType@QWebPluginFactory@@@@@@YAPBV?$QForeachContainer@V?$QList@UMimeType@QWebPluginFactory@@@@@@PBUQForeachContainerBase@@PBV?$QList@UMimeType@QWebPluginFactory@@@@@Z 10006be0 f i lxwebpluginfactory.obj
 0001:00005bf0       ??$qForeachContainer@VQStringList@@@@YAPBV?$QForeachContainer@VQStringList@@@@PBUQForeachContainerBase@@PBVQStringList@@@Z 10006bf0 f i lxwebpluginfactory.obj
 0001:00005c00       ??$qForeachContainerNew@V?$QList@UMimeType@QWebPluginFactory@@@@@@YA?AV?$QForeachContainer@V?$QList@UMimeType@QWebPluginFactory@@@@@@ABV?$QList@UMimeType@QWebPluginFactory@@@@@Z 10006c00 f i lxwebpluginfactory.obj
 0001:00005c30       ??$qForeachContainerNew@VQStringList@@@@YA?AV?$QForeachContainer@VQStringList@@@@ABVQStringList@@@Z 10006c30 f i lxwebpluginfactory.obj
 0001:00005c60       ??$qForeachPointer@V?$QList@UMimeType@QWebPluginFactory@@@@@@YAPAV?$QList@UMimeType@QWebPluginFactory@@@@ABV0@@Z 10006c60 f i lxwebpluginfactory.obj
 0001:00005c70       ??$qForeachPointer@VQStringList@@@@YAPAVQStringList@@ABV0@@Z 10006c70 f i lxwebpluginfactory.obj
 0001:00005c80       ??$qobject_cast@PAVLxWebKitPluginInterface@@@@YAPAVLxWebKitPluginInterface@@PAVQObject@@@Z 10006c80 f i lxwebpluginfactory.obj
 0001:00005cc0       ??0?$QFlags@W4Filter@QDir@@@@QAE@W4Filter@QDir@@@Z 10006cc0 f i lxwebpluginfactory.obj
 0001:00005ce0       ??0?$QFlags@W4SortFlag@QDir@@@@QAE@W4SortFlag@QDir@@@Z 10006ce0 f i lxwebpluginfactory.obj
 0001:00005d00       ??0?$QForeachContainer@V?$QList@UMimeType@QWebPluginFactory@@@@@@QAE@ABV?$QList@UMimeType@QWebPluginFactory@@@@@Z 10006d00 f i lxwebpluginfactory.obj
 0001:00005da0       ??0?$QForeachContainer@VQStringList@@@@QAE@ABVQStringList@@@Z 10006da0 f i lxwebpluginfactory.obj
 0001:00005e40       ??0?$QList@PAVLxWebKitPluginInterface@@@@QAE@XZ 10006e40 f i lxwebpluginfactory.obj
 0001:00005e70       ??0?$QList@UMimeType@QWebPluginFactory@@@@QAE@ABV0@@Z 10006e70 f i lxwebpluginfactory.obj
 0001:00005ec0       ??0?$QList@UPlugin@QWebPluginFactory@@@@QAE@ABV0@@Z 10006ec0 f i lxwebpluginfactory.obj
 0001:00005f10       ??0?$QList@UPlugin@QWebPluginFactory@@@@QAE@XZ 10006f10 f i lxwebpluginfactory.obj
 0001:00005f40       ??0?$QList@V?$QList@UPlugin@QWebPluginFactory@@@@@@QAE@XZ 10006f40 f i lxwebpluginfactory.obj
 0001:00005f70       ??0?$QList@VQString@@@@QAE@ABV0@@Z 10006f70 f i lxwebpluginfactory.obj
 0001:00005fc0       ??0?$QList@VQString@@@@QAE@XZ 10006fc0 f i lxwebpluginfactory.obj
 0001:00005ff0       ??0Plugin@QWebPluginFactory@@QAE@ABU01@@Z 10006ff0 f i lxwebpluginfactory.obj
 0001:00006090       ??0QStringList@@QAE@ABV0@@Z 10007090 f i lxwebpluginfactory.obj
 0001:000060c0       ??0QStringList@@QAE@XZ     100070c0 f i lxwebpluginfactory.obj
 0001:000060e0       ??0const_iterator@?$QList@UMimeType@QWebPluginFactory@@@@QAE@PAUNode@1@@Z 100070e0 f i lxwebpluginfactory.obj
 0001:00006100       ??0const_iterator@?$QList@VQString@@@@QAE@PAUNode@1@@Z 10007100 f i lxwebpluginfactory.obj
 0001:00006120       ??1?$QForeachContainer@V?$QList@UMimeType@QWebPluginFactory@@@@@@QAE@XZ 10007120 f i lxwebpluginfactory.obj
 0001:00006140       ??1?$QForeachContainer@VQStringList@@@@QAE@XZ 10007140 f i lxwebpluginfactory.obj
 0001:00006160       ??1?$QList@PAVLxWebKitPluginInterface@@@@QAE@XZ 10007160 f i lxwebpluginfactory.obj
 0001:000061a0       ??1?$QList@UMimeType@QWebPluginFactory@@@@QAE@XZ 100071a0 f i lxwebpluginfactory.obj
 0001:000061e0       ??1?$QList@UPlugin@QWebPluginFactory@@@@QAE@XZ 100071e0 f i lxwebpluginfactory.obj
 0001:00006220       ??1?$QList@V?$QList@UPlugin@QWebPluginFactory@@@@@@QAE@XZ 10007220 f i lxwebpluginfactory.obj
 0001:00006260       ??1?$QList@VQString@@@@QAE@XZ 10007260 f i lxwebpluginfactory.obj
 0001:000062a0       ??1Plugin@QWebPluginFactory@@QAE@XZ 100072a0 f i lxwebpluginfactory.obj
 0001:00006320       ??1QStringList@@QAE@XZ     10007320 f i lxwebpluginfactory.obj
 0001:00006340       ??4?$QList@UPlugin@QWebPluginFactory@@@@QAEAAV0@ABV0@@Z 10007340 f i lxwebpluginfactory.obj
 0001:000063d0       ??6QStringList@@QAEAAV0@ABVQString@@@Z 100073d0 f i lxwebpluginfactory.obj
 0001:00006400       ??9const_iterator@?$QList@UMimeType@QWebPluginFactory@@@@QBE_NABV01@@Z 10007400 f i lxwebpluginfactory.obj
 0001:00006440       ??9const_iterator@?$QList@VQString@@@@QBE_NABV01@@Z 10007440 f i lxwebpluginfactory.obj
 0001:00006480       ??A?$QList@PAVLxWebKitPluginInterface@@@@QAEAAPAVLxWebKitPluginInterface@@H@Z 10007480 f i lxwebpluginfactory.obj
 0001:000064c0       ??A?$QList@UPlugin@QWebPluginFactory@@@@QAEAAUPlugin@QWebPluginFactory@@H@Z 100074c0 f i lxwebpluginfactory.obj
 0001:00006500       ??A?$QList@V?$QList@UPlugin@QWebPluginFactory@@@@@@QAEAAV?$QList@UPlugin@QWebPluginFactory@@@@H@Z 10007500 f i lxwebpluginfactory.obj
 0001:00006540       ??Dconst_iterator@?$QList@UMimeType@QWebPluginFactory@@@@QBEABUMimeType@QWebPluginFactory@@XZ 10007540 f i lxwebpluginfactory.obj
 0001:00006560       ??Dconst_iterator@?$QList@VQString@@@@QBEABVQString@@XZ 10007560 f i lxwebpluginfactory.obj
 0001:00006580       ??Econst_iterator@?$QList@UMimeType@QWebPluginFactory@@@@QAEAAV01@XZ 10007580 f i lxwebpluginfactory.obj
 0001:000065b0       ??Econst_iterator@?$QList@VQString@@@@QAEAAV01@XZ 100075b0 f i lxwebpluginfactory.obj
 0001:000065e0       ??Y?$QList@UPlugin@QWebPluginFactory@@@@QAEAAV0@ABV0@@Z 100075e0 f i lxwebpluginfactory.obj
 0001:00006760       ??_G?$QList@UPlugin@QWebPluginFactory@@@@QAEPAXI@Z 10007760 f i lxwebpluginfactory.obj
 0001:000067a0       ??_GLxWebPluginFactory@@UAEPAXI@Z 100077a0 f i lxwebpluginfactory.obj
 0001:000067a0       ??_ELxWebPluginFactory@@UAEPAXI@Z 100077a0 f i lxwebpluginfactory.obj
 0001:000067e0       ??_GMimeType@QWebPluginFactory@@QAEPAXI@Z 100077e0 f i lxwebpluginfactory.obj
 0001:00006820       ??_GPlugin@QWebPluginFactory@@QAEPAXI@Z 10007820 f i lxwebpluginfactory.obj
 0001:00006860       ??_GQString@@QAEPAXI@Z     10007860 f i lxwebpluginfactory.obj
 0001:000068a0       ?append@?$QList@PAVLxWebKitPluginInterface@@@@QAEXABQAVLxWebKitPluginInterface@@@Z 100078a0 f i lxwebpluginfactory.obj
 0001:00006a80       ?append@?$QList@UPlugin@QWebPluginFactory@@@@QAEXABV1@@Z 10007a80 f i lxwebpluginfactory.obj
 0001:00006aa0       ?append@?$QList@V?$QList@UPlugin@QWebPluginFactory@@@@@@QAEXABV?$QList@UPlugin@QWebPluginFactory@@@@@Z 10007aa0 f i lxwebpluginfactory.obj
 0001:00006c80       ?append@?$QList@VQString@@@@QAEXABVQString@@@Z 10007c80 f i lxwebpluginfactory.obj
 0001:00006e60       ?at@?$QList@UPlugin@QWebPluginFactory@@@@QBEABUPlugin@QWebPluginFactory@@H@Z 10007e60 f i lxwebpluginfactory.obj
 0001:00006e90       ?at@?$QList@VQString@@@@QBEABVQString@@H@Z 10007e90 f i lxwebpluginfactory.obj
 0001:00006ec0       ?begin@?$QList@UMimeType@QWebPluginFactory@@@@QBE?AVconst_iterator@1@XZ 10007ec0 f i lxwebpluginfactory.obj
 0001:00006ef0       ?begin@?$QList@VQString@@@@QBE?AVconst_iterator@1@XZ 10007ef0 f i lxwebpluginfactory.obj
 0001:00006f20       ?clear@?$QList@UPlugin@QWebPluginFactory@@@@QAEXXZ 10007f20 f i lxwebpluginfactory.obj
 0001:00006fb0       ?condition@?$QForeachContainer@V?$QList@UMimeType@QWebPluginFactory@@@@@@QBE_NXZ 10007fb0 f i lxwebpluginfactory.obj
 0001:00007020       ?condition@?$QForeachContainer@VQStringList@@@@QBE_NXZ 10008020 f i lxwebpluginfactory.obj
 0001:00007090       ?count@?$QList@VQString@@@@QBEHXZ 10008090 f i lxwebpluginfactory.obj
 0001:000070b0       ?detach@?$QList@PAVLxWebKitPluginInterface@@@@QAEXXZ 100080b0 f i lxwebpluginfactory.obj
 0001:000070e0       ?detach@?$QList@UPlugin@QWebPluginFactory@@@@QAEXXZ 100080e0 f i lxwebpluginfactory.obj
 0001:00007110       ?detach@?$QList@V?$QList@UPlugin@QWebPluginFactory@@@@@@QAEXXZ 10008110 f i lxwebpluginfactory.obj
 0001:00007140       ?detach_helper@?$QList@PAVLxWebKitPluginInterface@@@@AAEXH@Z 10008140 f i lxwebpluginfactory.obj
 0001:00007260       ?detach_helper@?$QList@PAVLxWebKitPluginInterface@@@@AAEXXZ 10008260 f i lxwebpluginfactory.obj
 0001:00007290       ?detach_helper@?$QList@UMimeType@QWebPluginFactory@@@@AAEXH@Z 10008290 f i lxwebpluginfactory.obj
 0001:000073b0       ?detach_helper@?$QList@UMimeType@QWebPluginFactory@@@@AAEXXZ 100083b0 f i lxwebpluginfactory.obj
 0001:000073e0       ?detach_helper@?$QList@UPlugin@QWebPluginFactory@@@@AAEXH@Z 100083e0 f i lxwebpluginfactory.obj
 0001:00007500       ?detach_helper@?$QList@UPlugin@QWebPluginFactory@@@@AAEXXZ 10008500 f i lxwebpluginfactory.obj
 0001:00007530       ?detach_helper@?$QList@V?$QList@UPlugin@QWebPluginFactory@@@@@@AAEXH@Z 10008530 f i lxwebpluginfactory.obj
 0001:00007650       ?detach_helper@?$QList@V?$QList@UPlugin@QWebPluginFactory@@@@@@AAEXXZ 10008650 f i lxwebpluginfactory.obj
 0001:00007680       ?detach_helper@?$QList@VQString@@@@AAEXH@Z 10008680 f i lxwebpluginfactory.obj
 0001:000077a0       ?detach_helper@?$QList@VQString@@@@AAEXXZ 100087a0 f i lxwebpluginfactory.obj
 0001:000077d0       ?detach_helper_grow@?$QList@PAVLxWebKitPluginInterface@@@@AAEPAUNode@1@HH@Z 100087d0 f i lxwebpluginfactory.obj
 0001:000079e0       ?detach_helper_grow@?$QList@UPlugin@QWebPluginFactory@@@@AAEPAUNode@1@HH@Z 100089e0 f i lxwebpluginfactory.obj
 0001:00007bf0       ?detach_helper_grow@?$QList@V?$QList@UPlugin@QWebPluginFactory@@@@@@AAEPAUNode@1@HH@Z 10008bf0 f i lxwebpluginfactory.obj
 0001:00007e00       ?detach_helper_grow@?$QList@VQString@@@@AAEPAUNode@1@HH@Z 10008e00 f i lxwebpluginfactory.obj
 0001:00008010       ?end@?$QList@UMimeType@QWebPluginFactory@@@@QBE?AVconst_iterator@1@XZ 10009010 f i lxwebpluginfactory.obj
 0001:00008040       ?end@?$QList@VQString@@@@QBE?AVconst_iterator@1@XZ 10009040 f i lxwebpluginfactory.obj
 0001:00008070       ?extension@LxWebPluginFactory@@UAE_NW4Extension@QWebPluginFactory@@PBVExtensionOption@3@PAVExtensionReturn@3@@Z 10009070 f i lxwebpluginfactory.obj
 0001:00008090       ?free@?$QList@PAVLxWebKitPluginInterface@@@@AAEXPAUData@QListData@@@Z 10009090 f i lxwebpluginfactory.obj
 0001:00008100       ?free@?$QList@UMimeType@QWebPluginFactory@@@@AAEXPAUData@QListData@@@Z 10009100 f i lxwebpluginfactory.obj
 0001:00008170       ?free@?$QList@UPlugin@QWebPluginFactory@@@@AAEXPAUData@QListData@@@Z 10009170 f i lxwebpluginfactory.obj
 0001:000081e0       ?free@?$QList@V?$QList@UPlugin@QWebPluginFactory@@@@@@AAEXPAUData@QListData@@@Z 100091e0 f i lxwebpluginfactory.obj
 0001:00008250       ?free@?$QList@VQString@@@@AAEXPAUData@QListData@@@Z 10009250 f i lxwebpluginfactory.obj
 0001:000082c0       ?isEmpty@?$QList@UPlugin@QWebPluginFactory@@@@QBE_NXZ 100092c0 f i lxwebpluginfactory.obj
 0001:000082e0       ?node_construct@?$QList@PAVLxWebKitPluginInterface@@@@AAEXPAUNode@1@ABQAVLxWebKitPluginInterface@@@Z 100092e0 f i lxwebpluginfactory.obj
 0001:000083a0       ?node_construct@?$QList@V?$QList@UPlugin@QWebPluginFactory@@@@@@AAEXPAUNode@1@ABV?$QList@UPlugin@QWebPluginFactory@@@@@Z 100093a0 f i lxwebpluginfactory.obj
 0001:000084d0       ?node_construct@?$QList@VQString@@@@AAEXPAUNode@1@ABVQString@@@Z 100094d0 f i lxwebpluginfactory.obj
 0001:00008600       ?node_copy@?$QList@PAVLxWebKitPluginInterface@@@@AAEXPAUNode@1@00@Z 10009600 f i lxwebpluginfactory.obj
 0001:00008850       ?node_copy@?$QList@UMimeType@QWebPluginFactory@@@@AAEXPAUNode@1@00@Z 10009850 f i lxwebpluginfactory.obj
 0001:00008b10       ?node_copy@?$QList@UPlugin@QWebPluginFactory@@@@AAEXPAUNode@1@00@Z 10009b10 f i lxwebpluginfactory.obj
 0001:00008dd0       ?node_copy@?$QList@V?$QList@UPlugin@QWebPluginFactory@@@@@@AAEXPAUNode@1@00@Z 10009dd0 f i lxwebpluginfactory.obj
 0001:00009090       ?node_copy@?$QList@VQString@@@@AAEXPAUNode@1@00@Z 1000a090 f i lxwebpluginfactory.obj
 0001:00009340       ?node_destruct@?$QList@PAVLxWebKitPluginInterface@@@@AAEXPAUNode@1@0@Z 1000a340 f i lxwebpluginfactory.obj
 0001:000093b0       ?node_destruct@?$QList@PAVLxWebKitPluginInterface@@@@AAEXPAUNode@1@@Z 1000a3b0 f i lxwebpluginfactory.obj
 0001:000093e0       ?node_destruct@?$QList@UMimeType@QWebPluginFactory@@@@AAEXPAUNode@1@0@Z 1000a3e0 f i lxwebpluginfactory.obj
 0001:00009480       ?node_destruct@?$QList@UPlugin@QWebPluginFactory@@@@AAEXPAUNode@1@0@Z 1000a480 f i lxwebpluginfactory.obj
 0001:00009520       ?node_destruct@?$QList@V?$QList@UPlugin@QWebPluginFactory@@@@@@AAEXPAUNode@1@0@Z 1000a520 f i lxwebpluginfactory.obj
 0001:000095c0       ?node_destruct@?$QList@V?$QList@UPlugin@QWebPluginFactory@@@@@@AAEXPAUNode@1@@Z 1000a5c0 f i lxwebpluginfactory.obj
 0001:00009630       ?node_destruct@?$QList@VQString@@@@AAEXPAUNode@1@0@Z 1000a630 f i lxwebpluginfactory.obj
 0001:000096d0       ?node_destruct@?$QList@VQString@@@@AAEXPAUNode@1@@Z 1000a6d0 f i lxwebpluginfactory.obj
 0001:00009740       ?qt_noop@@YAXXZ            1000a740 f i lxwebpluginfactory.obj
 0001:00009750       ?size@?$QList@UPlugin@QWebPluginFactory@@@@QBEHXZ 1000a750 f i lxwebpluginfactory.obj
 0001:00009770       ?size@?$QList@V?$QList@UPlugin@QWebPluginFactory@@@@@@QBEHXZ 1000a770 f i lxwebpluginfactory.obj
 0001:00009790       ?size@?$QList@VQString@@@@QBEHXZ 1000a790 f i lxwebpluginfactory.obj
 0001:000097b0       ?supportsExtension@LxWebPluginFactory@@UBE_NW4Extension@QWebPluginFactory@@@Z 1000a7b0 f i lxwebpluginfactory.obj
 0001:000097d0       ?t@Node@?$QList@PAVLxWebKitPluginInterface@@@@QAEAAPAVLxWebKitPluginInterface@@XZ 1000a7d0 f i lxwebpluginfactory.obj
 0001:00009800       ?t@Node@?$QList@UMimeType@QWebPluginFactory@@@@QAEAAUMimeType@QWebPluginFactory@@XZ 1000a800 f i lxwebpluginfactory.obj
 0001:00009840       ?t@Node@?$QList@UPlugin@QWebPluginFactory@@@@QAEAAUPlugin@QWebPluginFactory@@XZ 1000a840 f i lxwebpluginfactory.obj
 0001:00009880       ?t@Node@?$QList@V?$QList@UPlugin@QWebPluginFactory@@@@@@QAEAAV?$QList@UPlugin@QWebPluginFactory@@@@XZ 1000a880 f i lxwebpluginfactory.obj
 0001:000098c0       ?t@Node@?$QList@VQString@@@@QAEAAVQString@@XZ 1000a8c0 f i lxwebpluginfactory.obj
 0001:000098f0       ??0LxCoreApplication@@QAE@PAVQObject@@PAVQWebView@@VQString@@@Z 1000a8f0 f   lxcoreapplication.obj
 0001:00009ae0       ??1LxCoreApplication@@UAE@XZ 1000aae0 f   lxcoreapplication.obj
 0001:00009ba0       ?getDialogs@LxCoreApplication@@ABEPAVQObject@@XZ 1000aba0 f   lxcoreapplication.obj
 0001:00009bc0       ?getLib@LxCoreApplication@@ABEPAVQObject@@XZ 1000abc0 f   lxcoreapplication.obj
 0001:00009bf0       ?getFile@LxCoreApplication@@ABEPAVQObject@@XZ 1000abf0 f   lxcoreapplication.obj
 0001:00009c20       ?getDir@LxCoreApplication@@ABEPAVQObject@@XZ 1000ac20 f   lxcoreapplication.obj
 0001:00009c50       ?getArguments@LxCoreApplication@@ABE?AVQVariant@@XZ 1000ac50 f   lxcoreapplication.obj
 0001:00009ce0       ?getVersion@LxCoreApplication@@ABE?AVQVariant@@XZ 1000ace0 f   lxcoreapplication.obj
 0001:00009d70       ?getAppPath@LxCoreApplication@@ABE?AVQVariant@@XZ 1000ad70 f   lxcoreapplication.obj
 0001:00009e00       ?clearMemoryCaches@LxCoreApplication@@AAEXXZ 1000ae00 f   lxcoreapplication.obj
 0001:00009e20       ?getHttpTool@LxCoreApplication@@AAEPAVQObject@@XZ 1000ae20 f   lxcoreapplication.obj
 0001:0000a020       ??0?$QPointer@VLxBaseWin@@@@QAE@XZ 1000b020 f i lxcoreapplication.obj
 0001:0000a040       ??0?$QPointer@VLxDir@@@@QAE@XZ 1000b040 f i lxcoreapplication.obj
 0001:0000a060       ??0?$QPointer@VLxFile@@@@QAE@XZ 1000b060 f i lxcoreapplication.obj
 0001:0000a080       ??0?$QPointer@VLxLibManager@@@@QAE@XZ 1000b080 f i lxcoreapplication.obj
 0001:0000a0a0       ??0?$QPointer@VQObject@@@@QAE@XZ 1000b0a0 f i lxcoreapplication.obj
 0001:0000a0c0       ??1?$QPointer@VLxBaseWin@@@@QAE@XZ 1000b0c0 f i lxcoreapplication.obj
 0001:0000a0e0       ??1?$QPointer@VLxDir@@@@QAE@XZ 1000b0e0 f i lxcoreapplication.obj
 0001:0000a100       ??1?$QPointer@VLxFile@@@@QAE@XZ 1000b100 f i lxcoreapplication.obj
 0001:0000a120       ??1?$QPointer@VLxLibManager@@@@QAE@XZ 1000b120 f i lxcoreapplication.obj
 0001:0000a140       ??1?$QPointer@VQObject@@@@QAE@XZ 1000b140 f i lxcoreapplication.obj
 0001:0000a160       ??4?$QPointer@VLxDir@@@@QAEAAV0@PAVLxDir@@@Z 1000b160 f i lxcoreapplication.obj
 0001:0000a1a0       ??4?$QPointer@VLxFile@@@@QAEAAV0@PAVLxFile@@@Z 1000b1a0 f i lxcoreapplication.obj
 0001:0000a1e0       ??4?$QPointer@VLxLibManager@@@@QAEAAV0@PAVLxLibManager@@@Z 1000b1e0 f i lxcoreapplication.obj
 0001:0000a220       ??4?$QPointer@VQObject@@@@QAEAAV0@PAVQObject@@@Z 1000b220 f i lxcoreapplication.obj
 0001:0000a260       ??B?$QPointer@VLxDir@@@@QBEPAVLxDir@@XZ 1000b260 f i lxcoreapplication.obj
 0001:0000a280       ??B?$QPointer@VLxFile@@@@QBEPAVLxFile@@XZ 1000b280 f i lxcoreapplication.obj
 0001:0000a2a0       ??B?$QPointer@VLxLibManager@@@@QBEPAVLxLibManager@@XZ 1000b2a0 f i lxcoreapplication.obj
 0001:0000a2c0       ??B?$QPointer@VQObject@@@@QBEPAVQObject@@XZ 1000b2c0 f i lxcoreapplication.obj
 0001:0000a2e0       ??B?$QPointer@VQWebView@@@@QBEPAVQWebView@@XZ 1000b2e0 f i lxcoreapplication.obj
 0001:0000a300       ??C?$QPointer@VLxLibManager@@@@QBEPAVLxLibManager@@XZ 1000b300 f i lxcoreapplication.obj
 0001:0000a320       ??_ELxCoreApplication@@UAEPAXI@Z 1000b320 f i lxcoreapplication.obj
 0001:0000a3b0       ??_GLxCoreApplication@@UAEPAXI@Z 1000b3b0 f i lxcoreapplication.obj
 0001:0000a3f0       ??0LxDialogBase@@QAE@PAVQObject@@PAVQWebView@@VQString@@@Z 1000b3f0 f   lxdialogoperate.obj
 0001:0000a4a0       ??1LxDialogBase@@UAE@XZ    1000b4a0 f   lxdialogoperate.obj
 0001:0000a510       ?move@LxDialogBase@@UAEXXZ 1000b510 f   lxdialogoperate.obj
 0001:0000a580       ?move@LxDialogBase@@UAEXHH@Z 1000b580 f   lxdialogoperate.obj
 0001:0000a5d0       ?showMinimized@LxDialogBase@@UAEXXZ 1000b5d0 f   lxdialogoperate.obj
 0001:0000a620       ?showMaximized@LxDialogBase@@UAEXXZ 1000b620 f   lxdialogoperate.obj
 0001:0000a690       ?close@LxDialogBase@@UAEXXZ 1000b690 f   lxdialogoperate.obj
 0001:0000a6e0       ?showNormal@LxDialogBase@@UAEXXZ 1000b6e0 f   lxdialogoperate.obj
 0001:0000a730       ?isMinimized@LxDialogBase@@UAE_NXZ 1000b730 f   lxdialogoperate.obj
 0001:0000a780       ?isMaximized@LxDialogBase@@UAE_NXZ 1000b780 f   lxdialogoperate.obj
 0001:0000a7d0       ?isFullScreen@LxDialogBase@@UAE_NXZ 1000b7d0 f   lxdialogoperate.obj
 0001:0000a820       ?minimumWidth@LxDialogBase@@UAEHXZ 1000b820 f   lxdialogoperate.obj
 0001:0000a870       ?minimumHeight@LxDialogBase@@UAEHXZ 1000b870 f   lxdialogoperate.obj
 0001:0000a8c0       ?maximumWidth@LxDialogBase@@UAEHXZ 1000b8c0 f   lxdialogoperate.obj
 0001:0000a910       ?maximumHeight@LxDialogBase@@UAEHXZ 1000b910 f   lxdialogoperate.obj
 0001:0000a960       ?setMinimumSize@LxDialogBase@@UAEXHH@Z 1000b960 f   lxdialogoperate.obj
 0001:0000a9c0       ?setMaximumSize@LxDialogBase@@UAEXHH@Z 1000b9c0 f   lxdialogoperate.obj
 0001:0000aa20       ?setMinimumWidth@LxDialogBase@@UAEXH@Z 1000ba20 f   lxdialogoperate.obj
 0001:0000aa70       ?setMinimumHeight@LxDialogBase@@UAEXH@Z 1000ba70 f   lxdialogoperate.obj
 0001:0000aac0       ?setMaximumWidth@LxDialogBase@@UAEXH@Z 1000bac0 f   lxdialogoperate.obj
 0001:0000ab10       ?setMaximumHeight@LxDialogBase@@UAEXH@Z 1000bb10 f   lxdialogoperate.obj
 0001:0000ab60       ?show@LxDialogBase@@UAEXXZ 1000bb60 f   lxdialogoperate.obj
 0001:0000abb0       ?setDialogWH@LxDialogBase@@UAEXVQVariant@@0@Z 1000bbb0 f   lxdialogoperate.obj
 0001:0000ad30       ?reload@LxDialogBase@@UAEXXZ 1000bd30 f   lxdialogoperate.obj
 0001:0000ada0       ?openUrl@LxDialogBase@@UAEXVQVariant@@@Z 1000bda0 f   lxdialogoperate.obj
 0001:0000ae60       ?getTopLeftX@LxDialogBase@@UAEHXZ 1000be60 f   lxdialogoperate.obj
 0001:0000aec0       ?getTopLeftY@LxDialogBase@@UAEHXZ 1000bec0 f   lxdialogoperate.obj
 0001:0000af20       ?setUrl@LxDialogBase@@UAEXVQString@@@Z 1000bf20 f   lxdialogoperate.obj
 0001:0000afe0       ?setVisible@LxDialogBase@@UAEX_N@Z 1000bfe0 f   lxdialogoperate.obj
 0001:0000b040       ?setHidden@LxDialogBase@@UAEX_N@Z 1000c040 f   lxdialogoperate.obj
 0001:0000b090       ?eval@LxDialogBase@@UAE?AVQVariant@@V2@@Z 1000c090 f   lxdialogoperate.obj
 0001:0000b170       ?toHTML@LxDialogBase@@UAE?AVQVariant@@XZ 1000c170 f   lxdialogoperate.obj
 0001:0000b220       ?setHTML@LxDialogBase@@UAEXVQVariant@@@Z 1000c220 f   lxdialogoperate.obj
 0001:0000b2f0       ?getCoreDialog@LxDialogBase@@UAEPAVQObject@@XZ 1000c2f0 f   lxdialogoperate.obj
 0001:0000b700       ??C?$QPointer@VQWebView@@@@QBEPAVQWebView@@XZ 1000c700 f i lxdialogoperate.obj
 0001:0000b720       ??_ELxDialogBase@@UAEPAXI@Z 1000c720 f i lxdialogoperate.obj
 0001:0000b7b0       ??_GLxDialogBase@@UAEPAXI@Z 1000c7b0 f i lxdialogoperate.obj
 0001:0000b7f0       ?AppIsRunning@@YA_NH@Z     1000c7f0 f i lxdialogoperate.obj
 0001:0000b800       ?LogEx@@YAXPBD00@Z         1000c800 f i lxdialogoperate.obj
 0001:0000b930       ??0LxDialogs@@QAE@PAVQObject@@@Z 1000c930 f   lxdialogs.obj
 0001:0000b9d0       ??1LxDialogs@@UAE@XZ       1000c9d0 f   lxdialogs.obj
 0001:0000ba40       ?append@LxDialogs@@UAEXVQString@@PAVLxDialogBase@@@Z 1000ca40 f   lxdialogs.obj
 0001:0000baf0       ?get@LxDialogs@@UAEPAVQObject@@VQString@@@Z 1000caf0 f   lxdialogs.obj
 0001:0000bba0       ?count@LxDialogs@@UAE?AVQVariant@@XZ 1000cba0 f   lxdialogs.obj
 0001:0000bbe0       ?add@LxDialogs@@UAEPAVQObject@@VQString@@0@Z 1000cbe0 f   lxdialogs.obj
 0001:0000bfa0       ?remove@LxDialogs@@UAE?AVQVariant@@VQString@@@Z 1000cfa0 f   lxdialogs.obj
 0001:0000c260       ??$qMapLessThanKey@VQString@@@@YA_NABVQString@@0@Z 1000d260 f i lxdialogs.obj
 0001:0000c280       ??$qMax@I@@YAABIABI0@Z     1000d280 f i lxdialogs.obj
 0001:0000c2a0       ??0?$QMap@VQString@@PAVLxDialogBase@@@@QAE@XZ 1000d2a0 f i lxdialogs.obj
 0001:0000c2d0       ??0iterator@?$QMap@VQString@@PAVLxDialogBase@@@@QAE@PAUNode@QMapData@@@Z 1000d2d0 f i lxdialogs.obj
 0001:0000c2f0       ??1?$QMap@VQString@@PAVLxDialogBase@@@@QAE@XZ 1000d2f0 f i lxdialogs.obj
 0001:0000c340       ??4?$QPointer@VLxBaseWin@@@@QAEAAV0@PAVLxBaseWin@@@Z 1000d340 f i lxdialogs.obj
 0001:0000c380       ??A?$QMap@VQString@@PAVLxDialogBase@@@@QAEAAPAVLxDialogBase@@ABVQString@@@Z 1000d380 f i lxdialogs.obj
 0001:0000c400       ??_ELxDialogs@@UAEPAXI@Z   1000d400 f i lxdialogs.obj
 0001:0000c490       ??_GLxDialogs@@UAEPAXI@Z   1000d490 f i lxdialogs.obj
 0001:0000c4d0       ?alignment@?$QMap@VQString@@PAVLxDialogBase@@@@CAHXZ 1000d4d0 f i lxdialogs.obj
 0001:0000c510       ?concrete@?$QMap@VQString@@PAVLxDialogBase@@@@CAPAU?$QMapNode@VQString@@PAVLxDialogBase@@@@PAUNode@QMapData@@@Z 1000d510 f i lxdialogs.obj
 0001:0000c530       ?contains@?$QMap@VQString@@PAVLxDialogBase@@@@QBE_NABVQString@@@Z 1000d530 f i lxdialogs.obj
 0001:0000c580       ?count@?$QMap@VQString@@PAVLxDialogBase@@@@QBEHXZ 1000d580 f i lxdialogs.obj
 0001:0000c5a0       ?detach@?$QMap@VQString@@PAVLxDialogBase@@@@QAEXXZ 1000d5a0 f i lxdialogs.obj
 0001:0000c5e0       ?detach_helper@?$QMap@VQString@@PAVLxDialogBase@@@@AAEXXZ 1000d5e0 f i lxdialogs.obj
 0001:0000c790       ?findNode@?$QMap@VQString@@PAVLxDialogBase@@@@ABEPAUNode@QMapData@@ABVQString@@@Z 1000d790 f i lxdialogs.obj
 0001:0000c870       ?freeData@?$QMap@VQString@@PAVLxDialogBase@@@@AAEXPAUQMapData@@@Z 1000d870 f i lxdialogs.obj
 0001:0000c910       ?insert@?$QMap@VQString@@PAVLxDialogBase@@@@QAE?AViterator@1@ABVQString@@ABQAVLxDialogBase@@@Z 1000d910 f i lxdialogs.obj
 0001:0000c9b0       ?isNetWorkPath@@YA_NVQString@@@Z 1000d9b0 f i lxdialogs.obj
 0001:0000cbc0       ?mutableFindNode@?$QMap@VQString@@PAVLxDialogBase@@@@ABEPAUNode@QMapData@@QAPAU23@ABVQString@@@Z 1000dbc0 f i lxdialogs.obj
 0001:0000ccb0       ?node_create@?$QMap@VQString@@PAVLxDialogBase@@@@AAEPAUNode@QMapData@@PAU3@QAPAU23@ABVQString@@ABQAVLxDialogBase@@@Z 1000dcb0 f i lxdialogs.obj
 0001:0000ce70       ?payload@?$QMap@VQString@@PAVLxDialogBase@@@@CAHXZ 1000de70 f i lxdialogs.obj
 0001:0000ce80       ?remove@?$QMap@VQString@@PAVLxDialogBase@@@@QAEHABVQString@@@Z 1000de80 f i lxdialogs.obj
 0001:0000d070       ??0LxDir@@QAE@PAVQObject@@@Z 1000e070 f   lxdir.obj
 0001:0000d0b0       ?exists@LxDir@@UAE?AVQVariant@@V2@VQString@@@Z 1000e0b0 f   lxdir.obj
 0001:0000d1c0       ?mkdir@LxDir@@UAE?AVQVariant@@V2@VQString@@@Z 1000e1c0 f   lxdir.obj
 0001:0000d300       ?mkpath@LxDir@@UAE?AVQVariant@@V2@VQString@@@Z 1000e300 f   lxdir.obj
 0001:0000d440       ?entryList@LxDir@@UAE?AVQVariant@@V2@000VQString@@@Z 1000e440 f   lxdir.obj
 0001:0000d770       ??0?$QFlags@W4Filter@QDir@@@@QAE@VQFlag@@@Z 1000e770 f i lxdir.obj
 0001:0000d7a0       ??0?$QFlags@W4SortFlag@QDir@@@@QAE@VQFlag@@@Z 1000e7a0 f i lxdir.obj
 0001:0000d7d0       ??1LxDir@@UAE@XZ           1000e7d0 f i lxdir.obj
 0001:0000d7f0       ??_GLxDir@@UAEPAXI@Z       1000e7f0 f i lxdir.obj
 0001:0000d7f0       ??_ELxDir@@UAEPAXI@Z       1000e7f0 f i lxdir.obj
 0001:0000d830       ??0LxFile@@QAE@PAVQObject@@@Z 1000e830 f   lxfile.obj
 0001:0000d870       ??0LxFile@@QAE@PAVQObject@@PAVQWebView@@VQString@@@Z 1000e870 f   lxfile.obj
 0001:0000d900       ??1LxFile@@UAE@XZ          1000e900 f   lxfile.obj
 0001:0000d920       ?readFileData@LxFile@@UAE?AVQVariant@@V2@VQString@@@Z 1000e920 f   lxfile.obj
 0001:0000db00       ?isExits@LxFile@@UAE?AVQVariant@@V2@@Z 1000eb00 f   lxfile.obj
 0001:0000dc10       ?remove@LxFile@@UAE?AVQVariant@@V2@@Z 1000ec10 f   lxfile.obj
 0001:0000dd10       ?rename@LxFile@@UAE?AVQVariant@@V2@0@Z 1000ed10 f   lxfile.obj
 0001:0000de60       ?link@LxFile@@UAE?AVQVariant@@V2@0@Z 1000ee60 f   lxfile.obj
 0001:0000df50       ?copy@LxFile@@UAE?AVQVariant@@V2@0@Z 1000ef50 f   lxfile.obj
 0001:0000e100       ?size@LxFile@@UAE?AVQVariant@@V2@@Z 1000f100 f   lxfile.obj
 0001:0000e1c0       ?permissions@LxFile@@UAE?AVQVariant@@V2@@Z 1000f1c0 f   lxfile.obj
 0001:0000e280       ?write@LxFile@@UAE?AVQVariant@@V2@0VQString@@@Z 1000f280 f   lxfile.obj
 0001:0000e7e0       ??0?$QFlags@W4OpenModeFlag@QIODevice@@@@QAE@W4OpenModeFlag@QIODevice@@@Z 1000f7e0 f i lxfile.obj
 0001:0000e800       ??_ELxFile@@UAEPAXI@Z      1000f800 f i lxfile.obj
 0001:0000e890       ??_GLxFile@@UAEPAXI@Z      1000f890 f i lxfile.obj
 0001:0000e8d0       ??0LxLibManager@@QAE@PAVQObject@@@Z 1000f8d0 f   lxlibmanager.obj
 0001:0000e950       ??1LxLibManager@@UAE@XZ    1000f950 f   lxlibmanager.obj
 0001:0000e9c0       ?initialize@LxLibManager@@UAEXPAVQWebView@@@Z 1000f9c0 f   lxlibmanager.obj
 0001:0000ea00       ?count@LxLibManager@@UAE?AVQVariant@@XZ 1000fa00 f   lxlibmanager.obj
 0001:0000ea40       ?add@LxLibManager@@UAEPAVQObject@@VQString@@0@Z 1000fa40 f   lxlibmanager.obj
 0001:0000eb40       ?remove@LxLibManager@@UAE?AVQVariant@@VQString@@@Z 1000fb40 f   lxlibmanager.obj
 0001:0000ec60       ?get@LxLibManager@@UAEPAVQObject@@VQString@@@Z 1000fc60 f   lxlibmanager.obj
 0001:0000edd0       ??0?$QMap@VQString@@PAVLxLibrary@@@@QAE@XZ 1000fdd0 f i lxlibmanager.obj
 0001:0000ee00       ??0?$QPointer@VQWebView@@@@QAE@XZ 1000fe00 f i lxlibmanager.obj
 0001:0000ee20       ??0iterator@?$QMap@VQString@@PAVLxLibrary@@@@QAE@PAUNode@QMapData@@@Z 1000fe20 f i lxlibmanager.obj
 0001:0000ee40       ??1?$QMap@VQString@@PAVLxLibrary@@@@QAE@XZ 1000fe40 f i lxlibmanager.obj
 0001:0000ee90       ??1?$QPointer@VQWebView@@@@QAE@XZ 1000fe90 f i lxlibmanager.obj
 0001:0000eeb0       ??4?$QPointer@VQWebView@@@@QAEAAV0@PAVQWebView@@@Z 1000feb0 f i lxlibmanager.obj
 0001:0000eef0       ??A?$QMap@VQString@@PAVLxLibrary@@@@QAEAAPAVLxLibrary@@ABVQString@@@Z 1000fef0 f i lxlibmanager.obj
 0001:0000ef70       ??_GLxLibManager@@UAEPAXI@Z 1000ff70 f i lxlibmanager.obj
 0001:0000ef70       ??_ELxLibManager@@UAEPAXI@Z 1000ff70 f i lxlibmanager.obj
 0001:0000efb0       ?alignment@?$QMap@VQString@@PAVLxLibrary@@@@CAHXZ 1000ffb0 f i lxlibmanager.obj
 0001:0000eff0       ?concrete@?$QMap@VQString@@PAVLxLibrary@@@@CAPAU?$QMapNode@VQString@@PAVLxLibrary@@@@PAUNode@QMapData@@@Z 1000fff0 f i lxlibmanager.obj
 0001:0000f010       ?contains@?$QMap@VQString@@PAVLxLibrary@@@@QBE_NABVQString@@@Z 10010010 f i lxlibmanager.obj
 0001:0000f060       ?count@?$QMap@VQString@@PAVLxLibrary@@@@QBEHXZ 10010060 f i lxlibmanager.obj
 0001:0000f080       ?data@?$QPointer@VQWebView@@@@QBEPAVQWebView@@XZ 10010080 f i lxlibmanager.obj
 0001:0000f0a0       ?detach@?$QMap@VQString@@PAVLxLibrary@@@@QAEXXZ 100100a0 f i lxlibmanager.obj
 0001:0000f0e0       ?detach_helper@?$QMap@VQString@@PAVLxLibrary@@@@AAEXXZ 100100e0 f i lxlibmanager.obj
 0001:0000f290       ?findNode@?$QMap@VQString@@PAVLxLibrary@@@@ABEPAUNode@QMapData@@ABVQString@@@Z 10010290 f i lxlibmanager.obj
 0001:0000f370       ?freeData@?$QMap@VQString@@PAVLxLibrary@@@@AAEXPAUQMapData@@@Z 10010370 f i lxlibmanager.obj
 0001:0000f410       ?insert@?$QMap@VQString@@PAVLxLibrary@@@@QAE?AViterator@1@ABVQString@@ABQAVLxLibrary@@@Z 10010410 f i lxlibmanager.obj
 0001:0000f4b0       ?mutableFindNode@?$QMap@VQString@@PAVLxLibrary@@@@ABEPAUNode@QMapData@@QAPAU23@ABVQString@@@Z 100104b0 f i lxlibmanager.obj
 0001:0000f5a0       ?node_create@?$QMap@VQString@@PAVLxLibrary@@@@AAEPAUNode@QMapData@@PAU3@QAPAU23@ABVQString@@ABQAVLxLibrary@@@Z 100105a0 f i lxlibmanager.obj
 0001:0000f760       ?payload@?$QMap@VQString@@PAVLxLibrary@@@@CAHXZ 10010760 f i lxlibmanager.obj
 0001:0000f770       ?remove@?$QMap@VQString@@PAVLxLibrary@@@@QAEHABVQString@@@Z 10010770 f i lxlibmanager.obj
 0001:0000f960       ??0LxLibrary@@QAE@PAVQObject@@@Z 10010960 f   lxlibrary.obj
 0001:0000f9e0       ??1LxLibrary@@UAE@XZ       100109e0 f   lxlibrary.obj
 0001:0000fa50       ?initialize@LxLibrary@@QAEXPAVQWebView@@@Z 10010a50 f   lxlibrary.obj
 0001:0000fa80       ?load@LxLibrary@@UAE?AVQVariant@@VQString@@@Z 10010a80 f   lxlibrary.obj
 0001:0000fc40       ?exec@LxLibrary@@UAE?AVQVariant@@VQString@@V2@0@Z 10010c40 f   lxlibrary.obj
 0001:00010040       ?unload@LxLibrary@@UAE?AVQVariant@@XZ 10011040 f   lxlibrary.obj
 0001:00010290       ??0?$QPointer@VQLibrary@@@@QAE@XZ 10011290 f i lxlibrary.obj
 0001:000102b0       ??1?$QPointer@VQLibrary@@@@QAE@XZ 100112b0 f i lxlibrary.obj
 0001:000102d0       ??4?$QPointer@VQLibrary@@@@QAEAAV0@PAVQLibrary@@@Z 100112d0 f i lxlibrary.obj
 0001:00010310       ??C?$QPointer@VQLibrary@@@@QBEPAVQLibrary@@XZ 10011310 f i lxlibrary.obj
 0001:00010330       ??H@YA?BVQString@@PBDABV0@@Z 10011330 f i lxlibrary.obj
 0001:000103e0       ??_ELxLibrary@@UAEPAXI@Z   100113e0 f i lxlibrary.obj
 0001:00010470       ??_GLxLibrary@@UAEPAXI@Z   10011470 f i lxlibrary.obj
 0001:000104b0       ??_GQLibrary@@UAEPAXI@Z    100114b0 f i lxlibrary.obj
 0001:000104b0       ??_EQLibrary@@UAEPAXI@Z    100114b0 f i lxlibrary.obj
 0001:000104f0       ?isNull@?$QPointer@VQLibrary@@@@QBE_NXZ 100114f0 f i lxlibrary.obj
 0001:00010530       ?isNull@?$QPointer@VQWebView@@@@QBE_NXZ 10011530 f i lxlibrary.obj
 0001:00010570       ??0lomox@@QAE@XZ           10011570 f   lomox.obj
 0001:00010580       ??1lomox@@QAE@XZ           10011580 f   lomox.obj
 0001:000105a0       ??4lomox@@QAEAAV0@ABV0@@Z  100115a0 f i lomox.obj
 0001:000105c0       ??0LxOperate@@QAE@PAVQObject@@PAVQWebView@@VQString@@@Z 100115c0 f   lxoperate.obj
 0001:000106d0       ??1LxOperate@@UAE@XZ       100116d0 f   lxoperate.obj
 0001:00010750       ?setupJsAPIObject@LxOperate@@QAE_NXZ 10011750 f   lxoperate.obj
 0001:00010880       ??4?$QPointer@VQWebPage@@@@QAEAAV0@PAVQWebPage@@@Z 10011880 f i lxoperate.obj
 0001:000108c0       ??_ELxOperate@@UAEPAXI@Z   100118c0 f i lxoperate.obj
 0001:00010950       ??_GLxOperate@@UAEPAXI@Z   10011950 f i lxoperate.obj
 0001:00010990       ?setupApiObject@LM_UTILITYTOOL@@YA_NPAVQWebPage@@VQString@@PAVQObject@@@Z 10011990 f i lxoperate.obj
 0001:00010a70       ??0LxSqlQuery@@QAE@XZ      10011a70 f   lxsqlquery.obj
 0001:00010b20       ??1LxSqlQuery@@UAE@XZ      10011b20 f   lxsqlquery.obj
 0001:00010b90       ?exec@LxSqlQuery@@QAE_NABVQString@@@Z 10011b90 f   lxsqlquery.obj
 0001:00010bb0       ?value@LxSqlQuery@@QAE?AVQVariant@@H@Z 10011bb0 f   lxsqlquery.obj
 0001:00010bf0       ?next@LxSqlQuery@@QAE_NXZ  10011bf0 f   lxsqlquery.obj
 0001:00010c10       ?previous@LxSqlQuery@@QAE_NXZ 10011c10 f   lxsqlquery.obj
 0001:00010ca0       ??_ELxSqlQuery@@UAEPAXI@Z  10011ca0 f i lxsqlquery.obj
 0001:00010d30       ??_GLxSqlQuery@@UAEPAXI@Z  10011d30 f i lxsqlquery.obj
 0001:00010d70       ?metaObject@LxBaseWin@@UBEPBUQMetaObject@@XZ 10011d70 f   moc_lxbasewin.obj
 0001:00010db0       ?qt_metacast@LxBaseWin@@UAEPAXPBD@Z 10011db0 f   moc_lxbasewin.obj
 0001:00010df0       ?qt_metacall@LxBaseWin@@UAEHW4Call@QMetaObject@@HPAPAX@Z 10011df0 f   moc_lxbasewin.obj
 0001:00010ea0       ??C?$QScopedPointer@VQObjectData@@U?$QScopedPointerDeleter@VQObjectData@@@@@@QBEPAVQObjectData@@XZ 10011ea0 f i moc_lxbasewin.obj
 0001:00010ec0       ?metaObject@LxCoreApplication@@UBEPBUQMetaObject@@XZ 10011ec0 f   moc_lxcoreapplication.obj
 0001:00010f00       ?qt_metacast@LxCoreApplication@@UAEPAXPBD@Z 10011f00 f   moc_lxcoreapplication.obj
 0001:00010f40       ?qt_metacall@LxCoreApplication@@UAEHW4Call@QMetaObject@@HPAPAX@Z 10011f40 f   moc_lxcoreapplication.obj
 0001:00011530       ?metaObject@LxCoreApplicationPrivate@@UBEPBUQMetaObject@@XZ 10012530 f   moc_lxcoreprivate.obj
 0001:00011570       ?qt_metacast@LxCoreApplicationPrivate@@UAEPAXPBD@Z 10012570 f   moc_lxcoreprivate.obj
 0001:000115b0       ?qt_metacall@LxCoreApplicationPrivate@@UAEHW4Call@QMetaObject@@HPAPAX@Z 100125b0 f   moc_lxcoreprivate.obj
 0001:00011610       ?metaObject@LxDialogBase@@UBEPBUQMetaObject@@XZ 10012610 f   moc_lxdialogoperate.obj
 0001:00011650       ?qt_metacast@LxDialogBase@@UAEPAXPBD@Z 10012650 f   moc_lxdialogoperate.obj
 0001:00011690       ?qt_metacall@LxDialogBase@@UAEHW4Call@QMetaObject@@HPAPAX@Z 10012690 f   moc_lxdialogoperate.obj
 0001:00011fa0       ?metaObject@LxDialogs@@UBEPBUQMetaObject@@XZ 10012fa0 f   moc_lxdialogs.obj
 0001:00011fe0       ?qt_metacast@LxDialogs@@UAEPAXPBD@Z 10012fe0 f   moc_lxdialogs.obj
 0001:00012020       ?qt_metacall@LxDialogs@@UAEHW4Call@QMetaObject@@HPAPAX@Z 10013020 f   moc_lxdialogs.obj
 0001:00012390       ?metaObject@LxDir@@UBEPBUQMetaObject@@XZ 10013390 f   moc_lxdir.obj
 0001:000123d0       ?qt_metacast@LxDir@@UAEPAXPBD@Z 100133d0 f   moc_lxdir.obj
 0001:00012410       ?qt_metacall@LxDir@@UAEHW4Call@QMetaObject@@HPAPAX@Z 10013410 f   moc_lxdir.obj
 0001:000130f0       ?metaObject@LxFile@@UBEPBUQMetaObject@@XZ 100140f0 f   moc_lxfile.obj
 0001:00013130       ?qt_metacast@LxFile@@UAEPAXPBD@Z 10014130 f   moc_lxfile.obj
 0001:00013170       ?qt_metacall@LxFile@@UAEHW4Call@QMetaObject@@HPAPAX@Z 10014170 f   moc_lxfile.obj
 0001:00013b10       ?metaObject@LxHttp@@UBEPBUQMetaObject@@XZ 10014b10 f   moc_lxHttp.obj
 0001:00013b50       ?qt_metacast@LxHttp@@UAEPAXPBD@Z 10014b50 f   moc_lxHttp.obj
 0001:00013b90       ?qt_metacall@LxHttp@@UAEHW4Call@QMetaObject@@HPAPAX@Z 10014b90 f   moc_lxHttp.obj
 0001:00013eb0       ?metaObject@LxLibManager@@UBEPBUQMetaObject@@XZ 10014eb0 f   moc_lxlibmanager.obj
 0001:00013ef0       ?qt_metacast@LxLibManager@@UAEPAXPBD@Z 10014ef0 f   moc_lxlibmanager.obj
 0001:00013f30       ?qt_metacall@LxLibManager@@UAEHW4Call@QMetaObject@@HPAPAX@Z 10014f30 f   moc_lxlibmanager.obj
 0001:00014240       ?metaObject@LxLibrary@@UBEPBUQMetaObject@@XZ 10015240 f   moc_lxlibrary.obj
 0001:00014280       ?qt_metacast@LxLibrary@@UAEPAXPBD@Z 10015280 f   moc_lxlibrary.obj
 0001:000142c0       ?qt_metacall@LxLibrary@@UAEHW4Call@QMetaObject@@HPAPAX@Z 100152c0 f   moc_lxlibrary.obj
 0001:000146d0       ?metaObject@LxOperate@@UBEPBUQMetaObject@@XZ 100156d0 f   moc_lxoperate.obj
 0001:00014710       ?qt_metacast@LxOperate@@UAEPAXPBD@Z 10015710 f   moc_lxoperate.obj
 0001:00014750       ?qt_metacall@LxOperate@@UAEHW4Call@QMetaObject@@HPAPAX@Z 10015750 f   moc_lxoperate.obj
 0001:00014820       ?metaObject@LxWebPluginFactory@@UBEPBUQMetaObject@@XZ 10015820 f   moc_lxwebpluginfactory.obj
 0001:00014860       ?qt_metacast@LxWebPluginFactory@@UAEPAXPBD@Z 10015860 f   moc_lxwebpluginfactory.obj
 0001:000148a0       ?qt_metacall@LxWebPluginFactory@@UAEHW4Call@QMetaObject@@HPAPAX@Z 100158a0 f   moc_lxwebpluginfactory.obj
 0001:00014900       ??0LxHttp@@QAE@PAVQObject@@@Z 10015900 f   lxhttp.obj
 0001:00014930       ??1LxHttp@@UAE@XZ          10015930 f   lxhttp.obj
 0001:00014950       ?httpRequest@LxHttp@@QAE?AVQVariant@@V2@00@Z 10015950 f   lxhttp.obj
 0001:000154e0       ?httpRequestWithEncode@LxHttp@@QAE?AVQVariant@@V2@000@Z 100164e0 f   lxhttp.obj
 0001:00016730       ??0?$QFlags@W4ProcessEventsFlag@QEventLoop@@@@QAE@W4ProcessEventsFlag@QEventLoop@@@Z 10017730 f i lxhttp.obj
 0001:00016750       ??_ELxHttp@@UAEPAXI@Z      10017750 f i lxhttp.obj
 0001:00016750       ??_GLxHttp@@UAEPAXI@Z      10017750 f i lxhttp.obj
 0001:00016790       ??_GQNetworkAccessManager@@UAEPAXI@Z 10017790 f i lxhttp.obj
 0001:00016790       ??_EQNetworkAccessManager@@UAEPAXI@Z 10017790 f i lxhttp.obj
 0001:000167d0       _LomoxAppRun               100177d0 f   Lx_api.obj
 0001:000167f0       ?tr@QMetaObject@@QBE?AVQString@@PBD0@Z 100177f0 f   QtCore4:QtCore4.dll
 0001:000167f6       ?trUtf8@QMetaObject@@QBE?AVQString@@PBD0@Z 100177f6 f   QtCore4:QtCore4.dll
 0001:000167fc       ?tr@QMetaObject@@QBE?AVQString@@PBD0H@Z 100177fc f   QtCore4:QtCore4.dll
 0001:00016802       ?trUtf8@QMetaObject@@QBE?AVQString@@PBD0H@Z 10017802 f   QtCore4:QtCore4.dll
 0001:00016808       ?addGuard@QMetaObject@@SAXPAPAVQObject@@@Z 10017808 f   QtCore4:QtCore4.dll
 0001:0001680e       ?removeGuard@QMetaObject@@SAXPAPAVQObject@@@Z 1001780e f   QtCore4:QtCore4.dll
 0001:00016814       ?ref@QBasicAtomicInt@@QAE_NXZ 10017814 f   QtCore4:QtCore4.dll
 0001:0001681a       ?deref@QBasicAtomicInt@@QAE_NXZ 1001781a f   QtCore4:QtCore4.dll
 0001:00016820       ??0QString@@QAE@XZ         10017820 f   QtCore4:QtCore4.dll
 0001:00016826       ??0QString@@QAE@ABV0@@Z    10017826 f   QtCore4:QtCore4.dll
 0001:0001682c       ??1QString@@QAE@XZ         1001782c f   QtCore4:QtCore4.dll
 0001:00016832       ??0QString@@QAE@PBD@Z      10017832 f   QtCore4:QtCore4.dll
 0001:00016838       ??4QString@@QAEAAV0@PBD@Z  10017838 f   QtCore4:QtCore4.dll
 0001:0001683e       ??0QObject@@QAE@PAV0@@Z    1001783e f   QtCore4:QtCore4.dll
 0001:00016844       ?setObjectName@QObject@@QAEXABVQString@@@Z 10017844 f   QtCore4:QtCore4.dll
 0001:0001684a       ?connect@QObject@@SA_NPBV1@PBD01W4ConnectionType@Qt@@@Z 1001784a f   QtCore4:QtCore4.dll
 0001:00016850       ?free@QVectorData@@SAXPAU1@H@Z 10017850 f   QtCore4:QtCore4.dll
 0001:00016856       ?toString@QUrl@@QBE?AVQString@@V?$QFlags@W4FormattingOption@QUrl@@@@@Z 10017856 f   QtCore4:QtCore4.dll
 0001:0001685c       ?childEvent@QObject@@MAEXPAVQChildEvent@@@Z 1001785c f   QtCore4:QtCore4.dll
 0001:00016862       ?connectNotify@QObject@@MAEXPBD@Z 10017862 f   QtCore4:QtCore4.dll
 0001:00016868       ?customEvent@QObject@@MAEXPAVQEvent@@@Z 10017868 f   QtCore4:QtCore4.dll
 0001:0001686e       ?disconnectNotify@QObject@@MAEXPBD@Z 1001786e f   QtCore4:QtCore4.dll
 0001:00016874       ?event@QObject@@UAE_NPAVQEvent@@@Z 10017874 f   QtCore4:QtCore4.dll
 0001:0001687a       ?eventFilter@QObject@@UAE_NPAV1@PAVQEvent@@@Z 1001787a f   QtCore4:QtCore4.dll
 0001:00016880       ?timerEvent@QObject@@MAEXPAVQTimerEvent@@@Z 10017880 f   QtCore4:QtCore4.dll
 0001:00016886       ?qDebug@@YAXPBDZZ          10017886 f   QtCore4:QtCore4.dll
 0001:0001688c       ??YQString@@QAEAAV0@VQChar@@@Z 1001788c f   QtCore4:QtCore4.dll
 0001:00016892       ??YQString@@QAEAAV0@ABV0@@Z 10017892 f   QtCore4:QtCore4.dll
 0001:00016898       ?fromAscii@QString@@SA?AV1@PBDH@Z 10017898 f   QtCore4:QtCore4.dll
 0001:0001689e       ??1QObject@@UAE@XZ         1001789e f   QtCore4:QtCore4.dll
 0001:000168a4       ?deleteLater@QObject@@QAEXXZ 100178a4 f   QtCore4:QtCore4.dll
 0001:000168aa       ??1QVariant@@QAE@XZ        100178aa f   QtCore4:QtCore4.dll
 0001:000168b0       ?toInt@QVariant@@QBEHPA_N@Z 100178b0 f   QtCore4:QtCore4.dll
 0001:000168b6       ?separator@QDir@@SA?AVQChar@@XZ 100178b6 f   QtCore4:QtCore4.dll
 0001:000168bc       ??0QUrl@@QAE@ABVQString@@@Z 100178bc f   QtCore4:QtCore4.dll
 0001:000168c2       ??1QUrl@@QAE@XZ            100178c2 f   QtCore4:QtCore4.dll
 0001:000168c8       ?instance@QCoreApplication@@SAPAV1@XZ 100178c8 f   QtCore4:QtCore4.dll
 0001:000168ce       ?applicationDirPath@QCoreApplication@@SA?AVQString@@XZ 100178ce f   QtCore4:QtCore4.dll
 0001:000168d4       ?quit@QCoreApplication@@SAXXZ 100178d4 f   QtCore4:QtCore4.dll
 0001:000168da       ?qDebug@@YA?AVQDebug@@XZ   100178da f   QtCore4:QtCore4.dll
 0001:000168e0       ?qFree@@YAXPAX@Z           100178e0 f   QtCore4:QtCore4.dll
 0001:000168e6       ??8QBasicAtomicInt@@QBE_NH@Z 100178e6 f   QtCore4:QtCore4.dll
 0001:000168ec       ??9QBasicAtomicInt@@QBE_NH@Z 100178ec f   QtCore4:QtCore4.dll
 0001:000168f2       ??4QString@@QAEAAV0@ABV0@@Z 100178f2 f   QtCore4:QtCore4.dll
 0001:000168f8       ?toUpper@QString@@QBE?AV1@XZ 100178f8 f   QtCore4:QtCore4.dll
 0001:000168fe       ??8QString@@QBE_NABV0@@Z   100178fe f   QtCore4:QtCore4.dll
 0001:00016904       ?detach@QListData@@QAEPAUData@1@H@Z 10017904 f   QtCore4:QtCore4.dll
 0001:0001690a       ?detach_grow@QListData@@QAEPAUData@1@PAHH@Z 1001790a f   QtCore4:QtCore4.dll
 0001:00016910       ?append@QListData@@QAEPAPAXXZ 10017910 f   QtCore4:QtCore4.dll
 0001:00016916       ?append2@QListData@@QAEPAPAXABU1@@Z 10017916 f   QtCore4:QtCore4.dll
 0001:0001691c       ?size@QListData@@QBEHXZ    1001791c f   QtCore4:QtCore4.dll
 0001:00016922       ?isEmpty@QListData@@QBE_NXZ 10017922 f   QtCore4:QtCore4.dll
 0001:00016928       ?at@QListData@@QBEPAPAXH@Z 10017928 f   QtCore4:QtCore4.dll
 0001:0001692e       ?begin@QListData@@QBEPAPAXXZ 1001792e f   QtCore4:QtCore4.dll
 0001:00016934       ?end@QListData@@QBEPAPAXXZ 10017934 f   QtCore4:QtCore4.dll
 0001:0001693a       ??0QDebug@@QAE@ABV0@@Z     1001793a f   QtCore4:QtCore4.dll
 0001:00016940       ??1QDebug@@QAE@XZ          10017940 f   QtCore4:QtCore4.dll
 0001:00016946       ?space@QDebug@@QAEAAV1@XZ  10017946 f   QtCore4:QtCore4.dll
 0001:0001694c       ?nospace@QDebug@@QAEAAV1@XZ 1001794c f   QtCore4:QtCore4.dll
 0001:00016952       ??6QDebug@@QAEAAV0@_N@Z    10017952 f   QtCore4:QtCore4.dll
 0001:00016958       ??6QDebug@@QAEAAV0@D@Z     10017958 f   QtCore4:QtCore4.dll
 0001:0001695e       ??6QDebug@@QAEAAV0@PBD@Z   1001795e f   QtCore4:QtCore4.dll
 0001:00016964       ??6QDebug@@QAEAAV0@ABVQString@@@Z 10017964 f   QtCore4:QtCore4.dll
 0001:0001696a       ??0QDir@@QAE@ABVQString@@@Z 1001796a f   QtCore4:QtCore4.dll
 0001:00016970       ??1QDir@@QAE@XZ            10017970 f   QtCore4:QtCore4.dll
 0001:00016976       ?absolutePath@QDir@@QBE?AVQString@@XZ 10017976 f   QtCore4:QtCore4.dll
 0001:0001697c       ?filePath@QDir@@QBE?AVQString@@ABV2@@Z 1001797c f   QtCore4:QtCore4.dll
 0001:00016982       ?entryList@QDir@@QBE?AVQStringList@@ABV2@V?$QFlags@W4Filter@QDir@@@@V?$QFlags@W4SortFlag@QDir@@@@@Z 10017982 f   QtCore4:QtCore4.dll
 0001:00016988       ?isLibrary@QLibrary@@SA_NABVQString@@@Z 10017988 f   QtCore4:QtCore4.dll
 0001:0001698e       ??0QPluginLoader@@QAE@ABVQString@@PAVQObject@@@Z 1001798e f   QtCore4:QtCore4.dll
 0001:00016994       ??1QPluginLoader@@UAE@XZ   10017994 f   QtCore4:QtCore4.dll
 0001:0001699a       ?instance@QPluginLoader@@QAEPAVQObject@@XZ 1001799a f   QtCore4:QtCore4.dll
 0001:000169a0       ?errorString@QPluginLoader@@QBE?AVQString@@XZ 100179a0 f   QtCore4:QtCore4.dll
 0001:000169a6       ?libraryPaths@QCoreApplication@@SA?AVQStringList@@XZ 100179a6 f   QtCore4:QtCore4.dll
 0001:000169ac       ?changeGuard@QMetaObject@@SAXPAPAVQObject@@PAV2@@Z 100179ac f   QtCore4:QtCore4.dll
 0001:000169b2       ??0QVariant@@QAE@ABVQString@@@Z 100179b2 f   QtCore4:QtCore4.dll
 0001:000169b8       ??0QVariant@@QAE@ABVQStringList@@@Z 100179b8 f   QtCore4:QtCore4.dll
 0001:000169be       ?arguments@QCoreApplication@@SA?AVQStringList@@XZ 100179be f   QtCore4:QtCore4.dll
 0001:000169c4       ?qBadAlloc@@YAXXZ          100179c4 f   QtCore4:QtCore4.dll
 0001:000169ca       ??0QPoint@@QAE@HH@Z        100179ca f   QtCore4:QtCore4.dll
 0001:000169d0       ?x@QPoint@@QBEHXZ          100179d0 f   QtCore4:QtCore4.dll
 0001:000169d6       ?y@QPoint@@QBEHXZ          100179d6 f   QtCore4:QtCore4.dll
 0001:000169dc       ??0QVariant@@QAE@H@Z       100179dc f   QtCore4:QtCore4.dll
 0001:000169e2       ?type@QVariant@@QBE?AW4Type@1@XZ 100179e2 f   QtCore4:QtCore4.dll
 0001:000169e8       ?isNull@QVariant@@QBE_NXZ  100179e8 f   QtCore4:QtCore4.dll
 0001:000169ee       ?toDouble@QVariant@@QBENPA_N@Z 100179ee f   QtCore4:QtCore4.dll
 0001:000169f4       ?toString@QVariant@@QBE?AVQString@@XZ 100179f4 f   QtCore4:QtCore4.dll
 0001:000169fa       ??0QUrl@@QAE@XZ            100179fa f   QtCore4:QtCore4.dll
 0001:00016a00       ??0QSize@@QAE@HH@Z         10017a00 f   QtCore4:QtCore4.dll
 0001:00016a06       ??0QChar@@QAE@D@Z          10017a06 f   QtCore4:QtCore4.dll
 0001:00016a0c       ??1QByteArray@@QAE@XZ      10017a0c f   QtCore4:QtCore4.dll
 0001:00016a12       ?constData@QByteArray@@QBEPBDXZ 10017a12 f   QtCore4:QtCore4.dll
 0001:00016a18       ?indexOf@QString@@QBEHVQChar@@HW4CaseSensitivity@Qt@@@Z 10017a18 f   QtCore4:QtCore4.dll
 0001:00016a1e       ?indexOf@QString@@QBEHABV1@HW4CaseSensitivity@Qt@@@Z 10017a1e f   QtCore4:QtCore4.dll
 0001:00016a24       ?toLocal8Bit@QString@@QBE?AVQByteArray@@XZ 10017a24 f   QtCore4:QtCore4.dll
 0001:00016a2a       ??MQString@@QBE_NABV0@@Z   10017a2a f   QtCore4:QtCore4.dll
 0001:00016a30       ?createData@QMapData@@SAPAU1@H@Z 10017a30 f   QtCore4:QtCore4.dll
 0001:00016a36       ?continueFreeData@QMapData@@QAEXH@Z 10017a36 f   QtCore4:QtCore4.dll
 0001:00016a3c       ?node_create@QMapData@@QAEPAUNode@1@QAPAU21@HH@Z 10017a3c f   QtCore4:QtCore4.dll
 0001:00016a42       ?node_delete@QMapData@@QAEXQAPAUNode@1@HPAU21@@Z 10017a42 f   QtCore4:QtCore4.dll
 0001:00016a48       ??0QVariant@@QAE@_N@Z      10017a48 f   QtCore4:QtCore4.dll
 0001:00016a4e       ??0QFileInfo@@QAE@ABVQString@@@Z 10017a4e f   QtCore4:QtCore4.dll
 0001:00016a54       ??1QFileInfo@@QAE@XZ       10017a54 f   QtCore4:QtCore4.dll
 0001:00016a5a       ?isAbsolute@QFileInfo@@QBE_NXZ 10017a5a f   QtCore4:QtCore4.dll
 0001:00016a60       ?isValid@QUrl@@QBE_NXZ     10017a60 f   QtCore4:QtCore4.dll
 0001:00016a66       ??0QFlag@@QAE@H@Z          10017a66 f   QtCore4:QtCore4.dll
 0001:00016a6c       ??BQFlag@@QBEHXZ           10017a6c f   QtCore4:QtCore4.dll
 0001:00016a72       ?data@QByteArray@@QAEPADXZ 10017a72 f   QtCore4:QtCore4.dll
 0001:00016a78       ?toStringList@QVariant@@QBE?AVQStringList@@XZ 10017a78 f   QtCore4:QtCore4.dll
 0001:00016a7e       ?codecForName@QTextCodec@@SAPAV1@PBD@Z 10017a7e f   QtCore4:QtCore4.dll
 0001:00016a84       ?setCodecForCStrings@QTextCodec@@SAXPAV1@@Z 10017a84 f   QtCore4:QtCore4.dll
 0001:00016a8a       ?mkdir@QDir@@QBE_NABVQString@@@Z 10017a8a f   QtCore4:QtCore4.dll
 0001:00016a90       ?mkpath@QDir@@QBE_NABVQString@@@Z 10017a90 f   QtCore4:QtCore4.dll
 0001:00016a96       ?exists@QDir@@QBE_NXZ      10017a96 f   QtCore4:QtCore4.dll
 0001:00016a9c       ??BQByteArray@@QBEPBDXZ    10017a9c f   QtCore4:QtCore4.dll
 0001:00016aa2       ?readAll@QIODevice@@QAE?AVQByteArray@@XZ 10017aa2 f   QtCore4:QtCore4.dll
 0001:00016aa8       ?write@QIODevice@@QAE_JABVQByteArray@@@Z 10017aa8 f   QtCore4:QtCore4.dll
 0001:00016aae       ??0QVariant@@QAE@_J@Z      10017aae f   QtCore4:QtCore4.dll
 0001:00016ab4       ??0QVariant@@QAE@ABVQByteArray@@@Z 10017ab4 f   QtCore4:QtCore4.dll
 0001:00016aba       ?toByteArray@QVariant@@QBE?AVQByteArray@@XZ 10017aba f   QtCore4:QtCore4.dll
 0001:00016ac0       ??0QFile@@QAE@ABVQString@@@Z 10017ac0 f   QtCore4:QtCore4.dll
 0001:00016ac6       ??1QFile@@UAE@XZ           10017ac6 f   QtCore4:QtCore4.dll
 0001:00016acc       ?exists@QFile@@QBE_NXZ     10017acc f   QtCore4:QtCore4.dll
 0001:00016ad2       ?remove@QFile@@SA_NABVQString@@@Z 10017ad2 f   QtCore4:QtCore4.dll
 0001:00016ad8       ?rename@QFile@@SA_NABVQString@@0@Z 10017ad8 f   QtCore4:QtCore4.dll
 0001:00016ade       ?copy@QFile@@SA_NABVQString@@0@Z 10017ade f   QtCore4:QtCore4.dll
 0001:00016ae4       ?open@QFile@@UAE_NV?$QFlags@W4OpenModeFlag@QIODevice@@@@@Z 10017ae4 f   QtCore4:QtCore4.dll
 0001:00016aea       ?toLatin1@QString@@QBE?AVQByteArray@@XZ 10017aea f   QtCore4:QtCore4.dll
 0001:00016af0       ??0QVariant@@QAE@ABV0@@Z   10017af0 f   QtCore4:QtCore4.dll
 0001:00016af6       ?isValid@QVariant@@QBE_NXZ 10017af6 f   QtCore4:QtCore4.dll
 0001:00016afc       ??0QLibrary@@QAE@ABVQString@@PAVQObject@@@Z 10017afc f   QtCore4:QtCore4.dll
 0001:00016b02       ??1QLibrary@@UAE@XZ        10017b02 f   QtCore4:QtCore4.dll
 0001:00016b08       ?resolve@QLibrary@@QAEPAXPBD@Z 10017b08 f   QtCore4:QtCore4.dll
 0001:00016b0e       ?load@QLibrary@@QAE_NXZ    10017b0e f   QtCore4:QtCore4.dll
 0001:00016b14       ?unload@QLibrary@@QAE_NXZ  10017b14 f   QtCore4:QtCore4.dll
 0001:00016b1a       ?isLoaded@QLibrary@@QBE_NXZ 10017b1a f   QtCore4:QtCore4.dll
 0001:00016b20       ?metaObject@QLibrary@@UBEPBUQMetaObject@@XZ 10017b20 f   QtCore4:QtCore4.dll
 0001:00016b26       ?qt_metacall@QLibrary@@UAEHW4Call@QMetaObject@@HPAPAX@Z 10017b26 f   QtCore4:QtCore4.dll
 0001:00016b2c       ?qt_metacast@QLibrary@@UAEPAXPBD@Z 10017b2c f   QtCore4:QtCore4.dll
 0001:00016b32       ?metaObject@QObject@@UBEPBUQMetaObject@@XZ 10017b32 f   QtCore4:QtCore4.dll
 0001:00016b38       ?qt_metacall@QObject@@UAEHW4Call@QMetaObject@@HPAPAX@Z 10017b38 f   QtCore4:QtCore4.dll
 0001:00016b3e       ?qt_metacast@QObject@@UAEPAXPBD@Z 10017b3e f   QtCore4:QtCore4.dll
 0001:00016b44       ??4QVariant@@QAEAAV0@ABV0@@Z 10017b44 f   QtCore4:QtCore4.dll
 0001:00016b4a       ??0QByteArray@@QAE@XZ      10017b4a f   QtCore4:QtCore4.dll
 0001:00016b50       ??0QByteArray@@QAE@PBD@Z   10017b50 f   QtCore4:QtCore4.dll
 0001:00016b56       ??4QByteArray@@QAEAAV0@ABV0@@Z 10017b56 f   QtCore4:QtCore4.dll
 0001:00016b5c       ?size@QString@@QBEHXZ      10017b5c f   QtCore4:QtCore4.dll
 0001:00016b62       ?isEmpty@QString@@QBE_NXZ  10017b62 f   QtCore4:QtCore4.dll
 0001:00016b68       ?lastIndexOf@QString@@QBEHABV1@HW4CaseSensitivity@Qt@@@Z 10017b68 f   QtCore4:QtCore4.dll
 0001:00016b6e       ?indexOf@QString@@QBEHAAVQRegExp@@H@Z 10017b6e f   QtCore4:QtCore4.dll
 0001:00016b74       ?toLower@QString@@QBE?AV1@XZ 10017b74 f   QtCore4:QtCore4.dll
 0001:00016b7a       ?trimmed@QString@@QBE?AV1@XZ 10017b7a f   QtCore4:QtCore4.dll
 0001:00016b80       ?fromLocal8Bit@QString@@SA?AV1@PBDH@Z 10017b80 f   QtCore4:QtCore4.dll
 0001:00016b86       ??0QString@@QAE@ABVQByteArray@@@Z 10017b86 f   QtCore4:QtCore4.dll
 0001:00016b8c       ??8QString@@QBE_NPBD@Z     10017b8c f   QtCore4:QtCore4.dll
 0001:00016b92       ??9QString@@QBE_NPBD@Z     10017b92 f   QtCore4:QtCore4.dll
 0001:00016b98       ??0QVariant@@QAE@PBD@Z     10017b98 f   QtCore4:QtCore4.dll
 0001:00016b9e       ??0QTextStream@@QAE@ABVQByteArray@@V?$QFlags@W4OpenModeFlag@QIODevice@@@@@Z 10017b9e f   QtCore4:QtCore4.dll
 0001:00016ba4       ??1QTextStream@@UAE@XZ     10017ba4 f   QtCore4:QtCore4.dll
 0001:00016baa       ?setCodec@QTextStream@@QAEXPAVQTextCodec@@@Z 10017baa f   QtCore4:QtCore4.dll
 0001:00016bb0       ?readAll@QTextStream@@QAE?AVQString@@XZ 10017bb0 f   QtCore4:QtCore4.dll
 0001:00016bb6       ??0QRegExp@@QAE@ABVQString@@W4CaseSensitivity@Qt@@W4PatternSyntax@0@@Z 10017bb6 f   QtCore4:QtCore4.dll
 0001:00016bbc       ??1QRegExp@@QAE@XZ         10017bbc f   QtCore4:QtCore4.dll
 0001:00016bc2       ?cap@QRegExp@@QAE?AVQString@@H@Z 10017bc2 f   QtCore4:QtCore4.dll
 0001:00016bc8       ?codecForName@QTextCodec@@SAPAV1@ABVQByteArray@@@Z 10017bc8 f   QtCore4:QtCore4.dll
 0001:00016bce       ?toEncoded@QUrl@@QBE?AVQByteArray@@V?$QFlags@W4FormattingOption@QUrl@@@@@Z 10017bce f   QtCore4:QtCore4.dll
 0001:00016bd4       ??0QEventLoop@@QAE@PAVQObject@@@Z 10017bd4 f   QtCore4:QtCore4.dll
 0001:00016bda       ??1QEventLoop@@UAE@XZ      10017bda f   QtCore4:QtCore4.dll
 0001:00016be0       ?exec@QEventLoop@@QAEHV?$QFlags@W4ProcessEventsFlag@QEventLoop@@@@@Z 10017be0 f   QtCore4:QtCore4.dll
 0001:00016be6       ?setStyleSheet@QWidget@@QAEXABVQString@@@Z 10017be6 f   QtGui4:QtGui4.dll
 0001:00016bec       ?repaint@QWidget@@QAEXXZ   10017bec f   QtGui4:QtGui4.dll
 0001:00016bf2       ?setWindowFlags@QWidget@@QAEXV?$QFlags@W4WindowType@Qt@@@@@Z 10017bf2 f   QtGui4:QtGui4.dll
 0001:00016bf8       ?setAttribute@QWidget@@QAEXW4WidgetAttribute@Qt@@_N@Z 10017bf8 f   QtGui4:QtGui4.dll
 0001:00016bfe       ?showEvent@QWidget@@MAEXPAVQShowEvent@@@Z 10017bfe f   QtGui4:QtGui4.dll
 0001:00016c04       ?actionEvent@QWidget@@MAEXPAVQActionEvent@@@Z 10017c04 f   QtGui4:QtGui4.dll
 0001:00016c0a       ?closeEvent@QWidget@@MAEXPAVQCloseEvent@@@Z 10017c0a f   QtGui4:QtGui4.dll
 0001:00016c10       ?devType@QWidget@@UBEHXZ   10017c10 f   QtGui4:QtGui4.dll
 0001:00016c16       ?enabledChange@QWidget@@MAEX_N@Z 10017c16 f   QtGui4:QtGui4.dll
 0001:00016c1c       ?enterEvent@QWidget@@MAEXPAVQEvent@@@Z 10017c1c f   QtGui4:QtGui4.dll
 0001:00016c22       ?fontChange@QWidget@@MAEXABVQFont@@@Z 10017c22 f   QtGui4:QtGui4.dll
 0001:00016c28       ?getDC@QWidget@@UBEPAUHDC__@@XZ 10017c28 f   QtGui4:QtGui4.dll
 0001:00016c2e       ?heightForWidth@QWidget@@UBEHH@Z 10017c2e f   QtGui4:QtGui4.dll
 0001:00016c34       ?hideEvent@QWidget@@MAEXPAVQHideEvent@@@Z 10017c34 f   QtGui4:QtGui4.dll
 0001:00016c3a       ?languageChange@QWidget@@MAEXXZ 10017c3a f   QtGui4:QtGui4.dll
 0001:00016c40       ?leaveEvent@QWidget@@MAEXPAVQEvent@@@Z 10017c40 f   QtGui4:QtGui4.dll
 0001:00016c46       ?metric@QWidget@@MBEHW4PaintDeviceMetric@QPaintDevice@@@Z 10017c46 f   QtGui4:QtGui4.dll
 0001:00016c4c       ?minimumSizeHint@QWidget@@UBE?AVQSize@@XZ 10017c4c f   QtGui4:QtGui4.dll
 0001:00016c52       ?moveEvent@QWidget@@MAEXPAVQMoveEvent@@@Z 10017c52 f   QtGui4:QtGui4.dll
 0001:00016c58       ?paintEngine@QWidget@@UBEPAVQPaintEngine@@XZ 10017c58 f   QtGui4:QtGui4.dll
 0001:00016c5e       ?paletteChange@QWidget@@MAEXABVQPalette@@@Z 10017c5e f   QtGui4:QtGui4.dll
 0001:00016c64       ?releaseDC@QWidget@@UBEXPAUHDC__@@@Z 10017c64 f   QtGui4:QtGui4.dll
 0001:00016c6a       ?setVisible@QWidget@@UAEX_N@Z 10017c6a f   QtGui4:QtGui4.dll
 0001:00016c70       ?styleChange@QWidget@@MAEXAAVQStyle@@@Z 10017c70 f   QtGui4:QtGui4.dll
 0001:00016c76       ?tabletEvent@QWidget@@MAEXPAVQTabletEvent@@@Z 10017c76 f   QtGui4:QtGui4.dll
 0001:00016c7c       ?winEvent@QWidget@@MAE_NPAUtagMSG@@PAJ@Z 10017c7c f   QtGui4:QtGui4.dll
 0001:00016c82       ?windowActivationChange@QWidget@@MAEX_N@Z 10017c82 f   QtGui4:QtGui4.dll
 0001:00016c88       ?show@QWidget@@QAEXXZ      10017c88 f   QtGui4:QtGui4.dll
 0001:00016c8e       ??0QApplication@@QAE@AAHPAPADH@Z 10017c8e f   QtGui4:QtGui4.dll
 0001:00016c94       ??1QApplication@@UAE@XZ    10017c94 f   QtGui4:QtGui4.dll
 0001:00016c9a       ?exec@QApplication@@SAHXZ  10017c9a f   QtGui4:QtGui4.dll
 0001:00016ca0       ?winId@QWidget@@QBEPAUHWND__@@XZ 10017ca0 f   QtGui4:QtGui4.dll
 0001:00016ca6       ?minimumHeight@QWidget@@QBEHXZ 10017ca6 f   QtGui4:QtGui4.dll
 0001:00016cac       ?maximumWidth@QWidget@@QBEHXZ 10017cac f   QtGui4:QtGui4.dll
 0001:00016cb2       ?maximumHeight@QWidget@@QBEHXZ 10017cb2 f   QtGui4:QtGui4.dll
 0001:00016cb8       ?setMinimumSize@QWidget@@QAEXHH@Z 10017cb8 f   QtGui4:QtGui4.dll
 0001:00016cbe       ?setMaximumSize@QWidget@@QAEXHH@Z 10017cbe f   QtGui4:QtGui4.dll
 0001:00016cc4       ?setMinimumWidth@QWidget@@QAEXH@Z 10017cc4 f   QtGui4:QtGui4.dll
 0001:00016cca       ?setMinimumHeight@QWidget@@QAEXH@Z 10017cca f   QtGui4:QtGui4.dll
 0001:00016cd0       ?setMaximumWidth@QWidget@@QAEXH@Z 10017cd0 f   QtGui4:QtGui4.dll
 0001:00016cd6       ?setMaximumHeight@QWidget@@QAEXH@Z 10017cd6 f   QtGui4:QtGui4.dll
 0001:00016cdc       ?mapToGlobal@QWidget@@QBE?AVQPoint@@ABV2@@Z 10017cdc f   QtGui4:QtGui4.dll
 0001:00016ce2       ?setHidden@QWidget@@QAEX_N@Z 10017ce2 f   QtGui4:QtGui4.dll
 0001:00016ce8       ?showMinimized@QWidget@@QAEXXZ 10017ce8 f   QtGui4:QtGui4.dll
 0001:00016cee       ?showMaximized@QWidget@@QAEXXZ 10017cee f   QtGui4:QtGui4.dll
 0001:00016cf4       ?showNormal@QWidget@@QAEXXZ 10017cf4 f   QtGui4:QtGui4.dll
 0001:00016cfa       ?close@QWidget@@QAE_NXZ    10017cfa f   QtGui4:QtGui4.dll
 0001:00016d00       ?move@QWidget@@QAEXHH@Z    10017d00 f   QtGui4:QtGui4.dll
 0001:00016d06       ?resize@QWidget@@QAEXABVQSize@@@Z 10017d06 f   QtGui4:QtGui4.dll
 0001:00016d0c       ?isMinimized@QWidget@@QBE_NXZ 10017d0c f   QtGui4:QtGui4.dll
 0001:00016d12       ?isMaximized@QWidget@@QBE_NXZ 10017d12 f   QtGui4:QtGui4.dll
 0001:00016d18       ?isFullScreen@QWidget@@QBE_NXZ 10017d18 f   QtGui4:QtGui4.dll
 0001:00016d1e       ?openUrl@QDesktopServices@@SA_NABVQUrl@@@Z 10017d1e f   QtGui4:QtGui4.dll
 0001:00016d24       ??0QSqlDatabase@@QAE@XZ    10017d24 f   QtSql4:QtSql4.dll
 0001:00016d2a       ??1QSqlDatabase@@QAE@XZ    10017d2a f   QtSql4:QtSql4.dll
 0001:00016d30       ??0QSqlQuery@@QAE@ABVQString@@VQSqlDatabase@@@Z 10017d30 f   QtSql4:QtSql4.dll
 0001:00016d36       ??1QSqlQuery@@QAE@XZ       10017d36 f   QtSql4:QtSql4.dll
 0001:00016d3c       ?exec@QSqlQuery@@QAE_NABVQString@@@Z 10017d3c f   QtSql4:QtSql4.dll
 0001:00016d42       ?value@QSqlQuery@@QBE?AVQVariant@@H@Z 10017d42 f   QtSql4:QtSql4.dll
 0001:00016d48       ?next@QSqlQuery@@QAE_NXZ   10017d48 f   QtSql4:QtSql4.dll
 0001:00016d4e       ?previous@QSqlQuery@@QAE_NXZ 10017d4e f   QtSql4:QtSql4.dll
 0001:00016d54       ??0QNetworkRequest@@QAE@ABVQUrl@@@Z 10017d54 f   QtNetwork4:QtNetwork4.dll
 0001:00016d5a       ??1QNetworkRequest@@QAE@XZ 10017d5a f   QtNetwork4:QtNetwork4.dll
 0001:00016d60       ?setUrl@QNetworkRequest@@QAEXABVQUrl@@@Z 10017d60 f   QtNetwork4:QtNetwork4.dll
 0001:00016d66       ?setHeader@QNetworkRequest@@QAEXW4KnownHeaders@1@ABVQVariant@@@Z 10017d66 f   QtNetwork4:QtNetwork4.dll
 0001:00016d6c       ??0QNetworkAccessManager@@QAE@PAVQObject@@@Z 10017d6c f   QtNetwork4:QtNetwork4.dll
 0001:00016d72       ??1QNetworkAccessManager@@UAE@XZ 10017d72 f   QtNetwork4:QtNetwork4.dll
 0001:00016d78       ?get@QNetworkAccessManager@@QAEPAVQNetworkReply@@ABVQNetworkRequest@@@Z 10017d78 f   QtNetwork4:QtNetwork4.dll
 0001:00016d7e       ?post@QNetworkAccessManager@@QAEPAVQNetworkReply@@ABVQNetworkRequest@@ABVQByteArray@@@Z 10017d7e f   QtNetwork4:QtNetwork4.dll
 0001:00016d84       ?rawHeader@QNetworkReply@@QBE?AVQByteArray@@ABV2@@Z 10017d84 f   QtNetwork4:QtNetwork4.dll
 0001:00016d8a       ?createRequest@QNetworkAccessManager@@MAEPAVQNetworkReply@@W4Operation@1@ABVQNetworkRequest@@PAVQIODevice@@@Z 10017d8a f   QtNetwork4:QtNetwork4.dll
 0001:00016d90       ?metaObject@QNetworkAccessManager@@UBEPBUQMetaObject@@XZ 10017d90 f   QtNetwork4:QtNetwork4.dll
 0001:00016d96       ?qt_metacall@QNetworkAccessManager@@UAEHW4Call@QMetaObject@@HPAPAX@Z 10017d96 f   QtNetwork4:QtNetwork4.dll
 0001:00016d9c       ?qt_metacast@QNetworkAccessManager@@UAEPAXPBD@Z 10017d9c f   QtNetwork4:QtNetwork4.dll
 0001:00016da2       ?setPluginFactory@QWebPage@@QAEXPAVQWebPluginFactory@@@Z 10017da2 f   QtWebKit4:QtWebKit4.dll
 0001:00016da8       ?setLinkDelegationPolicy@QWebPage@@QAEXW4LinkDelegationPolicy@1@@Z 10017da8 f   QtWebKit4:QtWebKit4.dll
 0001:00016dae       ??0QWebView@@QAE@PAVQWidget@@@Z 10017dae f   QtWebKit4:QtWebKit4.dll
 0001:00016db4       ??1QWebView@@UAE@XZ        10017db4 f   QtWebKit4:QtWebKit4.dll
 0001:00016dba       ?page@QWebView@@QBEPAVQWebPage@@XZ 10017dba f   QtWebKit4:QtWebKit4.dll
 0001:00016dc0       ?setRenderHints@QWebView@@QAEXV?$QFlags@W4RenderHint@QPainter@@@@@Z 10017dc0 f   QtWebKit4:QtWebKit4.dll
 0001:00016dc6       ?event@QWebView@@UAE_NPAVQEvent@@@Z 10017dc6 f   QtWebKit4:QtWebKit4.dll
 0001:00016dcc       ?changeEvent@QWebView@@MAEXPAVQEvent@@@Z 10017dcc f   QtWebKit4:QtWebKit4.dll
 0001:00016dd2       ?contextMenuEvent@QWebView@@MAEXPAVQContextMenuEvent@@@Z 10017dd2 f   QtWebKit4:QtWebKit4.dll
 0001:00016dd8       ?createWindow@QWebView@@MAEPAV1@W4WebWindowType@QWebPage@@@Z 10017dd8 f   QtWebKit4:QtWebKit4.dll
 0001:00016dde       ?dragEnterEvent@QWebView@@MAEXPAVQDragEnterEvent@@@Z 10017dde f   QtWebKit4:QtWebKit4.dll
 0001:00016de4       ?dragLeaveEvent@QWebView@@MAEXPAVQDragLeaveEvent@@@Z 10017de4 f   QtWebKit4:QtWebKit4.dll
 0001:00016dea       ?dragMoveEvent@QWebView@@MAEXPAVQDragMoveEvent@@@Z 10017dea f   QtWebKit4:QtWebKit4.dll
 0001:00016df0       ?dropEvent@QWebView@@MAEXPAVQDropEvent@@@Z 10017df0 f   QtWebKit4:QtWebKit4.dll
 0001:00016df6       ?focusInEvent@QWebView@@MAEXPAVQFocusEvent@@@Z 10017df6 f   QtWebKit4:QtWebKit4.dll
 0001:00016dfc       ?focusNextPrevChild@QWebView@@MAE_N_N@Z 10017dfc f   QtWebKit4:QtWebKit4.dll
[...]
 0004:00000c5c       __imp_??0QObject@@QAE@PAV0@@Z 1002fc5c     QtCore4:QtCore4.dll
 0004:00000c60       __imp_??4QString@@QAEAAV0@PBD@Z 1002fc60     QtCore4:QtCore4.dll
 0004:00000c64       __imp_??0QString@@QAE@PBD@Z 1002fc64     QtCore4:QtCore4.dll
 0004:00000c68       __imp_??1QString@@QAE@XZ   1002fc68     QtCore4:QtCore4.dll
 0004:00000c6c       __imp_??0QString@@QAE@ABV0@@Z 1002fc6c     QtCore4:QtCore4.dll
 0004:00000c70       __imp_??0QString@@QAE@XZ   1002fc70     QtCore4:QtCore4.dll
 0004:00000c74       __imp_?deref@QBasicAtomicInt@@QAE_NXZ 1002fc74     QtCore4:QtCore4.dll
 0004:00000c78       __imp_??4QString@@QAEAAV0@ABV0@@Z 1002fc78     QtCore4:QtCore4.dll
 0004:00000c7c       __imp_??9QBasicAtomicInt@@QBE_NH@Z 1002fc7c     QtCore4:QtCore4.dll
 0004:00000c80       __imp_?tr@QMetaObject@@QBE?AVQString@@PBD0@Z 1002fc80     QtCore4:QtCore4.dll
 0004:00000c84       __imp_??8QBasicAtomicInt@@QBE_NH@Z 1002fc84     QtCore4:QtCore4.dll
 0004:00000c88       __imp_?qFree@@YAXPAX@Z     1002fc88     QtCore4:QtCore4.dll
 0004:00000c8c       __imp_?qDebug@@YA?AVQDebug@@XZ 1002fc8c     QtCore4:QtCore4.dll
 0004:00000c90       __imp_?quit@QCoreApplication@@SAXXZ 1002fc90     QtCore4:QtCore4.dll
 0004:00000c94       __imp_?applicationDirPath@QCoreApplication@@SA?AVQString@@XZ 1002fc94     QtCore4:QtCore4.dll
 0004:00000c98       __imp_?instance@QCoreApplication@@SAPAV1@XZ 1002fc98     QtCore4:QtCore4.dll
 0004:00000c9c       __imp_??1QUrl@@QAE@XZ      1002fc9c     QtCore4:QtCore4.dll
 0004:00000ca0       __imp_??0QUrl@@QAE@ABVQString@@@Z 1002fca0     QtCore4:QtCore4.dll
 0004:00000ca4       __imp_?separator@QDir@@SA?AVQChar@@XZ 1002fca4     QtCore4:QtCore4.dll
 0004:00000ca8       __imp_?toInt@QVariant@@QBEHPA_N@Z 1002fca8     QtCore4:QtCore4.dll
 0004:00000cac       __imp_??1QVariant@@QAE@XZ  1002fcac     QtCore4:QtCore4.dll
 0004:00000cb0       __imp_?deleteLater@QObject@@QAEXXZ 1002fcb0     QtCore4:QtCore4.dll
 0004:00000cb4       __imp_??1QObject@@UAE@XZ   1002fcb4     QtCore4:QtCore4.dll
 0004:00000cb8       __imp_?fromAscii@QString@@SA?AV1@PBDH@Z 1002fcb8     QtCore4:QtCore4.dll
 0004:00000cbc       __imp_??YQString@@QAEAAV0@ABV0@@Z 1002fcbc     QtCore4:QtCore4.dll
 0004:00000cc0       __imp_??YQString@@QAEAAV0@VQChar@@@Z 1002fcc0     QtCore4:QtCore4.dll
 0004:00000cc4       __imp_?qDebug@@YAXPBDZZ    1002fcc4     QtCore4:QtCore4.dll
 0004:00000cc8       __imp_?shared_null@QVectorData@@2U1@A 1002fcc8     QtCore4:QtCore4.dll
 0004:00000ccc       __imp_?timerEvent@QObject@@MAEXPAVQTimerEvent@@@Z 1002fccc     QtCore4:QtCore4.dll
 0004:00000cd0       __imp_?eventFilter@QObject@@UAE_NPAV1@PAVQEvent@@@Z 1002fcd0     QtCore4:QtCore4.dll
 0004:00000cd4       __imp_?event@QObject@@UAE_NPAVQEvent@@@Z 1002fcd4     QtCore4:QtCore4.dll
 0004:00000cd8       __imp_?disconnectNotify@QObject@@MAEXPBD@Z 1002fcd8     QtCore4:QtCore4.dll
 0004:00000cdc       __imp_?customEvent@QObject@@MAEXPAVQEvent@@@Z 1002fcdc     QtCore4:QtCore4.dll
 0004:00000ce0       __imp_?connectNotify@QObject@@MAEXPBD@Z 1002fce0     QtCore4:QtCore4.dll
 0004:00000ce4       __imp_?childEvent@QObject@@MAEXPAVQChildEvent@@@Z 1002fce4     QtCore4:QtCore4.dll
 0004:00000ce8       __imp_?mkdir@QDir@@QBE_NABVQString@@@Z 1002fce8     QtCore4:QtCore4.dll
 0004:00000cec       __imp_?toString@QUrl@@QBE?AVQString@@V?$QFlags@W4FormattingOption@QUrl@@@@@Z 1002fcec     QtCore4:QtCore4.dll
 0004:00000cf0       __imp_?ref@QBasicAtomicInt@@QAE_NXZ 1002fcf0     QtCore4:QtCore4.dll
 0004:00000cf4       __imp_?removeGuard@QMetaObject@@SAXPAPAVQObject@@@Z 1002fcf4     QtCore4:QtCore4.dll
 0004:00000cf8       __imp_?addGuard@QMetaObject@@SAXPAPAVQObject@@@Z 1002fcf8     QtCore4:QtCore4.dll
 0004:00000cfc       __imp_?trUtf8@QMetaObject@@QBE?AVQString@@PBD0H@Z 1002fcfc     QtCore4:QtCore4.dll
 0004:00000d00       __imp_?tr@QMetaObject@@QBE?AVQString@@PBD0H@Z 1002fd00     QtCore4:QtCore4.dll
 0004:00000d04       __imp_?trUtf8@QMetaObject@@QBE?AVQString@@PBD0@Z 1002fd04     QtCore4:QtCore4.dll
 0004:00000d08       __imp_?data@QByteArray@@QAEPADXZ 1002fd08     QtCore4:QtCore4.dll
 0004:00000d0c       \177QtCore4_NULL_THUNK_DATA 1002fd0c     QtCore4:QtCore4.dll
 0004:00000dc0       __imp_?close@QWidget@@QAE_NXZ 1002fdc0     QtGui4:QtGui4.dll
 0004:00000dc4       __imp_?move@QWidget@@QAEXHH@Z 1002fdc4     QtGui4:QtGui4.dll
 0004:00000dc8       __imp_?resize@QWidget@@QAEXABVQSize@@@Z 1002fdc8     QtGui4:QtGui4.dll
 0004:00000dcc       __imp_?isMinimized@QWidget@@QBE_NXZ 1002fdcc     QtGui4:QtGui4.dll
 0004:00000dd0       __imp_?isMaximized@QWidget@@QBE_NXZ 1002fdd0     QtGui4:QtGui4.dll
 0004:00000dd4       __imp_?isFullScreen@QWidget@@QBE_NXZ 1002fdd4     QtGui4:QtGui4.dll
 0004:00000dd8       __imp_?openUrl@QDesktopServices@@SA_NABVQUrl@@@Z 1002fdd8     QtGui4:QtGui4.dll
 0004:00000ddc       __imp_?setStyleSheet@QWidget@@QAEXABVQString@@@Z 1002fddc     QtGui4:QtGui4.dll
 0004:00000de0       __imp_?repaint@QWidget@@QAEXXZ 1002fde0     QtGui4:QtGui4.dll
 0004:00000de4       __imp_?setWindowFlags@QWidget@@QAEXV?$QFlags@W4WindowType@Qt@@@@@Z 1002fde4     QtGui4:QtGui4.dll
 0004:00000de8       __imp_?setAttribute@QWidget@@QAEXW4WidgetAttribute@Qt@@_N@Z 1002fde8     QtGui4:QtGui4.dll
 0004:00000dec       __imp_?showEvent@QWidget@@MAEXPAVQShowEvent@@@Z 1002fdec     QtGui4:QtGui4.dll
 0004:00000df0       __imp_?actionEvent@QWidget@@MAEXPAVQActionEvent@@@Z 1002fdf0     QtGui4:QtGui4.dll
 0004:00000df4       __imp_?closeEvent@QWidget@@MAEXPAVQCloseEvent@@@Z 1002fdf4     QtGui4:QtGui4.dll
 0004:00000df8       __imp_?devType@QWidget@@UBEHXZ 1002fdf8     QtGui4:QtGui4.dll
 0004:00000dfc       __imp_?enabledChange@QWidget@@MAEX_N@Z 1002fdfc     QtGui4:QtGui4.dll
 0004:00000e00       __imp_?enterEvent@QWidget@@MAEXPAVQEvent@@@Z 1002fe00     QtGui4:QtGui4.dll
 0004:00000e04       __imp_?fontChange@QWidget@@MAEXABVQFont@@@Z 1002fe04     QtGui4:QtGui4.dll
 0004:00000e08       __imp_?heightForWidth@QWidget@@UBEHH@Z 1002fe08     QtGui4:QtGui4.dll
 0004:00000e0c       __imp_?hideEvent@QWidget@@MAEXPAVQHideEvent@@@Z 1002fe0c     QtGui4:QtGui4.dll
 0004:00000e10       __imp_?languageChange@QWidget@@MAEXXZ 1002fe10     QtGui4:QtGui4.dll
 0004:00000e14       __imp_?leaveEvent@QWidget@@MAEXPAVQEvent@@@Z 1002fe14     QtGui4:QtGui4.dll
 0004:00000e18       __imp_?metric@QWidget@@MBEHW4PaintDeviceMetric@QPaintDevice@@@Z 1002fe18     QtGui4:QtGui4.dll
 0004:00000e1c       __imp_?minimumSizeHint@QWidget@@UBE?AVQSize@@XZ 1002fe1c     QtGui4:QtGui4.dll
 0004:00000e20       __imp_?moveEvent@QWidget@@MAEXPAVQMoveEvent@@@Z 1002fe20     QtGui4:QtGui4.dll
 0004:00000e24       __imp_?paintEngine@QWidget@@UBEPAVQPaintEngine@@XZ 1002fe24     QtGui4:QtGui4.dll
 0004:00000e28       __imp_?paletteChange@QWidget@@MAEXABVQPalette@@@Z 1002fe28     QtGui4:QtGui4.dll
 0004:00000e2c       __imp_?releaseDC@QWidget@@UBEXPAUHDC__@@@Z 1002fe2c     QtGui4:QtGui4.dll
 0004:00000e30       __imp_?setVisible@QWidget@@UAEX_N@Z 1002fe30     QtGui4:QtGui4.dll
 0004:00000e34       __imp_?styleChange@QWidget@@MAEXAAVQStyle@@@Z 1002fe34     QtGui4:QtGui4.dll
 0004:00000e38       __imp_?tabletEvent@QWidget@@MAEXPAVQTabletEvent@@@Z 1002fe38     QtGui4:QtGui4.dll
 0004:00000e3c       __imp_?winEvent@QWidget@@MAE_NPAUtagMSG@@PAJ@Z 1002fe3c     QtGui4:QtGui4.dll
 0004:00000e40       __imp_?windowActivationChange@QWidget@@MAEX_N@Z 1002fe40     QtGui4:QtGui4.dll
 0004:00000e44       __imp_?show@QWidget@@QAEXXZ 1002fe44     QtGui4:QtGui4.dll
 0004:00000e48       __imp_??0QApplication@@QAE@AAHPAPADH@Z 1002fe48     QtGui4:QtGui4.dll
 0004:00000e4c       __imp_??1QApplication@@UAE@XZ 1002fe4c     QtGui4:QtGui4.dll
 0004:00000e50       __imp_?exec@QApplication@@SAHXZ 1002fe50     QtGui4:QtGui4.dll
 0004:00000e54       __imp_?winId@QWidget@@QBEPAUHWND__@@XZ 1002fe54     QtGui4:QtGui4.dll
 0004:00000e58       __imp_?minimumHeight@QWidget@@QBEHXZ 1002fe58     QtGui4:QtGui4.dll
 0004:00000e5c       __imp_?maximumWidth@QWidget@@QBEHXZ 1002fe5c     QtGui4:QtGui4.dll
 0004:00000e60       __imp_?maximumHeight@QWidget@@QBEHXZ 1002fe60     QtGui4:QtGui4.dll
 0004:00000e64       __imp_?setMinimumSize@QWidget@@QAEXHH@Z 1002fe64     QtGui4:QtGui4.dll
 0004:00000e68       __imp_?setMaximumSize@QWidget@@QAEXHH@Z 1002fe68     QtGui4:QtGui4.dll
 0004:00000e6c       __imp_?setMinimumWidth@QWidget@@QAEXH@Z 1002fe6c     QtGui4:QtGui4.dll
 0004:00000e70       __imp_?setMinimumHeight@QWidget@@QAEXH@Z 1002fe70     QtGui4:QtGui4.dll
 0004:00000e74       __imp_?setMaximumWidth@QWidget@@QAEXH@Z 1002fe74     QtGui4:QtGui4.dll
 0004:00000e78       __imp_?setMaximumHeight@QWidget@@QAEXH@Z 1002fe78     QtGui4:QtGui4.dll
 0004:00000e7c       __imp_?mapToGlobal@QWidget@@QBE?AVQPoint@@ABV2@@Z 1002fe7c     QtGui4:QtGui4.dll
 0004:00000e80       __imp_?setHidden@QWidget@@QAEX_N@Z 1002fe80     QtGui4:QtGui4.dll
 0004:00000e84       __imp_?showMinimized@QWidget@@QAEXXZ 1002fe84     QtGui4:QtGui4.dll
 0004:00000e88       __imp_?showMaximized@QWidget@@QAEXXZ 1002fe88     QtGui4:QtGui4.dll
 0004:00000e8c       __imp_?showNormal@QWidget@@QAEXXZ 1002fe8c     QtGui4:QtGui4.dll
 0004:00000e90       __imp_?getDC@QWidget@@UBEPAUHDC__@@XZ 1002fe90     QtGui4:QtGui4.dll
 0004:00000e94       \177QtGui4_NULL_THUNK_DATA 1002fe94     QtGui4:QtGui4.dll
 0004:00000ee8       __imp_??0QNetworkAccessManager@@QAE@PAVQObject@@@Z 1002fee8     QtNetwork4:QtNetwork4.dll
 0004:00000eec       __imp_?qt_metacast@QNetworkAccessManager@@UAEPAXPBD@Z 1002feec     QtNetwork4:QtNetwork4.dll
 0004:00000ef0       __imp_?qt_metacall@QNetworkAccessManager@@UAEHW4Call@QMetaObject@@HPAPAX@Z 1002fef0     QtNetwork4:QtNetwork4.dll
 0004:00000ef4       __imp_?metaObject@QNetworkAccessManager@@UBEPBUQMetaObject@@XZ 1002fef4     QtNetwork4:QtNetwork4.dll
 0004:00000ef8       __imp_?createRequest@QNetworkAccessManager@@MAEPAVQNetworkReply@@W4Operation@1@ABVQNetworkRequest@@PAVQIODevice@@@Z 1002fef8     QtNetwork4:QtNetwork4.dll
 0004:00000efc       __imp_?rawHeader@QNetworkReply@@QBE?AVQByteArray@@ABV2@@Z 1002fefc     QtNetwork4:QtNetwork4.dll
 0004:00000f00       __imp_??0QNetworkRequest@@QAE@ABVQUrl@@@Z 1002ff00     QtNetwork4:QtNetwork4.dll
 0004:00000f04       __imp_??1QNetworkRequest@@QAE@XZ 1002ff04     QtNetwork4:QtNetwork4.dll
 0004:00000f08       __imp_?setUrl@QNetworkRequest@@QAEXABVQUrl@@@Z 1002ff08     QtNetwork4:QtNetwork4.dll
 0004:00000f0c       __imp_?setHeader@QNetworkRequest@@QAEXW4KnownHeaders@1@ABVQVariant@@@Z 1002ff0c     QtNetwork4:QtNetwork4.dll
 0004:00000f10       __imp_??1QNetworkAccessManager@@UAE@XZ 1002ff10     QtNetwork4:QtNetwork4.dll
 0004:00000f14       __imp_?get@QNetworkAccessManager@@QAEPAVQNetworkReply@@ABVQNetworkRequest@@@Z 1002ff14     QtNetwork4:QtNetwork4.dll
 0004:00000f18       __imp_?post@QNetworkAccessManager@@QAEPAVQNetworkReply@@ABVQNetworkRequest@@ABVQByteArray@@@Z 1002ff18     QtNetwork4:QtNetwork4.dll
 0004:00000f1c       \177QtNetwork4_NULL_THUNK_DATA 1002ff1c     QtNetwork4:QtNetwork4.dll
 0004:00000f50       __imp_?previous@QSqlQuery@@QAE_NXZ 1002ff50     QtSql4:QtSql4.dll
 0004:00000f54       __imp_?next@QSqlQuery@@QAE_NXZ 1002ff54     QtSql4:QtSql4.dll
 0004:00000f58       __imp_?value@QSqlQuery@@QBE?AVQVariant@@H@Z 1002ff58     QtSql4:QtSql4.dll
 0004:00000f5c       __imp_?exec@QSqlQuery@@QAE_NABVQString@@@Z 1002ff5c     QtSql4:QtSql4.dll
 0004:00000f60       __imp_??0QSqlQuery@@QAE@ABVQString@@VQSqlDatabase@@@Z 1002ff60     QtSql4:QtSql4.dll
 0004:00000f64       __imp_??1QSqlDatabase@@QAE@XZ 1002ff64     QtSql4:QtSql4.dll
 0004:00000f68       __imp_??0QSqlDatabase@@QAE@XZ 1002ff68     QtSql4:QtSql4.dll
 0004:00000f6c       __imp_??1QSqlQuery@@QAE@XZ 1002ff6c     QtSql4:QtSql4.dll
 0004:00000f70       \177QtSql4_NULL_THUNK_DATA 1002ff70     QtSql4:QtSql4.dll
 0004:00000fa0       __imp_?qt_metacall@QWebPage@@UAEHW4Call@QMetaObject@@HPAPAX@Z 1002ffa0     QtWebKit4:QtWebKit4.dll
 0004:00000fa4       __imp_?qt_metacast@QWebPage@@UAEPAXPBD@Z 1002ffa4     QtWebKit4:QtWebKit4.dll
 0004:00000fa8       __imp_?supportsExtension@QWebPage@@UBE_NW4Extension@1@@Z 1002ffa8     QtWebKit4:QtWebKit4.dll
 0004:00000fac       __imp_?triggerAction@QWebPage@@UAEXW4WebAction@1@_N@Z 1002ffac     QtWebKit4:QtWebKit4.dll
 0004:00000fb0       __imp_?userAgentForUrl@QWebPage@@MBE?AVQString@@ABVQUrl@@@Z 1002ffb0     QtWebKit4:QtWebKit4.dll
 0004:00000fb4       __imp_??1MimeType@QWebPluginFactory@@QAE@XZ 1002ffb4     QtWebKit4:QtWebKit4.dll
 0004:00000fb8       __imp_??0MimeType@QWebPluginFactory@@QAE@ABU01@@Z 1002ffb8     QtWebKit4:QtWebKit4.dll
 0004:00000fbc       __imp_??0QWebPluginFactory@@QAE@PAVQObject@@@Z 1002ffbc     QtWebKit4:QtWebKit4.dll
 0004:00000fc0       __imp_??1QWebPluginFactory@@UAE@XZ 1002ffc0     QtWebKit4:QtWebKit4.dll
 0004:00000fc4       __imp_?refreshPlugins@QWebPluginFactory@@UAEXXZ 1002ffc4     QtWebKit4:QtWebKit4.dll
 0004:00000fc8       __imp_?clearMemoryCaches@QWebSettings@@SAXXZ 1002ffc8     QtWebKit4:QtWebKit4.dll
 0004:00000fcc       __imp_?mainFrame@QWebPage@@QBEPAVQWebFrame@@XZ 1002ffcc     QtWebKit4:QtWebKit4.dll
 0004:00000fd0       __imp_?toHtml@QWebFrame@@QBE?AVQString@@XZ 1002ffd0     QtWebKit4:QtWebKit4.dll
 0004:00000fd4       __imp_?evaluateJavaScript@QWebFrame@@QAE?AVQVariant@@ABVQString@@@Z 1002ffd4     QtWebKit4:QtWebKit4.dll
 0004:00000fd8       __imp_?setHtml@QWebView@@QAEXABVQString@@ABVQUrl@@@Z 1002ffd8     QtWebKit4:QtWebKit4.dll
 0004:00000fdc       __imp_?stop@QWebView@@QAEXXZ 1002ffdc     QtWebKit4:QtWebKit4.dll
 0004:00000fe0       __imp_?reload@QWebView@@QAEXXZ 1002ffe0     QtWebKit4:QtWebKit4.dll
 0004:00000fe4       __imp_?addToJavaScriptWindowObject@QWebFrame@@QAEXABVQString@@PAVQObject@@@Z 1002ffe4     QtWebKit4:QtWebKit4.dll
 0004:00000fe8       __imp_?qt_metacast@QWebView@@UAEPAXPBD@Z 1002ffe8     QtWebKit4:QtWebKit4.dll
 0004:00000fec       __imp_?qt_metacall@QWebView@@UAEHW4Call@QMetaObject@@HPAPAX@Z 1002ffec     QtWebKit4:QtWebKit4.dll
 0004:00000ff0       __imp_?staticMetaObject@QWebView@@2UQMetaObject@@B 1002fff0     QtWebKit4:QtWebKit4.dll
 0004:00000ff4       __imp_?qt_metacast@QWebPluginFactory@@UAEPAXPBD@Z 1002fff4     QtWebKit4:QtWebKit4.dll
 0004:00000ff8       __imp_?qt_metacall@QWebPluginFactory@@UAEHW4Call@QMetaObject@@HPAPAX@Z 1002fff8     QtWebKit4:QtWebKit4.dll
 0004:00000ffc       __imp_?metaObject@QWebPage@@UBEPBUQMetaObject@@XZ 1002fffc     QtWebKit4:QtWebKit4.dll
 0004:00001000       __imp_?javaScriptPrompt@QWebPage@@MAE_NPAVQWebFrame@@ABVQString@@1PAV3@@Z 10030000     QtWebKit4:QtWebKit4.dll
 0004:00001004       __imp_?mouseMoveEvent@QWebView@@MAEXPAVQMouseEvent@@@Z 10030004     QtWebKit4:QtWebKit4.dll
 0004:00001008       __imp_?javaScriptConsoleMessage@QWebPage@@MAEXABVQString@@H0@Z 10030008     QtWebKit4:QtWebKit4.dll
 0004:0000100c       __imp_?mouseDoubleClickEvent@QWebView@@MAEXPAVQMouseEvent@@@Z 1003000c     QtWebKit4:QtWebKit4.dll
 0004:00001010       __imp_?keyReleaseEvent@QWebView@@MAEXPAVQKeyEvent@@@Z 10030010     QtWebKit4:QtWebKit4.dll
 0004:00001014       __imp_?keyPressEvent@QWebView@@MAEXPAVQKeyEvent@@@Z 10030014     QtWebKit4:QtWebKit4.dll
 0004:00001018       __imp_?inputMethodQuery@QWebView@@UBE?AVQVariant@@W4InputMethodQuery@Qt@@@Z 10030018     QtWebKit4:QtWebKit4.dll
 0004:0000101c       __imp_?inputMethodEvent@QWebView@@MAEXPAVQInputMethodEvent@@@Z 1003001c     QtWebKit4:QtWebKit4.dll
 0004:00001020       __imp_?focusOutEvent@QWebView@@MAEXPAVQFocusEvent@@@Z 10030020     QtWebKit4:QtWebKit4.dll
 0004:00001024       __imp_?focusNextPrevChild@QWebView@@MAE_N_N@Z 10030024     QtWebKit4:QtWebKit4.dll
 0004:00001028       __imp_?focusInEvent@QWebView@@MAEXPAVQFocusEvent@@@Z 10030028     QtWebKit4:QtWebKit4.dll
 0004:0000102c       __imp_?dropEvent@QWebView@@MAEXPAVQDropEvent@@@Z 1003002c     QtWebKit4:QtWebKit4.dll
 0004:00001030       __imp_?dragMoveEvent@QWebView@@MAEXPAVQDragMoveEvent@@@Z 10030030     QtWebKit4:QtWebKit4.dll
 0004:00001034       __imp_?dragLeaveEvent@QWebView@@MAEXPAVQDragLeaveEvent@@@Z 10030034     QtWebKit4:QtWebKit4.dll
 0004:00001038       __imp_?dragEnterEvent@QWebView@@MAEXPAVQDragEnterEvent@@@Z 10030038     QtWebKit4:QtWebKit4.dll
 0004:0000103c       __imp_?createWindow@QWebView@@MAEPAV1@W4WebWindowType@QWebPage@@@Z 1003003c     QtWebKit4:QtWebKit4.dll
 0004:00001040       __imp_?contextMenuEvent@QWebView@@MAEXPAVQContextMenuEvent@@@Z 10030040     QtWebKit4:QtWebKit4.dll
 0004:00001044       __imp_?changeEvent@QWebView@@MAEXPAVQEvent@@@Z 10030044     QtWebKit4:QtWebKit4.dll
 0004:00001048       __imp_?event@QWebView@@UAE_NPAVQEvent@@@Z 10030048     QtWebKit4:QtWebKit4.dll
 0004:0000104c       __imp_?setRenderHints@QWebView@@QAEXV?$QFlags@W4RenderHint@QPainter@@@@@Z 1003004c     QtWebKit4:QtWebKit4.dll
 0004:00001050       __imp_?page@QWebView@@QBEPAVQWebPage@@XZ 10030050     QtWebKit4:QtWebKit4.dll
 0004:00001054       __imp_??1QWebView@@UAE@XZ  10030054     QtWebKit4:QtWebKit4.dll
 0004:00001058       __imp_??0QWebView@@QAE@PAVQWidget@@@Z 10030058     QtWebKit4:QtWebKit4.dll
 0004:0000105c       __imp_?setLinkDelegationPolicy@QWebPage@@QAEXW4LinkDelegationPolicy@1@@Z 1003005c     QtWebKit4:QtWebKit4.dll
 0004:00001060       __imp_?setPluginFactory@QWebPage@@QAEXPAVQWebPluginFactory@@@Z 10030060     QtWebKit4:QtWebKit4.dll
 0004:00001064       __imp_?javaScriptConfirm@QWebPage@@MAE_NPAVQWebFrame@@ABVQString@@@Z 10030064     QtWebKit4:QtWebKit4.dll
 0004:00001068       __imp_?javaScriptAlert@QWebPage@@MAEXPAVQWebFrame@@ABVQString@@@Z 10030068     QtWebKit4:QtWebKit4.dll
 0004:0000106c       __imp_?extension@QWebPage@@UAE_NW4Extension@1@PBVExtensionOption@1@PAVExtensionReturn@1@@Z 1003006c     QtWebKit4:QtWebKit4.dll
 0004:00001070       __imp_?event@QWebPage@@UAE_NPAVQEvent@@@Z 10030070     QtWebKit4:QtWebKit4.dll
 0004:00001074       __imp_?createWindow@QWebPage@@MAEPAV1@W4WebWindowType@1@@Z 10030074     QtWebKit4:QtWebKit4.dll
 0004:00001078       __imp_?createPlugin@QWebPage@@MAEPAVQObject@@ABVQString@@ABVQUrl@@ABVQStringList@@2@Z 10030078     QtWebKit4:QtWebKit4.dll
 0004:0000107c       __imp_?chooseFile@QWebPage@@MAE?AVQString@@PAVQWebFrame@@ABV2@@Z 1003007c     QtWebKit4:QtWebKit4.dll
 0004:00001080       __imp_?acceptNavigationRequest@QWebPage@@MAE_NPAVQWebFrame@@ABVQNetworkRequest@@W4NavigationType@1@@Z 10030080     QtWebKit4:QtWebKit4.dll
 0004:00001084       __imp_??1QWebPage@@UAE@XZ  10030084     QtWebKit4:QtWebKit4.dll
 0004:00001088       __imp_??0QWebPage@@QAE@PAVQObject@@@Z 10030088     QtWebKit4:QtWebKit4.dll
 0004:0000108c       __imp_?setUrl@QWebView@@QAEXABVQUrl@@@Z 1003008c     QtWebKit4:QtWebKit4.dll
 0004:00001090       __imp_?enablePersistentStorage@QWebSettings@@SAXABVQString@@@Z 10030090     QtWebKit4:QtWebKit4.dll
 0004:00001094       __imp_?setAttribute@QWebSettings@@QAEXW4WebAttribute@1@_N@Z 10030094     QtWebKit4:QtWebKit4.dll
 0004:00001098       __imp_?globalSettings@QWebSettings@@SAPAV1@XZ 10030098     QtWebKit4:QtWebKit4.dll
 0004:0000109c       __imp_?wheelEvent@QWebView@@MAEXPAVQWheelEvent@@@Z 1003009c     QtWebKit4:QtWebKit4.dll
 0004:000010a0       __imp_?sizeHint@QWebView@@UBE?AVQSize@@XZ 100300a0     QtWebKit4:QtWebKit4.dll
 0004:000010a4       __imp_?resizeEvent@QWebView@@MAEXPAVQResizeEvent@@@Z 100300a4     QtWebKit4:QtWebKit4.dll
 0004:000010a8       __imp_?paintEvent@QWebView@@MAEXPAVQPaintEvent@@@Z 100300a8     QtWebKit4:QtWebKit4.dll
 0004:000010ac       __imp_?mouseReleaseEvent@QWebView@@MAEXPAVQMouseEvent@@@Z 100300ac     QtWebKit4:QtWebKit4.dll
 0004:000010b0       __imp_?staticMetaObject@QWebPluginFactory@@2UQMetaObject@@B 100300b0     QtWebKit4:QtWebKit4.dll
 0004:000010b4       __imp_?mousePressEvent@QWebView@@MAEXPAVQMouseEvent@@@Z 100300b4     QtWebKit4:QtWebKit4.dll
 0004:000010b8       \177QtWebKit4_NULL_THUNK_DATA 100300b8     QtWebKit4:QtWebKit4.dll
 0004:0000111c       __imp__ReleaseCapture@0    1003011c     user32:USER32.dll
 0004:00001120       __imp__SendMessageW@16     10030120     user32:USER32.dll
 0004:00001124       \177USER32_NULL_THUNK_DATA 10030124     user32:USER32.dll

 entry point at        0001:0001743e

